Archive member included to satisfy reference by file (symbol)

app/libapp.a(main.c.obj)      (--whole-archive)
zephyr/libzephyr.a(cbprintf_packaged.c.obj)
                              (--whole-archive)
zephyr/libzephyr.a(dec.c.obj)
                              (--whole-archive)
zephyr/libzephyr.a(fdtable.c.obj)
                              (--whole-archive)
zephyr/libzephyr.a(hex.c.obj)
                              (--whole-archive)
zephyr/libzephyr.a(printk.c.obj)
                              (--whole-archive)
zephyr/libzephyr.a(rb.c.obj)  (--whole-archive)
zephyr/libzephyr.a(sem.c.obj)
                              (--whole-archive)
zephyr/libzephyr.a(thread_entry.c.obj)
                              (--whole-archive)
zephyr/libzephyr.a(timeutil.c.obj)
                              (--whole-archive)
zephyr/libzephyr.a(heap.c.obj)
                              (--whole-archive)
zephyr/libzephyr.a(heap-validate.c.obj)
                              (--whole-archive)
zephyr/libzephyr.a(bitarray.c.obj)
                              (--whole-archive)
zephyr/libzephyr.a(multi_heap.c.obj)
                              (--whole-archive)
zephyr/libzephyr.a(onoff.c.obj)
                              (--whole-archive)
zephyr/libzephyr.a(notify.c.obj)
                              (--whole-archive)
zephyr/libzephyr.a(crc32c_sw.c.obj)
                              (--whole-archive)
zephyr/libzephyr.a(crc32_sw.c.obj)
                              (--whole-archive)
zephyr/libzephyr.a(crc16_sw.c.obj)
                              (--whole-archive)
zephyr/libzephyr.a(crc8_sw.c.obj)
                              (--whole-archive)
zephyr/libzephyr.a(crc7_sw.c.obj)
                              (--whole-archive)
zephyr/libzephyr.a(cbprintf_complete.c.obj)
                              (--whole-archive)
zephyr/libzephyr.a(cbprintf.c.obj)
                              (--whole-archive)
zephyr/libzephyr.a(assert.c.obj)
                              (--whole-archive)
zephyr/libzephyr.a(reboot.c.obj)
                              (--whole-archive)
zephyr/libzephyr.a(configs.c.obj)
                              (--whole-archive)
zephyr/libzephyr.a(soc.c.obj)
                              (--whole-archive)
zephyr/libzephyr.a(power.c.obj)
                              (--whole-archive)
zephyr/libzephyr.a(soc_nrf_common.S.obj)
                              (--whole-archive)
zephyr/libzephyr.a(soc_secure.c.obj)
                              (--whole-archive)
zephyr/libzephyr.a(validate_base_addresses.c.obj)
                              (--whole-archive)
zephyr/libzephyr.a(validate_enabled_instances.c.obj)
                              (--whole-archive)
zephyr/libzephyr.a(pm.c.obj)  (--whole-archive)
zephyr/libzephyr.a(policy.c.obj)
                              (--whole-archive)
zephyr/libzephyr.a(state.c.obj)
                              (--whole-archive)
zephyr/libzephyr.a(tracing_none.c.obj)
                              (--whole-archive)
zephyr/libzephyr.a(addr_utils.c.obj)
                              (--whole-archive)
zephyr/libzephyr.a(getaddrinfo.c.obj)
                              (--whole-archive)
zephyr/libzephyr.a(sockets.c.obj)
                              (--whole-archive)
zephyr/libzephyr.a(sockets_select.c.obj)
                              (--whole-archive)
zephyr/libzephyr.a(socket_offload.c.obj)
                              (--whole-archive)
zephyr/libzephyr.a(flash_map_partition_manager.c.obj)
                              (--whole-archive)
zephyr/arch/common/libarch__common.a(sw_isr_common.c.obj)
                              (--whole-archive)
zephyr/arch/arch/arm/core/aarch32/libarch__arm__core__aarch32.a(cpu_idle.S.obj)
                              (--whole-archive)
zephyr/arch/arch/arm/core/aarch32/libarch__arm__core__aarch32.a(fatal.c.obj)
                              (--whole-archive)
zephyr/arch/arch/arm/core/aarch32/libarch__arm__core__aarch32.a(irq_manage.c.obj)
                              (--whole-archive)
zephyr/arch/arch/arm/core/aarch32/libarch__arm__core__aarch32.a(nmi.c.obj)
                              (--whole-archive)
zephyr/arch/arch/arm/core/aarch32/libarch__arm__core__aarch32.a(nmi_on_reset.S.obj)
                              (--whole-archive)
zephyr/arch/arch/arm/core/aarch32/libarch__arm__core__aarch32.a(prep_c.c.obj)
                              (--whole-archive)
zephyr/arch/arch/arm/core/aarch32/libarch__arm__core__aarch32.a(swap.c.obj)
                              (--whole-archive)
zephyr/arch/arch/arm/core/aarch32/libarch__arm__core__aarch32.a(swap_helper.S.obj)
                              (--whole-archive)
zephyr/arch/arch/arm/core/aarch32/libarch__arm__core__aarch32.a(thread.c.obj)
                              (--whole-archive)
zephyr/arch/arch/arm/core/aarch32/libarch__arm__core__aarch32.a(isr_wrapper.S.obj)
                              (--whole-archive)
zephyr/arch/arch/arm/core/aarch32/cortex_m/libarch__arm__core__aarch32__cortex_m.a(exc_exit.S.obj)
[...]
Memory Configuration

Name             Origin             Length             Attributes
FLASH            0x0000000000008000 0x00000000000f8000 xr
RAM              0x000000002000c568 0x0000000000033a98 xw
IDT_LIST         0x00000000fffff7ff 0x0000000000000800 xw
*default*        0x0000000000000000 0xffffffffffffffff

Linker script and memory map

LOAD zephyr/CMakeFiles/zephyr_final.dir/misc/empty_file.c.obj
LOAD zephyr/CMakeFiles/zephyr_final.dir/dev_handles.c.obj
LOAD zephyr/CMakeFiles/zephyr_final.dir/isr_tables.c.obj
                0x0000000000000020                _region_min_align = 0x20

.rel.plt        0x0000000000008000        0x0
 *(SORT_BY_ALIGNMENT(.rel.plt))
                [!provide]                        PROVIDE (__rel_iplt_start = .)
 *(SORT_BY_ALIGNMENT(.rel.iplt))
 .rel.iplt      0x0000000000008000        0x0 zephyr/CMakeFiles/zephyr_final.dir/isr_tables.c.obj
                [!provide]                        PROVIDE (__rel_iplt_end = .)

.rela.plt       0x0000000000000000        0x0
 *(SORT_BY_ALIGNMENT(.rela.plt))
                [!provide]                        PROVIDE (__rela_iplt_start = .)
 *(SORT_BY_ALIGNMENT(.rela.iplt))
                [!provide]                        PROVIDE (__rela_iplt_end = .)

.rel.dyn
 *(SORT_BY_ALIGNMENT(.rel.*))

.rela.dyn
 *(SORT_BY_ALIGNMENT(.rela.*))

/DISCARD/
 *(SORT_BY_ALIGNMENT(.plt))

/DISCARD/
 *(SORT_BY_ALIGNMENT(.iplt))
                0x0000000000008000                __rom_region_start = 0x8000

rom_start       0x0000000000008000      0x144
                0x0000000000000000                . = 0x0
                0x0000000000000000                . = ALIGN (0x4)
                0x0000000000000000                . = ALIGN (0x80)
                0x0000000000000000                . = ALIGN (0x200)
                0x0000000000008000                _vector_start = .
 *(SORT_BY_ALIGNMENT(.exc_vector_table))
 *(SORT_BY_ALIGNMENT(.exc_vector_table.*))
 .exc_vector_table._vector_table_section
                0x0000000000008000       0x40 zephyr/arch/arch/arm/core/aarch32/cortex_m/libarch__arm__core__aarch32__cortex_m.a(vector_table.S.obj)
                0x0000000000008000                _vector_table
 *(SORT_BY_ALIGNMENT(.vectors))
                0x0000000000008144                _vector_end = .
                0x0000000000008040                . = ALIGN (0x4)
 *(SORT_BY_ALIGNMENT(.gnu.linkonce.irq_vector_table*))
 .gnu.linkonce.irq_vector_table
                0x0000000000008040      0x104 zephyr/CMakeFiles/zephyr_final.dir/isr_tables.c.obj
                0x0000000000008040                _irq_vector_table
                0x0000000000008144                _vector_end = .

text            0x0000000000008144     0xc768
                0x0000000000008144                __text_region_start = .
 *(SORT_BY_ALIGNMENT(.text))
 .text          0x0000000000008144       0x30 c:/ncs/toolchains/31f4403e35/opt/zephyr-sdk/arm-zephyr-eabi/bin/../lib/gcc/arm-zephyr-eabi/12.2.0/thumb/v8-m.main/nofp\libgcc.a(_aeabi_uldivmod.o)
                0x0000000000008144                __aeabi_uldivmod
 .text          0x0000000000008174        0x4 c:/ncs/toolchains/31f4403e35/opt/zephyr-sdk/arm-zephyr-eabi/bin/../lib/gcc/arm-zephyr-eabi/12.2.0/thumb/v8-m.main/nofp\libgcc.a(_dvmd_tls.o)
                0x0000000000008174                __aeabi_idiv0
                0x0000000000008174                __aeabi_ldiv0
 .text          0x0000000000008178      0x29c c:/ncs/toolchains/31f4403e35/opt/zephyr-sdk/arm-zephyr-eabi/bin/../lib/gcc/arm-zephyr-eabi/12.2.0/thumb/v8-m.main/nofp\libgcc.a(_udivmoddi4.o)
                0x0000000000008178                __udivmoddi4
 .text          0x0000000000008414       0x10 C:/ncs/toolchains/31f4403e35/opt/zephyr-sdk/arm-zephyr-eabi/arm-zephyr-eabi/lib/thumb/v8-m.main/nofp\libc_nano.a(lib_a-strlen.o)
                0x0000000000008414                strlen
 *(SORT_BY_ALIGNMENT(.text.*))
 .text.enable_xtal
                0x0000000000008424       0x20 app/libapp.a(main.c.obj)
                0x0000000000008424                enable_xtal
 .text.myModem_SendCommandPrintResponse
                0x0000000000008444       0x34 app/libapp.a(main.c.obj)
                0x0000000000008444                myModem_SendCommandPrintResponse
 .text.main     0x0000000000008478       0x98 app/libapp.a(main.c.obj)
                0x0000000000008478                main
 .text.z_reserve_fd
                0x0000000000008510       0x6c zephyr/libzephyr.a(fdtable.c.obj)
                0x0000000000008510                z_reserve_fd
 .text.z_finalize_fd
                0x000000000000857c       0x30 zephyr/libzephyr.a(fdtable.c.obj)
                0x000000000000857c                z_finalize_fd
 .text.z_free_fd
                0x00000000000085ac       0x3c zephyr/libzephyr.a(fdtable.c.obj)
                0x00000000000085ac                z_free_fd
 .text.char_out
                0x00000000000085e8        0xc zephyr/libzephyr.a(printk.c.obj)
 .text.__printk_hook_install
                0x00000000000085f4        0xc zephyr/libzephyr.a(printk.c.obj)
                0x00000000000085f4                __printk_hook_install
 .text.vprintk  0x0000000000008600       0x1c zephyr/libzephyr.a(printk.c.obj)
                0x0000000000008600                vprintk
 .text.sys_heap_free
                0x000000000000861c       0x8c zephyr/libzephyr.a(heap.c.obj)
                0x000000000000861c                sys_heap_free
 .text.sys_heap_aligned_alloc
                0x00000000000086a8      0x104 zephyr/libzephyr.a(heap.c.obj)
                0x00000000000086a8                sys_heap_aligned_alloc
 .text.sys_heap_init
                0x00000000000087ac      0x11c zephyr/libzephyr.a(heap.c.obj)
                0x00000000000087ac                sys_heap_init
 .text.process_event
                0x00000000000088c8      0x3a8 zephyr/libzephyr.a(onoff.c.obj)
 .text.transition_complete
                0x0000000000008c70       0x64 zephyr/libzephyr.a(onoff.c.obj)
 .text.onoff_request
                0x0000000000008cd4      0x130 zephyr/libzephyr.a(onoff.c.obj)
                0x0000000000008cd4                onoff_request
 .text.sys_notify_finalize
                0x0000000000008e04       0x58 zephyr/libzephyr.a(notify.c.obj)
                0x0000000000008e04                sys_notify_finalize
 .text.extract_decimal
                0x0000000000008e5c       0x2c zephyr/libzephyr.a(cbprintf_complete.c.obj)
 .text.encode_uint
                0x0000000000008e88       0x98 zephyr/libzephyr.a(cbprintf_complete.c.obj)
 .text.z_cbvprintf_impl
                0x0000000000008f20      0x754 zephyr/libzephyr.a(cbprintf_complete.c.obj)
                0x0000000000008f20                z_cbvprintf_impl
 .text.nordicsemi_nrf91_init
                0x0000000000009674       0x28 zephyr/libzephyr.a(soc.c.obj)
 .text.arch_busy_wait
                0x000000000000969c       0x14 zephyr/libzephyr.a(soc.c.obj)
                0x000000000000969c                arch_busy_wait
 .text.z_arm_platform_init
                0x00000000000096b0        0x4 zephyr/libzephyr.a(soc_nrf_common.S.obj)
                0x00000000000096b0                z_arm_platform_init
 .text.pm_state_notify
                0x00000000000096b4       0xc0 zephyr/libzephyr.a(pm.c.obj)
 .text.pm_system_resume
                0x0000000000009774       0x70 zephyr/libzephyr.a(pm.c.obj)
                0x0000000000009774                pm_system_resume
 .text.pm_system_suspend
                0x00000000000097e4      0x154 zephyr/libzephyr.a(pm.c.obj)
                0x00000000000097e4                pm_system_suspend
 .text.pm_policy_next_state
                0x0000000000009938       0x94 zephyr/libzephyr.a(policy.c.obj)
                0x0000000000009938                pm_policy_next_state
 .text.pm_state_cpu_get_all
                0x00000000000099cc       0x10 zephyr/libzephyr.a(state.c.obj)
                0x00000000000099cc                pm_state_cpu_get_all
 .text.z_impl_zsock_socket
                0x00000000000099dc       0xa0 zephyr/libzephyr.a(sockets.c.obj)
                0x00000000000099dc                z_impl_zsock_socket
 .text.socket_offload_dns_register
                0x0000000000009a7c       0x48 zephyr/libzephyr.a(socket_offload.c.obj)
                0x0000000000009a7c                socket_offload_dns_register
 .text.z_arm_cpu_idle_init
                0x0000000000009ac4        0xc zephyr/arch/arch/arm/core/aarch32/libarch__arm__core__aarch32.a(cpu_idle.S.obj)
                0x0000000000009ac4                z_arm_cpu_idle_init
 .text.arch_cpu_idle
                0x0000000000009ad0       0x1c zephyr/arch/arch/arm/core/aarch32/libarch__arm__core__aarch32.a(cpu_idle.S.obj)
                0x0000000000009ad0                arch_cpu_idle
 .text.arch_cpu_atomic_idle
                0x0000000000009aec       0x18 zephyr/arch/arch/arm/core/aarch32/libarch__arm__core__aarch32.a(cpu_idle.S.obj)
                0x0000000000009aec                arch_cpu_atomic_idle
 .text.arch_irq_enable
                0x0000000000009b04       0x1c zephyr/arch/arch/arm/core/aarch32/libarch__arm__core__aarch32.a(irq_manage.c.obj)
                0x0000000000009b04                arch_irq_enable
 .text.arch_irq_is_enabled
                0x0000000000009b20       0x1c zephyr/arch/arch/arm/core/aarch32/libarch__arm__core__aarch32.a(irq_manage.c.obj)
                0x0000000000009b20                arch_irq_is_enabled
 .text.z_arm_irq_priority_set
                0x0000000000009b3c       0x64 zephyr/arch/arch/arm/core/aarch32/libarch__arm__core__aarch32.a(irq_manage.c.obj)
                0x0000000000009b3c                z_arm_irq_priority_set
 .text.z_SysNmiOnReset
                0x0000000000009ba0        0x8 zephyr/arch/arch/arm/core/aarch32/libarch__arm__core__aarch32.a(nmi_on_reset.S.obj)
                0x0000000000009ba0                z_SysNmiOnReset
 .text.z_arm_prep_c
                0x0000000000009ba8       0x38 zephyr/arch/arch/arm/core/aarch32/libarch__arm__core__aarch32.a(prep_c.c.obj)
                0x0000000000009ba8                z_arm_prep_c
 .text.arch_swap
                0x0000000000009be0       0x34 zephyr/arch/arch/arm/core/aarch32/libarch__arm__core__aarch32.a(swap.c.obj)
                0x0000000000009be0                arch_swap
 .text.z_arm_pendsv
                0x0000000000009c14       0x60 zephyr/arch/arch/arm/core/aarch32/libarch__arm__core__aarch32.a(swap_helper.S.obj)
                0x0000000000009c14                z_arm_pendsv
 .text.z_arm_svc
                0x0000000000009c74       0x20 zephyr/arch/arch/arm/core/aarch32/libarch__arm__core__aarch32.a(swap_helper.S.obj)
                0x0000000000009c74                z_arm_svc
 .text.arch_new_thread
                0x0000000000009c94       0x40 zephyr/arch/arch/arm/core/aarch32/libarch__arm__core__aarch32.a(thread.c.obj)
                0x0000000000009c94                arch_new_thread
 .text.arch_switch_to_main_thread
                0x0000000000009cd4       0x28 zephyr/arch/arch/arm/core/aarch32/libarch__arm__core__aarch32.a(thread.c.obj)
                0x0000000000009cd4                arch_switch_to_main_thread
 .text._isr_wrapper
                0x0000000000009cfc       0x40 zephyr/arch/arch/arm/core/aarch32/libarch__arm__core__aarch32.a(isr_wrapper.S.obj)
                0x0000000000009cfc                _isr_wrapper
 .text._HandlerModeExit
                0x0000000000009d3c       0x1c zephyr/arch/arch/arm/core/aarch32/cortex_m/libarch__arm__core__aarch32__cortex_m.a(exc_exit.S.obj)
                0x0000000000009d3c                z_arm_int_exit
                0x0000000000009d3c                z_arm_exc_exit
 .text.usage_fault.constprop.0
                0x0000000000009d58       0x5c zephyr/arch/arch/arm/core/aarch32/cortex_m/libarch__arm__core__aarch32__cortex_m.a(fault.c.obj)
 .text.bus_fault.constprop.0
                0x0000000000009db4       0x6c zephyr/arch/arch/arm/core/aarch32/cortex_m/libarch__arm__core__aarch32__cortex_m.a(fault.c.obj)
 .text.mem_manage_fault.constprop.0
                0x0000000000009e20       0xb0 zephyr/arch/arch/arm/core/aarch32/cortex_m/libarch__arm__core__aarch32__cortex_m.a(fault.c.obj)
 .text.z_arm_fault
                0x0000000000009ed0      0x19c zephyr/arch/arch/arm/core/aarch32/cortex_m/libarch__arm__core__aarch32__cortex_m.a(fault.c.obj)
                0x0000000000009ed0                z_arm_fault
 .text.z_arm_fault_init
                0x000000000000a06c       0x18 zephyr/arch/arch/arm/core/aarch32/cortex_m/libarch__arm__core__aarch32__cortex_m.a(fault.c.obj)
                0x000000000000a06c                z_arm_fault_init
 .text.__fault  0x000000000000a084       0x14 zephyr/arch/arch/arm/core/aarch32/cortex_m/libarch__arm__core__aarch32__cortex_m.a(fault_s.S.obj)
                0x000000000000a084                z_arm_usage_fault
                0x000000000000a084                z_arm_mpu_fault
                0x000000000000a084                z_arm_exc_spurious
                0x000000000000a084                z_arm_debug_monitor
                0x000000000000a084                z_arm_hard_fault
                0x000000000000a084                z_arm_bus_fault
 .text.z_arm_interrupt_init
                0x000000000000a098       0x18 zephyr/arch/arch/arm/core/aarch32/cortex_m/libarch__arm__core__aarch32__cortex_m.a(irq_init.c.obj)
                0x000000000000a098                z_arm_interrupt_init
 .text._reset_section
                0x000000000000a0b0       0x60 zephyr/arch/arch/arm/core/aarch32/cortex_m/libarch__arm__core__aarch32__cortex_m.a(reset.S.obj)
                0x000000000000a0b0                __start
                0x000000000000a0b0                z_arm_reset
 .text.sys_arch_reboot
                0x000000000000a110       0x24 zephyr/arch/arch/arm/core/aarch32/cortex_m/libarch__arm__core__aarch32__cortex_m.a(scb.c.obj)
                0x000000000000a110                sys_arch_reboot
 .text.z_arm_clear_arm_mpu_config
                0x000000000000a134       0x24 zephyr/arch/arch/arm/core/aarch32/cortex_m/libarch__arm__core__aarch32__cortex_m.a(scb.c.obj)
                0x000000000000a134                z_arm_clear_arm_mpu_config
 .text.z_arm_init_arch_hw_at_boot
                0x000000000000a158       0x4c zephyr/arch/arch/arm/core/aarch32/cortex_m/libarch__arm__core__aarch32__cortex_m.a(scb.c.obj)
                0x000000000000a158                z_arm_init_arch_hw_at_boot
 .text.z_impl_k_thread_abort
                0x000000000000a1a4       0x2c zephyr/arch/arch/arm/core/aarch32/cortex_m/libarch__arm__core__aarch32__cortex_m.a(thread_abort.c.obj)
                0x000000000000a1a4                z_impl_k_thread_abort
 .text.z_arm_configure_static_mpu_regions
                0x000000000000a1d0       0x38 zephyr/arch/arch/arm/core/aarch32/mpu/libarch__arm__core__aarch32__mpu.a(arm_core_mpu.c.obj)
                0x000000000000a1d0                z_arm_configure_static_mpu_regions
 .text.region_init
                0x000000000000a208       0x34 zephyr/arch/arch/arm/core/aarch32/mpu/libarch__arm__core__aarch32__mpu.a(arm_mpu.c.obj)
 .text.mpu_configure_regions_and_partition.constprop.0
                0x000000000000a23c      0x14c zephyr/arch/arch/arm/core/aarch32/mpu/libarch__arm__core__aarch32__mpu.a(arm_mpu.c.obj)
 .text.arm_core_mpu_enable
                0x000000000000a388       0x18 zephyr/arch/arch/arm/core/aarch32/mpu/libarch__arm__core__aarch32__mpu.a(arm_mpu.c.obj)
                0x000000000000a388                arm_core_mpu_enable
 .text.arm_core_mpu_disable
                0x000000000000a3a0       0x14 zephyr/arch/arch/arm/core/aarch32/mpu/libarch__arm__core__aarch32__mpu.a(arm_mpu.c.obj)
                0x000000000000a3a0                arm_core_mpu_disable
 .text.arm_core_mpu_configure_static_mpu_regions
                0x000000000000a3b4       0x48 zephyr/arch/arch/arm/core/aarch32/mpu/libarch__arm__core__aarch32__mpu.a(arm_mpu.c.obj)
                0x000000000000a3b4                arm_core_mpu_configure_static_mpu_regions
 .text.arm_core_mpu_mark_areas_for_dynamic_regions
                0x000000000000a3fc       0xe8 zephyr/arch/arch/arm/core/aarch32/mpu/libarch__arm__core__aarch32__mpu.a(arm_mpu.c.obj)
                0x000000000000a3fc                arm_core_mpu_mark_areas_for_dynamic_regions
 .text.z_arm_mpu_init
                0x000000000000a4e4       0xa8 zephyr/arch/arch/arm/core/aarch32/mpu/libarch__arm__core__aarch32__mpu.a(arm_mpu.c.obj)
                0x000000000000a4e4                z_arm_mpu_init
 .text.malloc_prepare
                0x000000000000a58c       0x44 zephyr/lib/libc/newlib/liblib__libc__newlib.a(libc-hooks.c.obj)
 .text.__stdout_hook_install
                0x000000000000a5d0        0xc zephyr/lib/libc/newlib/liblib__libc__newlib.a(libc-hooks.c.obj)
                0x000000000000a5d0                __stdout_hook_install
 .text._sbrk    0x000000000000a5dc       0x28 zephyr/lib/libc/newlib/liblib__libc__newlib.a(libc-hooks.c.obj)
                0x000000000000a5dc                sbrk
                0x000000000000a5dc                _sbrk
 .text.__retarget_lock_acquire_recursive
                0x000000000000a604       0x38 zephyr/lib/libc/newlib/liblib__libc__newlib.a(libc-hooks.c.obj)
                0x000000000000a604                __retarget_lock_acquire_recursive
 .text.__retarget_lock_release_recursive
                0x000000000000a63c       0x30 zephyr/lib/libc/newlib/liblib__libc__newlib.a(libc-hooks.c.obj)
                0x000000000000a63c                __retarget_lock_release_recursive
 .text.net_if_flag_set
                0x000000000000a66c       0x4c zephyr/subsys/net/ip/libsubsys__net__ip.a(net_if.c.obj)
 .text.net_if_flag_clear
                0x000000000000a6b8       0x50 zephyr/subsys/net/ip/libsubsys__net__ip.a(net_if.c.obj)
 .text.k_mutex_lock.constprop.0.isra.0
                0x000000000000a708       0x10 zephyr/subsys/net/ip/libsubsys__net__ip.a(net_if.c.obj)
 .text.k_mutex_unlock.constprop.0.isra.0
                0x000000000000a718        0xc zephyr/subsys/net/ip/libsubsys__net__ip.a(net_if.c.obj)
 .text.update_operational_state
                0x000000000000a724       0xb4 zephyr/subsys/net/ip/libsubsys__net__ip.a(net_if.c.obj)
 .text.net_if_flag_test_and_set
                0x000000000000a7d8       0x58 zephyr/subsys/net/ip/libsubsys__net__ip.a(net_if.c.obj)
 .text.net_if_init
                0x000000000000a830       0x7c zephyr/subsys/net/ip/libsubsys__net__ip.a(net_if.c.obj)
                0x000000000000a830                net_if_init
 .text.net_if_post_init
                0x000000000000a8ac       0x58 zephyr/subsys/net/ip/libsubsys__net__ip.a(net_if.c.obj)
                0x000000000000a8ac                net_if_post_init
 .text.onoff_start
                0x000000000000a904       0x3c zephyr/drivers/clock_control/libdrivers__clock_control.a(clock_control_nrf.c.obj)
 .text.get_status
                0x000000000000a940       0x38 zephyr/drivers/clock_control/libdrivers__clock_control.a(clock_control_nrf.c.obj)
 .text.stop     0x000000000000a978       0x7c zephyr/drivers/clock_control/libdrivers__clock_control.a(clock_control_nrf.c.obj)
 .text.onoff_stop
                0x000000000000a9f4       0x28 zephyr/drivers/clock_control/libdrivers__clock_control.a(clock_control_nrf.c.obj)
 .text.clk_init
                0x000000000000aa1c       0x58 zephyr/drivers/clock_control/libdrivers__clock_control.a(clock_control_nrf.c.obj)
 .text.clkstarted_handle.constprop.0
                0x000000000000aa74       0x34 zephyr/drivers/clock_control/libdrivers__clock_control.a(clock_control_nrf.c.obj)
 .text.clock_event_handler
                0x000000000000aaa8       0x5c zephyr/drivers/clock_control/libdrivers__clock_control.a(clock_control_nrf.c.obj)
 .text.generic_hfclk_start
                0x000000000000ab04       0x64 zephyr/drivers/clock_control/libdrivers__clock_control.a(clock_control_nrf.c.obj)
 .text.api_blocking_start
                0x000000000000ab68       0x3c zephyr/drivers/clock_control/libdrivers__clock_control.a(clock_control_nrf.c.obj)
 .text.generic_hfclk_stop
                0x000000000000aba4       0x34 zephyr/drivers/clock_control/libdrivers__clock_control.a(clock_control_nrf.c.obj)
 .text.z_nrf_clock_control_get_onoff
                0x000000000000abd8       0x10 zephyr/drivers/clock_control/libdrivers__clock_control.a(clock_control_nrf.c.obj)
                0x000000000000abd8                z_nrf_clock_control_get_onoff
 .text.z_nrf_clock_control_lf_on
                0x000000000000abe8      0x138 zephyr/drivers/clock_control/libdrivers__clock_control.a(clock_control_nrf.c.obj)
                0x000000000000abe8                z_nrf_clock_control_lf_on
 .text.uart_console_init
                0x000000000000ad20       0x28 zephyr/drivers/console/libdrivers__console.a(uart_console.c.obj)
 .text.console_out
                0x000000000000ad48       0x28 zephyr/drivers/console/libdrivers__console.a(uart_console.c.obj)
 .text.gpio_nrfx_manage_callback
                0x000000000000ad70       0xa0 zephyr/drivers/gpio/libdrivers__gpio.a(gpio_nrfx.c.obj)
 .text.gpio_nrfx_pin_interrupt_configure
                0x000000000000ae10       0xfc zephyr/drivers/gpio/libdrivers__gpio.a(gpio_nrfx.c.obj)
 .text.gpio_nrfx_init
                0x000000000000af0c       0x38 zephyr/drivers/gpio/libdrivers__gpio.a(gpio_nrfx.c.obj)
 .text.nrfx_gpio_handler
                0x000000000000af44       0x68 zephyr/drivers/gpio/libdrivers__gpio.a(gpio_nrfx.c.obj)
 .text.gpio_nrfx_pin_configure
                0x000000000000afac      0x164 zephyr/drivers/gpio/libdrivers__gpio.a(gpio_nrfx.c.obj)
 .text.nrf_gpio_pin_port_decode
                0x000000000000b110       0x40 zephyr/drivers/pinctrl/libdrivers__pinctrl.a(pinctrl_nrf.c.obj)
 .text.uarte_nrfx_configure
                0x000000000000b150      0x168 zephyr/drivers/serial/libdrivers__serial.a(uart_nrfx_uarte.c.obj)
 .text.uarte_0_init
                0x000000000000b2b8      0x118 zephyr/drivers/serial/libdrivers__serial.a(uart_nrfx_uarte.c.obj)
 .text.uarte_nrfx_poll_out
                0x000000000000b3d0       0x98 zephyr/drivers/serial/libdrivers__serial.a(uart_nrfx_uarte.c.obj)
 .text.sys_clock_timeout_handler
                0x000000000000b468       0x48 zephyr/drivers/timer/libdrivers__timer.a(nrf_rtc_timer.c.obj)
 .text.z_nrf_rtc_timer_read
                0x000000000000b4b0       0x44 zephyr/drivers/timer/libdrivers__timer.a(nrf_rtc_timer.c.obj)
                0x000000000000b4b0                z_nrf_rtc_timer_read
 .text.rtc_nrf_isr
                0x000000000000b4f4       0xd0 zephyr/drivers/timer/libdrivers__timer.a(nrf_rtc_timer.c.obj)
                0x000000000000b4f4                rtc_nrf_isr
 .text.compare_set.constprop.0.isra.0
                0x000000000000b5c4      0x138 zephyr/drivers/timer/libdrivers__timer.a(nrf_rtc_timer.c.obj)
 .text.sys_clock_driver_init
                0x000000000000b6fc       0x80 zephyr/drivers/timer/libdrivers__timer.a(nrf_rtc_timer.c.obj)
 .text.sys_clock_set_timeout
                0x000000000000b77c       0x58 zephyr/drivers/timer/libdrivers__timer.a(nrf_rtc_timer.c.obj)
                0x000000000000b77c                sys_clock_set_timeout
 .text.sys_clock_elapsed
                0x000000000000b7d4       0x14 zephyr/drivers/timer/libdrivers__timer.a(nrf_rtc_timer.c.obj)
                0x000000000000b7d4                sys_clock_elapsed
 .text.nrf_modem_lib_init
                0x000000000000b7e8       0x64 modules/nrf/lib/nrf_modem_lib/lib..__nrf__lib__nrf_modem_lib.a(nrf_modem_lib.c.obj)
                0x000000000000b7e8                nrf_modem_lib_init
 .text.thread_monitor_entry_get
                0x000000000000b84c       0x48 modules/nrf/lib/nrf_modem_lib/lib..__nrf__lib__nrf_modem_lib.a(nrf_modem_os.c.obj)
 .text.on_init  0x000000000000b894       0x20 modules/nrf/lib/nrf_modem_lib/lib..__nrf__lib__nrf_modem_lib.a(nrf_modem_os.c.obj)
 .text.nrf_modem_os_timedwait
                0x000000000000b8b4      0x184 modules/nrf/lib/nrf_modem_lib/lib..__nrf__lib__nrf_modem_lib.a(nrf_modem_os.c.obj)
                0x000000000000b8b4                nrf_modem_os_timedwait
 .text.nrf_modem_os_errno_set
                0x000000000000ba38       0x3c modules/nrf/lib/nrf_modem_lib/lib..__nrf__lib__nrf_modem_lib.a(nrf_modem_os.c.obj)
                0x000000000000ba38                nrf_modem_os_errno_set
 .text.nrf_modem_os_sem_init
                0x000000000000ba74       0x68 modules/nrf/lib/nrf_modem_lib/lib..__nrf__lib__nrf_modem_lib.a(nrf_modem_os.c.obj)
                0x000000000000ba74                nrf_modem_os_sem_init
 .text.nrf_modem_os_sem_give
                0x000000000000badc       0x48 modules/nrf/lib/nrf_modem_lib/lib..__nrf__lib__nrf_modem_lib.a(nrf_modem_os.c.obj)
                0x000000000000badc                nrf_modem_os_sem_give
 .text.nrf_modem_os_sem_take
                0x000000000000bb24       0x80 modules/nrf/lib/nrf_modem_lib/lib..__nrf__lib__nrf_modem_lib.a(nrf_modem_os.c.obj)
                0x000000000000bb24                nrf_modem_os_sem_take
 .text.nrf_modem_os_event_notify
                0x000000000000bba4       0x38 modules/nrf/lib/nrf_modem_lib/lib..__nrf__lib__nrf_modem_lib.a(nrf_modem_os.c.obj)
                0x000000000000bba4                nrf_modem_os_event_notify
 .text.nrf_modem_os_alloc
                0x000000000000bbdc       0x10 modules/nrf/lib/nrf_modem_lib/lib..__nrf__lib__nrf_modem_lib.a(nrf_modem_os.c.obj)
                0x000000000000bbdc                nrf_modem_os_alloc
 .text.nrf_modem_os_free
                0x000000000000bbec        0xc modules/nrf/lib/nrf_modem_lib/lib..__nrf__lib__nrf_modem_lib.a(nrf_modem_os.c.obj)
                0x000000000000bbec                nrf_modem_os_free
 .text.nrf_modem_os_shm_tx_alloc
                0x000000000000bbf8       0x10 modules/nrf/lib/nrf_modem_lib/lib..__nrf__lib__nrf_modem_lib.a(nrf_modem_os.c.obj)
                0x000000000000bbf8                nrf_modem_os_shm_tx_alloc
 .text.nrf_modem_os_shm_tx_free
                0x000000000000bc08        0xc modules/nrf/lib/nrf_modem_lib/lib..__nrf__lib__nrf_modem_lib.a(nrf_modem_os.c.obj)
                0x000000000000bc08                nrf_modem_os_shm_tx_free
 .text.nrf_modem_os_init
                0x000000000000bc14       0x30 modules/nrf/lib/nrf_modem_lib/lib..__nrf__lib__nrf_modem_lib.a(nrf_modem_os.c.obj)
                0x000000000000bc14                nrf_modem_os_init
 .text.nrf_modem_os_shutdown
                0x000000000000bc44       0x18 modules/nrf/lib/nrf_modem_lib/lib..__nrf__lib__nrf_modem_lib.a(nrf_modem_os.c.obj)
                0x000000000000bc44                nrf_modem_os_shutdown
 .text.z_to_nrf_optname
                0x000000000000bc5c       0xf8 modules/nrf/lib/nrf_modem_lib/lib..__nrf__lib__nrf_modem_lib.a(nrf91_sockets.c.obj)
 .text.nrf91_socket_offload_init
                0x000000000000bd54       0x24 modules/nrf/lib/nrf_modem_lib/lib..__nrf__lib__nrf_modem_lib.a(nrf91_sockets.c.obj)
 .text.nrf91_socket_is_supported
                0x000000000000bd78       0x38 modules/nrf/lib/nrf_modem_lib/lib..__nrf__lib__nrf_modem_lib.a(nrf91_sockets.c.obj)
 .text.pollcb   0x000000000000bdb0       0x30 modules/nrf/lib/nrf_modem_lib/lib..__nrf__lib__nrf_modem_lib.a(nrf91_sockets.c.obj)
 .text.nrf91_socket_offload_getaddrinfo
                0x000000000000bde0      0x114 modules/nrf/lib/nrf_modem_lib/lib..__nrf__lib__nrf_modem_lib.a(nrf91_sockets.c.obj)
 .text.nrf91_socket_offload_sendmsg
                0x000000000000bef4      0x110 modules/nrf/lib/nrf_modem_lib/lib..__nrf__lib__nrf_modem_lib.a(nrf91_sockets.c.obj)
 .text.allocate_ctx
                0x000000000000c004       0x44 modules/nrf/lib/nrf_modem_lib/lib..__nrf__lib__nrf_modem_lib.a(nrf91_sockets.c.obj)
 .text.release_ctx
                0x000000000000c048       0x2c modules/nrf/lib/nrf_modem_lib/lib..__nrf__lib__nrf_modem_lib.a(nrf91_sockets.c.obj)
 .text.nrf91_socket_offload_accept
                0x000000000000c074       0xc4 modules/nrf/lib/nrf_modem_lib/lib..__nrf__lib__nrf_modem_lib.a(nrf91_sockets.c.obj)
 .text.nrf91_iface_api_init
                0x000000000000c138       0x38 modules/nrf/lib/nrf_modem_lib/lib..__nrf__lib__nrf_modem_lib.a(nrf91_sockets.c.obj)
 .text.nrf91_socket_offload_ioctl
                0x000000000000c170      0x10c modules/nrf/lib/nrf_modem_lib/lib..__nrf__lib__nrf_modem_lib.a(nrf91_sockets.c.obj)
 .text.nrf91_socket_create
                0x000000000000c27c       0x90 modules/nrf/lib/nrf_modem_lib/lib..__nrf__lib__nrf_modem_lib.a(nrf91_sockets.c.obj)
 .text.at_monitor_sys_init
                0x000000000000c30c       0x10 modules/nrf/lib/at_monitor/lib..__nrf__lib__at_monitor.a(at_monitor.c.obj)
 .text.at_monitor_task
                0x000000000000c31c       0x90 modules/nrf/lib/at_monitor/lib..__nrf__lib__at_monitor.a(at_monitor.c.obj)
 .text.at_monitor_dispatch
                0x000000000000c3ac       0xc4 modules/nrf/lib/at_monitor/lib..__nrf__lib__at_monitor.a(at_monitor.c.obj)
                0x000000000000c3ac                at_monitor_dispatch
 .text.z_impl_uart_irq_rx_enable.constprop.0
                0x000000000000c470       0x10 modules/nrf/lib/at_host/lib..__nrf__lib__at_host.a(at_host.c.obj)
 .text.write_uart_string
                0x000000000000c480       0x1c modules/nrf/lib/at_host/lib..__nrf__lib__at_host.a(at_host.c.obj)
 .text.cmd_send
                0x000000000000c49c       0x34 modules/nrf/lib/at_host/lib..__nrf__lib__at_host.a(at_host.c.obj)
 .text.at_host_init
                0x000000000000c4d0       0xd0 modules/nrf/lib/at_host/lib..__nrf__lib__at_host.a(at_host.c.obj)
 .text.isr      0x000000000000c5a0      0x148 modules/nrf/lib/at_host/lib..__nrf__lib__at_host.a(at_host.c.obj)
 .text.on_modem_lib_init
                0x000000000000c6e8       0x28 modules/nrf/lib/modem_antenna/lib..__nrf__lib__modem_antenna.a(modem_antenna.c.obj)
 .text.tfm_ns_interface_dispatch
                0x000000000000c710       0x64 modules/trusted-firmware-m/libtfm_api.a(interface.c.obj)
                0x000000000000c710                tfm_ns_interface_dispatch
 .text.psa_generate_random
                0x000000000000c774       0x40 modules/trusted-firmware-m/libtfm_api.a(tfm_crypto_api.c.obj)
                0x000000000000c774                psa_generate_random
 .text.psa_call
                0x000000000000c7b4       0x38 modules/trusted-firmware-m/libtfm_api.a(tfm_psa_ns_api.c.obj)
                0x000000000000c7b4                psa_call
 .text.nrfx_flag32_alloc
                0x000000000000c7ec       0x38 modules/hal_nordic/nrfx/libmodules__hal_nordic__nrfx.a(nrfx_flag32_allocator.c.obj)
                0x000000000000c7ec                nrfx_flag32_alloc
 .text.nrfx_flag32_free
                0x000000000000c824       0x38 modules/hal_nordic/nrfx/libmodules__hal_nordic__nrfx.a(nrfx_flag32_allocator.c.obj)
                0x000000000000c824                nrfx_flag32_free
 .text.clock_stop
                0x000000000000c85c       0xe8 modules/hal_nordic/nrfx/libmodules__hal_nordic__nrfx.a(nrfx_clock.c.obj)
 .text.nrfx_clock_init
                0x000000000000c944       0x48 modules/hal_nordic/nrfx/libmodules__hal_nordic__nrfx.a(nrfx_clock.c.obj)
                0x000000000000c944                nrfx_clock_init
 .text.nrfx_clock_enable
                0x000000000000c98c       0x4c modules/hal_nordic/nrfx/libmodules__hal_nordic__nrfx.a(nrfx_clock.c.obj)
                0x000000000000c98c                nrfx_clock_enable
 .text.nrfx_clock_start
                0x000000000000c9d8       0xc4 modules/hal_nordic/nrfx/libmodules__hal_nordic__nrfx.a(nrfx_clock.c.obj)
                0x000000000000c9d8                nrfx_clock_start
 .text.nrfx_clock_stop
                0x000000000000ca9c       0x38 modules/hal_nordic/nrfx/libmodules__hal_nordic__nrfx.a(nrfx_clock.c.obj)
                0x000000000000ca9c                nrfx_clock_stop
 .text.nrfx_power_clock_irq_handler
                0x000000000000cad4       0x68 modules/hal_nordic/nrfx/libmodules__hal_nordic__nrfx.a(nrfx_clock.c.obj)
                0x000000000000cad4                nrfx_power_clock_irq_handler
 .text.nrfx_dppi_channel_alloc
                0x000000000000cb3c        0xc modules/hal_nordic/nrfx/libmodules__hal_nordic__nrfx.a(nrfx_dppi.c.obj)
                0x000000000000cb3c                nrfx_dppi_channel_alloc
 .text.pin_in_use_by_te
                0x000000000000cb48       0x14 modules/hal_nordic/nrfx/libmodules__hal_nordic__nrfx.a(nrfx_gpiote.c.obj)
 .text.pin_has_trigger
                0x000000000000cb5c       0x18 modules/hal_nordic/nrfx/libmodules__hal_nordic__nrfx.a(nrfx_gpiote.c.obj)
 .text.pin_is_output
                0x000000000000cb74       0x14 modules/hal_nordic/nrfx/libmodules__hal_nordic__nrfx.a(nrfx_gpiote.c.obj)
 .text.call_handler
                0x000000000000cb88       0x3c modules/hal_nordic/nrfx/libmodules__hal_nordic__nrfx.a(nrfx_gpiote.c.obj)
 .text.release_handler
                0x000000000000cbc4       0x7c modules/hal_nordic/nrfx/libmodules__hal_nordic__nrfx.a(nrfx_gpiote.c.obj)
 .text.pin_handler_trigger_uninit
                0x000000000000cc40       0x3c modules/hal_nordic/nrfx/libmodules__hal_nordic__nrfx.a(nrfx_gpiote.c.obj)
 .text.nrf_gpio_pin_port_decode
                0x000000000000cc7c       0x5c modules/hal_nordic/nrfx/libmodules__hal_nordic__nrfx.a(nrfx_gpiote.c.obj)
 .text.nrfx_gpiote_input_configure
                0x000000000000ccd8      0x150 modules/hal_nordic/nrfx/libmodules__hal_nordic__nrfx.a(nrfx_gpiote.c.obj)
                0x000000000000ccd8                nrfx_gpiote_input_configure
 .text.nrfx_gpiote_output_configure
                0x000000000000ce28       0xf0 modules/hal_nordic/nrfx/libmodules__hal_nordic__nrfx.a(nrfx_gpiote.c.obj)
                0x000000000000ce28                nrfx_gpiote_output_configure
 .text.nrfx_gpiote_global_callback_set
                0x000000000000cf18        0xc modules/hal_nordic/nrfx/libmodules__hal_nordic__nrfx.a(nrfx_gpiote.c.obj)
                0x000000000000cf18                nrfx_gpiote_global_callback_set
 .text.nrfx_gpiote_channel_get
                0x000000000000cf24       0x50 modules/hal_nordic/nrfx/libmodules__hal_nordic__nrfx.a(nrfx_gpiote.c.obj)
                0x000000000000cf24                nrfx_gpiote_channel_get
 .text.nrfx_gpiote_init
                0x000000000000cf74       0x50 modules/hal_nordic/nrfx/libmodules__hal_nordic__nrfx.a(nrfx_gpiote.c.obj)
                0x000000000000cf74                nrfx_gpiote_init
 .text.nrfx_gpiote_is_init
                0x000000000000cfc4       0x14 modules/hal_nordic/nrfx/libmodules__hal_nordic__nrfx.a(nrfx_gpiote.c.obj)
                0x000000000000cfc4                nrfx_gpiote_is_init
 .text.nrfx_gpiote_channel_free
                0x000000000000cfd8        0xc modules/hal_nordic/nrfx/libmodules__hal_nordic__nrfx.a(nrfx_gpiote.c.obj)
                0x000000000000cfd8                nrfx_gpiote_channel_free
 .text.nrfx_gpiote_channel_alloc
                0x000000000000cfe4        0xc modules/hal_nordic/nrfx/libmodules__hal_nordic__nrfx.a(nrfx_gpiote.c.obj)
                0x000000000000cfe4                nrfx_gpiote_channel_alloc
 .text.nrfx_gpiote_trigger_enable
                0x000000000000cff0       0xd4 modules/hal_nordic/nrfx/libmodules__hal_nordic__nrfx.a(nrfx_gpiote.c.obj)
                0x000000000000cff0                nrfx_gpiote_trigger_enable
 .text.nrfx_gpiote_trigger_disable
                0x000000000000d0c4       0x54 modules/hal_nordic/nrfx/libmodules__hal_nordic__nrfx.a(nrfx_gpiote.c.obj)
                0x000000000000d0c4                nrfx_gpiote_trigger_disable
 .text.nrfx_gpiote_pin_uninit
                0x000000000000d118       0x44 modules/hal_nordic/nrfx/libmodules__hal_nordic__nrfx.a(nrfx_gpiote.c.obj)
                0x000000000000d118                nrfx_gpiote_pin_uninit
 .text.nrfx_gpiote_irq_handler
                0x000000000000d15c      0x178 modules/hal_nordic/nrfx/libmodules__hal_nordic__nrfx.a(nrfx_gpiote.c.obj)
                0x000000000000d15c                nrfx_gpiote_irq_handler
 .text.nrfx_ipc_init
                0x000000000000d2d4       0x30 modules/hal_nordic/nrfx/libmodules__hal_nordic__nrfx.a(nrfx_ipc.c.obj)
                0x000000000000d2d4                nrfx_ipc_init
 .text.nrfx_ipc_config_load
                0x000000000000d304       0x80 modules/hal_nordic/nrfx/libmodules__hal_nordic__nrfx.a(nrfx_ipc.c.obj)
                0x000000000000d304                nrfx_ipc_config_load
 .text.nrfx_ipc_uninit
                0x000000000000d384       0x84 modules/hal_nordic/nrfx/libmodules__hal_nordic__nrfx.a(nrfx_ipc.c.obj)
                0x000000000000d384                nrfx_ipc_uninit
 .text.nrfx_ipc_receive_event_enable
                0x000000000000d408       0x3c modules/hal_nordic/nrfx/libmodules__hal_nordic__nrfx.a(nrfx_ipc.c.obj)
                0x000000000000d408                nrfx_ipc_receive_event_enable
 .text.nrfx_ipc_receive_event_disable
                0x000000000000d444       0x3c modules/hal_nordic/nrfx/libmodules__hal_nordic__nrfx.a(nrfx_ipc.c.obj)
                0x000000000000d444                nrfx_ipc_receive_event_disable
 .text.nrfx_ipc_irq_handler
                0x000000000000d480       0x68 modules/hal_nordic/nrfx/libmodules__hal_nordic__nrfx.a(nrfx_ipc.c.obj)
                0x000000000000d480                nrfx_ipc_irq_handler
 .text.rpc_handle_data_message
                0x000000000000d4e8       0x38 C:/ncs/v2.4.0/nrfxlib/nrf_modem/lib/cortex-m33/soft-float/libmodem.a(rpc_framework.c.obj)
                0x000000000000d4e8                rpc_handle_data_message
 .text.rpc_transport_init
                0x000000000000d520        0xc C:/ncs/v2.4.0/nrfxlib/nrf_modem/lib/cortex-m33/soft-float/libmodem.a(rpc_transport.c.obj)
                0x000000000000d520                rpc_transport_init
 .text.rpc_transport_msg_alloc
                0x000000000000d52c        0xc C:/ncs/v2.4.0/nrfxlib/nrf_modem/lib/cortex-m33/soft-float/libmodem.a(rpc_transport.c.obj)
                0x000000000000d52c                rpc_transport_msg_alloc
 .text.rpc_transport_msg_data_tx_size
                0x000000000000d538        0xc C:/ncs/v2.4.0/nrfxlib/nrf_modem/lib/cortex-m33/soft-float/libmodem.a(rpc_transport.c.obj)
                0x000000000000d538                rpc_transport_msg_data_tx_size
 .text.rpc_transport_msg_rx_free
                0x000000000000d544        0xc C:/ncs/v2.4.0/nrfxlib/nrf_modem/lib/cortex-m33/soft-float/libmodem.a(rpc_transport.c.obj)
                0x000000000000d544                rpc_transport_msg_rx_free
 .text.rpc_transport_msg_data_rx_free
                0x000000000000d550        0xc C:/ncs/v2.4.0/nrfxlib/nrf_modem/lib/cortex-m33/soft-float/libmodem.a(rpc_transport.c.obj)
                0x000000000000d550                rpc_transport_msg_data_rx_free
 .text.rpc_transport_msg_send
                0x000000000000d55c        0xc C:/ncs/v2.4.0/nrfxlib/nrf_modem/lib/cortex-m33/soft-float/libmodem.a(rpc_transport.c.obj)
                0x000000000000d55c                rpc_transport_msg_send
 .text.rpc_transport_data_rx_suspend
                0x000000000000d568        0xc C:/ncs/v2.4.0/nrfxlib/nrf_modem/lib/cortex-m33/soft-float/libmodem.a(rpc_transport.c.obj)
                0x000000000000d568                rpc_transport_data_rx_suspend
 .text.rpc_transport_data_rx_resume
                0x000000000000d574        0xc C:/ncs/v2.4.0/nrfxlib/nrf_modem/lib/cortex-m33/soft-float/libmodem.a(rpc_transport.c.obj)
                0x000000000000d574                rpc_transport_data_rx_resume
 .text.rpc_transport_ipc_msg_data_tx_size
                0x000000000000d580        0xc C:/ncs/v2.4.0/nrfxlib/nrf_modem/lib/cortex-m33/soft-float/libmodem.a(rpc_transport_ipc.c.obj)
 .text.rpc_transport_ipc_msg_rx_free
                0x000000000000d58c       0x4c C:/ncs/v2.4.0/nrfxlib/nrf_modem/lib/cortex-m33/soft-float/libmodem.a(rpc_transport_ipc.c.obj)
 .text.rpc_transport_ipc_msg_tx_free
                0x000000000000d5d8       0x38 C:/ncs/v2.4.0/nrfxlib/nrf_modem/lib/cortex-m33/soft-float/libmodem.a(rpc_transport_ipc.c.obj)
 .text.handle_modem_rpc_msg
                0x000000000000d610       0x78 C:/ncs/v2.4.0/nrfxlib/nrf_modem/lib/cortex-m33/soft-float/libmodem.a(rpc_transport_ipc.c.obj)
 .text.rpc_message_handler
                0x000000000000d688       0x24 C:/ncs/v2.4.0/nrfxlib/nrf_modem/lib/cortex-m33/soft-float/libmodem.a(rpc_transport_ipc.c.obj)
 .text.ipc_irq_handler
                0x000000000000d6ac       0xfc C:/ncs/v2.4.0/nrfxlib/nrf_modem/lib/cortex-m33/soft-float/libmodem.a(rpc_transport_ipc.c.obj)
                0x000000000000d6ac                ipc_irq_handler
 .text.rpc_transport_ipc_data_msg_send
                0x000000000000d7a8       0x6c C:/ncs/v2.4.0/nrfxlib/nrf_modem/lib/cortex-m33/soft-float/libmodem.a(rpc_transport_ipc.c.obj)
 .text.rpc_transport_ipc_ctrl_msg_alloc
                0x000000000000d814       0x44 C:/ncs/v2.4.0/nrfxlib/nrf_modem/lib/cortex-m33/soft-float/libmodem.a(rpc_transport_ipc.c.obj)
 .text.rpc_transport_ipc_data_msg_alloc
                0x000000000000d858       0x24 C:/ncs/v2.4.0/nrfxlib/nrf_modem/lib/cortex-m33/soft-float/libmodem.a(rpc_transport_ipc.c.obj)
 .text.rpc_transport_ipc_init
                0x000000000000d87c      0x1cc C:/ncs/v2.4.0/nrfxlib/nrf_modem/lib/cortex-m33/soft-float/libmodem.a(rpc_transport_ipc.c.obj)
 .text.rpc_transport_ipc_ctrl_msg_send
                0x000000000000da48       0x6c C:/ncs/v2.4.0/nrfxlib/nrf_modem/lib/cortex-m33/soft-float/libmodem.a(rpc_transport_ipc.c.obj)
 .text.rpc_transport_ipc_request_shutdown
                0x000000000000dab4       0x38 C:/ncs/v2.4.0/nrfxlib/nrf_modem/lib/cortex-m33/soft-float/libmodem.a(rpc_transport_ipc.c.obj)
 .text.rpc_transport_ipc_msg_data_rx_free
                0x000000000000daec       0x30 C:/ncs/v2.4.0/nrfxlib/nrf_modem/lib/cortex-m33/soft-float/libmodem.a(rpc_transport_ipc.c.obj)
 .text.at_cmd_send
                0x000000000000db1c       0x74 C:/ncs/v2.4.0/nrfxlib/nrf_modem/lib/cortex-m33/soft-float/libmodem.a(nrf_modem_at.c.obj)
 .text.at_response_match
                0x000000000000db90       0x48 C:/ncs/v2.4.0/nrfxlib/nrf_modem/lib/cortex-m33/soft-float/libmodem.a(nrf_modem_at.c.obj)
 .text.at_vsprintf
                0x000000000000dbd8       0x50 C:/ncs/v2.4.0/nrfxlib/nrf_modem/lib/cortex-m33/soft-float/libmodem.a(nrf_modem_at.c.obj)
 .text.nrf_modem_at_notif_handler_set
                0x000000000000dc28        0xc C:/ncs/v2.4.0/nrfxlib/nrf_modem/lib/cortex-m33/soft-float/libmodem.a(nrf_modem_at.c.obj)
                0x000000000000dc28                nrf_modem_at_notif_handler_set
 .text.nrf_modem_at_printf
                0x000000000000dc34       0x98 C:/ncs/v2.4.0/nrfxlib/nrf_modem/lib/cortex-m33/soft-float/libmodem.a(nrf_modem_at.c.obj)
                0x000000000000dc34                nrf_modem_at_printf
 .text.nrf_modem_at_cmd
                0x000000000000dccc      0x128 C:/ncs/v2.4.0/nrfxlib/nrf_modem/lib/cortex-m33/soft-float/libmodem.a(nrf_modem_at.c.obj)
                0x000000000000dccc                nrf_modem_at_cmd
 .text.rpc_at_event_handler
                0x000000000000ddf4       0x7c C:/ncs/v2.4.0/nrfxlib/nrf_modem/lib/cortex-m33/soft-float/libmodem.a(nrf_modem_at.c.obj)
                0x000000000000ddf4                rpc_at_event_handler
 .text.rpc_at_init
                0x000000000000de70       0x28 C:/ncs/v2.4.0/nrfxlib/nrf_modem/lib/cortex-m33/soft-float/libmodem.a(nrf_modem_at.c.obj)
                0x000000000000de70                rpc_at_init
 .text.sock_init
                0x000000000000de98       0x38 C:/ncs/v2.4.0/nrfxlib/nrf_modem/lib/cortex-m33/soft-float/libmodem.a(sock.c.obj)
                0x000000000000de98                sock_init
 .text.sock_open
                0x000000000000ded0       0x4c C:/ncs/v2.4.0/nrfxlib/nrf_modem/lib/cortex-m33/soft-float/libmodem.a(sock.c.obj)
                0x000000000000ded0                sock_open
 .text.sock_find
                0x000000000000df1c       0x24 C:/ncs/v2.4.0/nrfxlib/nrf_modem/lib/cortex-m33/soft-float/libmodem.a(sock.c.obj)
                0x000000000000df1c                sock_find
 .text._sock_close
                0x000000000000df40       0x2c C:/ncs/v2.4.0/nrfxlib/nrf_modem/lib/cortex-m33/soft-float/libmodem.a(sock.c.obj)
                0x000000000000df40                _sock_close
 .text.sock_shutdown
                0x000000000000df6c       0x24 C:/ncs/v2.4.0/nrfxlib/nrf_modem/lib/cortex-m33/soft-float/libmodem.a(sock.c.obj)
                0x000000000000df6c                sock_shutdown
 .text.sock_flow_control_set
                0x000000000000df90       0x54 C:/ncs/v2.4.0/nrfxlib/nrf_modem/lib/cortex-m33/soft-float/libmodem.a(sock.c.obj)
                0x000000000000df90                sock_flow_control_set
 .text.sock_proto_is_valid
                0x000000000000dfe4       0x30 C:/ncs/v2.4.0/nrfxlib/nrf_modem/lib/cortex-m33/soft-float/libmodem.a(sock.c.obj)
                0x000000000000dfe4                sock_proto_is_valid
 .text.on_getaddrinfo_res
                0x000000000000e014       0x18 C:/ncs/v2.4.0/nrfxlib/nrf_modem/lib/cortex-m33/soft-float/libmodem.a(dns.c.obj)
                0x000000000000e014                on_getaddrinfo_res
 .text.addrinfo_init
                0x000000000000e02c       0x1c C:/ncs/v2.4.0/nrfxlib/nrf_modem/lib/cortex-m33/soft-float/libmodem.a(dns.c.obj)
                0x000000000000e02c                addrinfo_init
 .text.nrf_getaddrinfo
                0x000000000000e048      0x310 C:/ncs/v2.4.0/nrfxlib/nrf_modem/lib/cortex-m33/soft-float/libmodem.a(dns.c.obj)
                0x000000000000e048                nrf_getaddrinfo
 .text.rpc_ip_event_handler
                0x000000000000e358      0x240 C:/ncs/v2.4.0/nrfxlib/nrf_modem/lib/cortex-m33/soft-float/libmodem.a(ip.c.obj)
                0x000000000000e358                rpc_ip_event_handler
 .text.nrf_close
                0x000000000000e598       0x68 C:/ncs/v2.4.0/nrfxlib/nrf_modem/lib/cortex-m33/soft-float/libmodem.a(ip.c.obj)
                0x000000000000e598                nrf_close
 .text.nrf_sendto
                0x000000000000e600      0x218 C:/ncs/v2.4.0/nrfxlib/nrf_modem/lib/cortex-m33/soft-float/libmodem.a(ip.c.obj)
                0x000000000000e600                nrf_sendto
 .text.nrf_setsockopt
                0x000000000000e818      0x27c C:/ncs/v2.4.0/nrfxlib/nrf_modem/lib/cortex-m33/soft-float/libmodem.a(ip.c.obj)
                0x000000000000e818                nrf_setsockopt
 .text.nrf_getsockopt
                0x000000000000ea94      0x1bc C:/ncs/v2.4.0/nrfxlib/nrf_modem/lib/cortex-m33/soft-float/libmodem.a(ip.c.obj)
                0x000000000000ea94                nrf_getsockopt
 .text.rpc_ip_init
                0x000000000000ec50       0x2c C:/ncs/v2.4.0/nrfxlib/nrf_modem/lib/cortex-m33/soft-float/libmodem.a(ip.c.obj)
                0x000000000000ec50                rpc_ip_init
 .text.on_tls_attach_res
                0x000000000000ec7c       0x28 C:/ncs/v2.4.0/nrfxlib/nrf_modem/lib/cortex-m33/soft-float/libmodem.a(tls.c.obj)
                0x000000000000ec7c                on_tls_attach_res
 .text.on_tls_handshake_ntf
                0x000000000000eca4       0x34 C:/ncs/v2.4.0/nrfxlib/nrf_modem/lib/cortex-m33/soft-float/libmodem.a(tls.c.obj)
                0x000000000000eca4                on_tls_handshake_ntf
 .text.tls_attach
                0x000000000000ecd8       0xf0 C:/ncs/v2.4.0/nrfxlib/nrf_modem/lib/cortex-m33/soft-float/libmodem.a(tls.c.obj)
                0x000000000000ecd8                tls_attach
 .text.nrf_af_to_rpc_af
                0x000000000000edc8       0x10 C:/ncs/v2.4.0/nrfxlib/nrf_modem/lib/cortex-m33/soft-float/libmodem.a(tables.c.obj)
                0x000000000000edc8                nrf_af_to_rpc_af
 .text.nrf_so_to_rpc_so
                0x000000000000edd8       0x18 C:/ncs/v2.4.0/nrfxlib/nrf_modem/lib/cortex-m33/soft-float/libmodem.a(tables.c.obj)
                0x000000000000edd8                nrf_so_to_rpc_so
 .text.rpc_error_to_nrf_errno
                0x000000000000edf0       0x18 C:/ncs/v2.4.0/nrfxlib/nrf_modem/lib/cortex-m33/soft-float/libmodem.a(tables.c.obj)
                0x000000000000edf0                rpc_error_to_nrf_errno
 .text.rpc_gnss_event_handler
                0x000000000000ee08      0x134 C:/ncs/v2.4.0/nrfxlib/nrf_modem/lib/cortex-m33/soft-float/libmodem.a(nrf_modem_gnss.c.obj)
                0x000000000000ee08                rpc_gnss_event_handler
 .text.rpc_gnss_init
                0x000000000000ef3c       0x44 C:/ncs/v2.4.0/nrfxlib/nrf_modem/lib/cortex-m33/soft-float/libmodem.a(nrf_modem_gnss.c.obj)
                0x000000000000ef3c                rpc_gnss_init
 .text.rpc_gnss_deinit
                0x000000000000ef80       0x3c C:/ncs/v2.4.0/nrfxlib/nrf_modem/lib/cortex-m33/soft-float/libmodem.a(nrf_modem_gnss.c.obj)
                0x000000000000ef80                rpc_gnss_deinit
 .text.modem_off
                0x000000000000efbc       0x28 C:/ncs/v2.4.0/nrfxlib/nrf_modem/lib/cortex-m33/soft-float/libmodem.a(nrf_modem.c.obj)
 .text.atomic_set.constprop.0.isra.0
                0x000000000000efe4       0x14 C:/ncs/v2.4.0/nrfxlib/nrf_modem/lib/cortex-m33/soft-float/libmodem.a(nrf_modem.c.obj)
 .text.nrf_modem_init
                0x000000000000eff8       0x8c C:/ncs/v2.4.0/nrfxlib/nrf_modem/lib/cortex-m33/soft-float/libmodem.a(nrf_modem.c.obj)
                0x000000000000eff8                nrf_modem_init
 .text.nrf_modem_fault_handler_set
                0x000000000000f084        0xc C:/ncs/v2.4.0/nrfxlib/nrf_modem/lib/cortex-m33/soft-float/libmodem.a(nrf_modem_fault.c.obj)
                0x000000000000f084                nrf_modem_fault_handler_set
 .text.nrf_modem_fault_handler_internal
                0x000000000000f090       0x18 C:/ncs/v2.4.0/nrfxlib/nrf_modem/lib/cortex-m33/soft-float/libmodem.a(nrf_modem_fault.c.obj)
                0x000000000000f090                nrf_modem_fault_handler_internal
 .text.nrf_modem_state_set
                0x000000000000f0a8        0xc C:/ncs/v2.4.0/nrfxlib/nrf_modem/lib/cortex-m33/soft-float/libmodem.a(nrf_modem_state.c.obj)
                0x000000000000f0a8                nrf_modem_state_set
 .text.nrf_modem_state_is_initialized
                0x000000000000f0b4       0x10 C:/ncs/v2.4.0/nrfxlib/nrf_modem/lib/cortex-m33/soft-float/libmodem.a(nrf_modem_state.c.obj)
                0x000000000000f0b4                nrf_modem_state_is_initialized
 .text.ipc_trace_init
                0x000000000000f0c4       0x38 C:/ncs/v2.4.0/nrfxlib/nrf_modem/lib/cortex-m33/soft-float/libmodem.a(ipc_trace.c.obj)
                0x000000000000f0c4                ipc_trace_init
 .text.ipc_trace_handler
                0x000000000000f0fc       0xc8 C:/ncs/v2.4.0/nrfxlib/nrf_modem/lib/cortex-m33/soft-float/libmodem.a(ipc_trace.c.obj)
                0x000000000000f0fc                ipc_trace_handler
 .text.z_impl_z_errno
                0x000000000000f1c4        0xc zephyr/kernel/libkernel.a(errno.c.obj)
                0x000000000000f1c4                z_impl_z_errno
 .text.z_fatal_error
                0x000000000000f1d0       0x64 zephyr/kernel/libkernel.a(fatal.c.obj)
                0x000000000000f1d0                z_fatal_error
 .text.z_sys_init_run_level
                0x000000000000f234       0x48 zephyr/kernel/libkernel.a(init.c.obj)
 .text.bg_thread_main
                0x000000000000f27c       0x34 zephyr/kernel/libkernel.a(init.c.obj)
 .text.z_bss_zero
                0x000000000000f2b0       0x18 zephyr/kernel/libkernel.a(init.c.obj)
                0x000000000000f2b0                z_bss_zero
 .text.z_init_cpu
                0x000000000000f2c8       0x68 zephyr/kernel/libkernel.a(init.c.obj)
                0x000000000000f2c8                z_init_cpu
 .text.z_cstart
                0x000000000000f330       0xe0 zephyr/kernel/libkernel.a(init.c.obj)
                0x000000000000f330                z_cstart
 .text.statics_init
                0x000000000000f410       0x50 zephyr/kernel/libkernel.a(kheap.c.obj)
 .text.k_heap_aligned_alloc
                0x000000000000f460      0x140 zephyr/kernel/libkernel.a(kheap.c.obj)
                0x000000000000f460                k_heap_aligned_alloc
 .text.k_heap_free
                0x000000000000f5a0       0xa4 zephyr/kernel/libkernel.a(kheap.c.obj)
                0x000000000000f5a0                k_heap_free
 .text.z_setup_new_thread
                0x000000000000f644       0xa8 zephyr/kernel/libkernel.a(thread.c.obj)
                0x000000000000f644                z_setup_new_thread
 .text.z_impl_k_thread_create
                0x000000000000f6ec       0x8c zephyr/kernel/libkernel.a(thread.c.obj)
                0x000000000000f6ec                z_impl_k_thread_create
 .text.z_init_static_threads
                0x000000000000f778      0x108 zephyr/kernel/libkernel.a(thread.c.obj)
                0x000000000000f778                z_init_static_threads
 .text.z_spin_lock_valid
                0x000000000000f880       0x1c zephyr/kernel/libkernel.a(thread.c.obj)
                0x000000000000f880                z_spin_lock_valid
 .text.z_spin_unlock_valid
                0x000000000000f89c       0x1c zephyr/kernel/libkernel.a(thread.c.obj)
                0x000000000000f89c                z_spin_unlock_valid
 .text.z_spin_lock_set_owner
                0x000000000000f8b8       0x10 zephyr/kernel/libkernel.a(thread.c.obj)
                0x000000000000f8b8                z_spin_lock_set_owner
 .text.idle     0x000000000000f8c8       0x64 zephyr/kernel/libkernel.a(idle.c.obj)
                0x000000000000f8c8                idle
 .text.z_impl_k_mutex_lock
                0x000000000000f92c      0x1a0 zephyr/kernel/libkernel.a(mutex.c.obj)
                0x000000000000f92c                z_impl_k_mutex_lock
 .text.z_impl_k_mutex_unlock
                0x000000000000facc      0x11c zephyr/kernel/libkernel.a(mutex.c.obj)
                0x000000000000facc                z_impl_k_mutex_unlock
 .text.queue_insert
                0x000000000000fbe8      0x134 zephyr/kernel/libkernel.a(queue.c.obj)
 .text.z_impl_k_queue_get
                0x000000000000fd1c       0xd4 zephyr/kernel/libkernel.a(queue.c.obj)
                0x000000000000fd1c                z_impl_k_queue_get
 .text.z_impl_k_sem_give
                0x000000000000fdf0       0x88 zephyr/kernel/libkernel.a(sem.c.obj)
                0x000000000000fdf0                z_impl_k_sem_give
 .text.z_impl_k_sem_take
                0x000000000000fe78       0xf4 zephyr/kernel/libkernel.a(sem.c.obj)
                0x000000000000fe78                z_impl_k_sem_take
 .text.work_queue_main
                0x000000000000ff6c      0x1e8 zephyr/kernel/libkernel.a(work.c.obj)
 .text.submit_to_queue_locked
                0x0000000000010154       0xd8 zephyr/kernel/libkernel.a(work.c.obj)
 .text.k_work_init
                0x000000000001022c       0x4c zephyr/kernel/libkernel.a(work.c.obj)
                0x000000000001022c                k_work_init
 .text.z_work_submit_to_queue
                0x0000000000010278       0xb4 zephyr/kernel/libkernel.a(work.c.obj)
                0x0000000000010278                z_work_submit_to_queue
 .text.k_work_submit
                0x000000000001032c        0xc zephyr/kernel/libkernel.a(work.c.obj)
                0x000000000001032c                k_work_submit
 .text.k_work_queue_start
                0x0000000000010338       0xd0 zephyr/kernel/libkernel.a(work.c.obj)
                0x0000000000010338                k_work_queue_start
 .text.sliceable
                0x0000000000010408       0x3c zephyr/kernel/libkernel.a(sched.c.obj)
 .text.slice_timeout
                0x0000000000010444       0x60 zephyr/kernel/libkernel.a(sched.c.obj)
 .text.z_reset_time_slice
                0x00000000000104a4       0x50 zephyr/kernel/libkernel.a(sched.c.obj)
                0x00000000000104a4                z_reset_time_slice
 .text.update_cache
                0x00000000000104f4       0x68 zephyr/kernel/libkernel.a(sched.c.obj)
 .text.ready_thread
                0x000000000001055c       0x94 zephyr/kernel/libkernel.a(sched.c.obj)
 .text.z_ready_thread
                0x00000000000105f0       0x8c zephyr/kernel/libkernel.a(sched.c.obj)
                0x00000000000105f0                z_ready_thread
 .text.z_reschedule
                0x000000000001067c       0x84 zephyr/kernel/libkernel.a(sched.c.obj)
                0x000000000001067c                z_reschedule
 .text.z_sched_start
                0x0000000000010700       0xa4 zephyr/kernel/libkernel.a(sched.c.obj)
                0x0000000000010700                z_sched_start
 .text.k_sched_lock
                0x00000000000107a4       0xd8 zephyr/kernel/libkernel.a(sched.c.obj)
                0x00000000000107a4                k_sched_lock
 .text.k_sched_unlock
                0x000000000001087c       0xe8 zephyr/kernel/libkernel.a(sched.c.obj)
                0x000000000001087c                k_sched_unlock
 .text.z_priq_dumb_remove
                0x0000000000010964       0x40 zephyr/kernel/libkernel.a(sched.c.obj)
                0x0000000000010964                z_priq_dumb_remove
 .text.move_thread_to_end_of_prio_q
                0x00000000000109a4       0xa4 zephyr/kernel/libkernel.a(sched.c.obj)
 .text.z_time_slice
                0x0000000000010a48       0xc8 zephyr/kernel/libkernel.a(sched.c.obj)
                0x0000000000010a48                z_time_slice
 .text.unready_thread
                0x0000000000010b10       0x38 zephyr/kernel/libkernel.a(sched.c.obj)
 .text.add_to_waitq_locked
                0x0000000000010b48       0x7c zephyr/kernel/libkernel.a(sched.c.obj)
 .text.pend_locked
                0x0000000000010bc4       0x30 zephyr/kernel/libkernel.a(sched.c.obj)
 .text.z_pend_curr
                0x0000000000010bf4       0xec zephyr/kernel/libkernel.a(sched.c.obj)
                0x0000000000010bf4                z_pend_curr
 .text.z_set_prio
                0x0000000000010ce0      0x124 zephyr/kernel/libkernel.a(sched.c.obj)
                0x0000000000010ce0                z_set_prio
 .text.z_impl_k_thread_suspend
                0x0000000000010e04       0xd0 zephyr/kernel/libkernel.a(sched.c.obj)
                0x0000000000010e04                z_impl_k_thread_suspend
 .text.unpend_thread_no_timeout
                0x0000000000010ed4       0x40 zephyr/kernel/libkernel.a(sched.c.obj)
 .text.z_unpend_thread
                0x0000000000010f14       0x98 zephyr/kernel/libkernel.a(sched.c.obj)
                0x0000000000010f14                z_unpend_thread
 .text.z_sched_wake_thread
                0x0000000000010fac       0xb0 zephyr/kernel/libkernel.a(sched.c.obj)
                0x0000000000010fac                z_sched_wake_thread
 .text.z_unpend_first_thread
                0x000000000001105c       0xa0 zephyr/kernel/libkernel.a(sched.c.obj)
                0x000000000001105c                z_unpend_first_thread
 .text.z_sched_init
                0x00000000000110fc       0x10 zephyr/kernel/libkernel.a(sched.c.obj)
                0x00000000000110fc                z_sched_init
 .text.z_impl_k_yield
                0x000000000001110c      0x130 zephyr/kernel/libkernel.a(sched.c.obj)
                0x000000000001110c                z_impl_k_yield
 .text.z_tick_sleep
                0x000000000001123c      0x144 zephyr/kernel/libkernel.a(sched.c.obj)
 .text.z_impl_k_sleep
                0x0000000000011380       0x68 zephyr/kernel/libkernel.a(sched.c.obj)
                0x0000000000011380                z_impl_k_sleep
 .text.z_impl_z_current_get
                0x00000000000113e8        0xc zephyr/kernel/libkernel.a(sched.c.obj)
                0x00000000000113e8                z_impl_z_current_get
 .text.z_thread_abort
                0x00000000000113f4      0x190 zephyr/kernel/libkernel.a(sched.c.obj)
                0x00000000000113f4                z_thread_abort
 .text.z_sched_wake
                0x0000000000011584       0xbc zephyr/kernel/libkernel.a(sched.c.obj)
                0x0000000000011584                z_sched_wake
 .text.z_sched_wait
                0x0000000000011640       0x24 zephyr/kernel/libkernel.a(sched.c.obj)
                0x0000000000011640                z_sched_wait
 .text.z_data_copy
                0x0000000000011664       0x34 zephyr/kernel/libkernel.a(xip.c.obj)
                0x0000000000011664                z_data_copy
 .text.elapsed  0x0000000000011698       0x14 zephyr/kernel/libkernel.a(timeout.c.obj)
 .text.next_timeout
                0x00000000000116ac       0x40 zephyr/kernel/libkernel.a(timeout.c.obj)
 .text.remove_timeout
                0x00000000000116ec       0x38 zephyr/kernel/libkernel.a(timeout.c.obj)
 .text.z_add_timeout
                0x0000000000011724      0x180 zephyr/kernel/libkernel.a(timeout.c.obj)
                0x0000000000011724                z_add_timeout
 .text.z_abort_timeout
                0x00000000000118a4       0x98 zephyr/kernel/libkernel.a(timeout.c.obj)
                0x00000000000118a4                z_abort_timeout
 .text.z_get_next_timeout_expiry
                0x000000000001193c       0x8c zephyr/kernel/libkernel.a(timeout.c.obj)
                0x000000000001193c                z_get_next_timeout_expiry
 .text.sys_clock_announce
                0x00000000000119c8      0x15c zephyr/kernel/libkernel.a(timeout.c.obj)
                0x00000000000119c8                sys_clock_announce
 .text.sys_clock_tick_get
                0x0000000000011b24       0x9c zephyr/kernel/libkernel.a(timeout.c.obj)
                0x0000000000011b24                sys_clock_tick_get
 .text.k_poll_event_init
                0x0000000000011bc0       0x84 zephyr/kernel/libkernel.a(poll.c.obj)
                0x0000000000011bc0                k_poll_event_init
 .text.z_impl_k_poll_signal_raise
                0x0000000000011c44       0xb4 zephyr/kernel/libkernel.a(poll.c.obj)
                0x0000000000011c44                z_impl_k_poll_signal_raise
 .text.z_heap_aligned_alloc
                0x0000000000011cf8       0x68 zephyr/kernel/libkernel.a(mempool.c.obj)
 .text.k_aligned_alloc
                0x0000000000011d60       0x6c zephyr/kernel/libkernel.a(mempool.c.obj)
                0x0000000000011d60                k_aligned_alloc
 .text.k_thread_system_pool_assign
                0x0000000000011dcc        0xc zephyr/kernel/libkernel.a(mempool.c.obj)
                0x0000000000011dcc                k_thread_system_pool_assign
 .text.z_thread_aligned_alloc
                0x0000000000011dd8       0x30 zephyr/kernel/libkernel.a(mempool.c.obj)
                0x0000000000011dd8                z_thread_aligned_alloc
 .text.boot_banner
                0x0000000000011e08        0xc zephyr/kernel/libkernel.a(banner.c.obj)
                0x0000000000011e08                boot_banner
 .text.k_sys_work_q_init
                0x0000000000011e14       0x34 zephyr/kernel/libkernel.a(system_work_q.c.obj)
 .text._free_r  0x0000000000011e48       0x94 C:/ncs/toolchains/31f4403e35/opt/zephyr-sdk/arm-zephyr-eabi/arm-zephyr-eabi/lib/thumb/v8-m.main/nofp\libc_nano.a(lib_a-nano-freer.o)
                0x0000000000011e48                _free_r
 .text._malloc_r
                0x0000000000011edc       0xb4 C:/ncs/toolchains/31f4403e35/opt/zephyr-sdk/arm-zephyr-eabi/arm-zephyr-eabi/lib/thumb/v8-m.main/nofp\libc_nano.a(lib_a-nano-mallocr.o)
                0x0000000000011edc                _malloc_r
 .text._sbrk_r  0x0000000000011f90       0x20 C:/ncs/toolchains/31f4403e35/opt/zephyr-sdk/arm-zephyr-eabi/arm-zephyr-eabi/lib/thumb/v8-m.main/nofp\libc_nano.a(lib_a-sbrkr.o)
                0x0000000000011f90                _sbrk_r
 .text._strtol_l.constprop.0
                0x0000000000011fb0       0xfc C:/ncs/toolchains/31f4403e35/opt/zephyr-sdk/arm-zephyr-eabi/arm-zephyr-eabi/lib/thumb/v8-m.main/nofp\libc_nano.a(lib_a-strtol.o)
 .text.strtol   0x00000000000120ac       0x14 C:/ncs/toolchains/31f4403e35/opt/zephyr-sdk/arm-zephyr-eabi/arm-zephyr-eabi/lib/thumb/v8-m.main/nofp\libc_nano.a(lib_a-strtol.o)
                0x00000000000120ac                strtol
 .text._strtoul_l.constprop.0
                0x00000000000120c0       0xe4 C:/ncs/toolchains/31f4403e35/opt/zephyr-sdk/arm-zephyr-eabi/arm-zephyr-eabi/lib/thumb/v8-m.main/nofp\libc_nano.a(lib_a-strtoul.o)
 .text.strtoul  0x00000000000121a4       0x14 C:/ncs/toolchains/31f4403e35/opt/zephyr-sdk/arm-zephyr-eabi/arm-zephyr-eabi/lib/thumb/v8-m.main/nofp\libc_nano.a(lib_a-strtoul.o)
                0x00000000000121a4                strtoul
 .text.vsnprintf
                0x00000000000121b8       0x1c C:/ncs/toolchains/31f4403e35/opt/zephyr-sdk/arm-zephyr-eabi/arm-zephyr-eabi/lib/thumb/v8-m.main/nofp\libc_nano.a(lib_a-vsnprintf.o)
                0x00000000000121b8                vsniprintf
                0x00000000000121b8                vsnprintf
 .text.__malloc_lock
                0x00000000000121d4        0xc C:/ncs/toolchains/31f4403e35/opt/zephyr-sdk/arm-zephyr-eabi/arm-zephyr-eabi/lib/thumb/v8-m.main/nofp\libc_nano.a(lib_a-mlock.o)
                0x00000000000121d4                __malloc_lock
 .text.__malloc_unlock
                0x00000000000121e0        0xc C:/ncs/toolchains/31f4403e35/opt/zephyr-sdk/arm-zephyr-eabi/arm-zephyr-eabi/lib/thumb/v8-m.main/nofp\libc_nano.a(lib_a-mlock.o)
                0x00000000000121e0                __malloc_unlock
 .text._svfprintf_r
                0x00000000000121ec      0x1f8 C:/ncs/toolchains/31f4403e35/opt/zephyr-sdk/arm-zephyr-eabi/arm-zephyr-eabi/lib/thumb/v8-m.main/nofp\libc_nano.a(lib_a-nano-svfprintf.o)
                0x00000000000121ec                _svfiprintf_r
                0x00000000000121ec                _svfprintf_r
 .text._printf_i
                0x00000000000123e4      0x25c C:/ncs/toolchains/31f4403e35/opt/zephyr-sdk/arm-zephyr-eabi/arm-zephyr-eabi/lib/thumb/v8-m.main/nofp\libc_nano.a(lib_a-nano-vfprintf_i.o)
                0x00000000000123e4                _printf_i
 .text.z_fdtable_call_ioctl.constprop.0
                0x0000000000012640       0x1e zephyr/libzephyr.a(fdtable.c.obj)
 .text.arch_printk_char_out
                0x000000000001265e        0x4 zephyr/libzephyr.a(printk.c.obj)
                0x000000000001265e                arch_printk_char_out
 .text.printk   0x0000000000012662       0x1a zephyr/libzephyr.a(printk.c.obj)
                0x0000000000012662                printk
 .text.z_thread_entry
                0x000000000001267c       0x14 zephyr/libzephyr.a(thread_entry.c.obj)
                0x000000000001267c                z_thread_entry
 .text.chunk_size
                0x0000000000012690        0xa zephyr/libzephyr.a(heap.c.obj)
 .text.free_list_add
                0x000000000001269a       0x4e zephyr/libzephyr.a(heap.c.obj)
 .text.free_list_remove_bidx
                0x00000000000126e8       0x3a zephyr/libzephyr.a(heap.c.obj)
 .text.free_list_remove
                0x0000000000012722       0x1a zephyr/libzephyr.a(heap.c.obj)
 .text.alloc_chunk
                0x000000000001273c       0x6e zephyr/libzephyr.a(heap.c.obj)
 .text.merge_chunks
                0x00000000000127aa       0x2c zephyr/libzephyr.a(heap.c.obj)
 .text.split_chunks
                0x00000000000127d6       0x34 zephyr/libzephyr.a(heap.c.obj)
 .text.free_chunk
                0x000000000001280a       0x62 zephyr/libzephyr.a(heap.c.obj)
 .text.sys_heap_alloc
                0x000000000001286c       0x52 zephyr/libzephyr.a(heap.c.obj)
                0x000000000001286c                sys_heap_alloc
 .text.process_recheck
                0x00000000000128be       0x38 zephyr/libzephyr.a(onoff.c.obj)
 .text.validate_args
                0x00000000000128f6       0x20 zephyr/libzephyr.a(onoff.c.obj)
 .text.notify_one
                0x0000000000012916       0x2c zephyr/libzephyr.a(onoff.c.obj)
 .text.onoff_manager_init
                0x0000000000012942       0x26 zephyr/libzephyr.a(onoff.c.obj)
                0x0000000000012942                onoff_manager_init
 .text.sys_notify_validate
                0x0000000000012968       0x28 zephyr/libzephyr.a(notify.c.obj)
                0x0000000000012968                sys_notify_validate
 .text.outs     0x0000000000012990       0x2e zephyr/libzephyr.a(cbprintf_complete.c.obj)
 .text.assert_post_action
                0x00000000000129be        0xe zephyr/libzephyr.a(assert.c.obj)
                0x00000000000129be                assert_post_action
 .text.assert_print
                0x00000000000129cc       0x1a zephyr/libzephyr.a(assert.c.obj)
                0x00000000000129cc                assert_print
 .text._ConfigAbsSyms
                0x00000000000129e6        0x2 zephyr/libzephyr.a(configs.c.obj)
                0x00000000000129e6                _ConfigAbsSyms
 .text.pm_state_set
                0x00000000000129e8       0x18 zephyr/libzephyr.a(power.c.obj)
                0x00000000000129e8                pm_state_set
 .text.pm_state_exit_post_ops
                0x0000000000012a00        0xc zephyr/libzephyr.a(power.c.obj)
                0x0000000000012a00                pm_state_exit_post_ops
 .text.z_arm_fatal_error
                0x0000000000012a0c        0x4 zephyr/arch/arch/arm/core/aarch32/libarch__arm__core__aarch32.a(fatal.c.obj)
                0x0000000000012a0c                z_arm_fatal_error
 .text.z_do_kernel_oops
                0x0000000000012a10        0x8 zephyr/arch/arch/arm/core/aarch32/libarch__arm__core__aarch32.a(fatal.c.obj)
                0x0000000000012a10                z_do_kernel_oops
 .text.z_irq_spurious
                0x0000000000012a18        0x8 zephyr/arch/arch/arm/core/aarch32/libarch__arm__core__aarch32.a(irq_manage.c.obj)
                0x0000000000012a18                z_irq_spurious
 .text.z_arm_nmi
                0x0000000000012a20        0xe zephyr/arch/arch/arm/core/aarch32/libarch__arm__core__aarch32.a(nmi.c.obj)
                0x0000000000012a20                z_arm_nmi
 .text.configure_builtin_stack_guard
                0x0000000000012a2e        0x8 zephyr/arch/arch/arm/core/aarch32/libarch__arm__core__aarch32.a(thread.c.obj)
                0x0000000000012a2e                configure_builtin_stack_guard
 .text.z_arm_save_fp_context
                0x0000000000012a36        0x2 zephyr/arch/arch/arm/core/aarch32/cortex_m/libarch__arm__core__aarch32__cortex_m.a(fpu.c.obj)
                0x0000000000012a36                z_arm_save_fp_context
 .text.z_arm_restore_fp_context
                0x0000000000012a38        0x2 zephyr/arch/arch/arm/core/aarch32/cortex_m/libarch__arm__core__aarch32__cortex_m.a(fpu.c.obj)
                0x0000000000012a38                z_arm_restore_fp_context
 .text.arm_cmse_mpu_region_get
                0x0000000000012a3a       0x12 zephyr/arch/arch/arm/core/aarch32/cortex_m/cmse/libarch__arm__core__aarch32__cortex_m__cmse.a(arm_core_cmse.c.obj)
                0x0000000000012a3a                arm_cmse_mpu_region_get
 .text.mpu_configure_region
                0x0000000000012a4c       0x3a zephyr/arch/arch/arm/core/aarch32/mpu/libarch__arm__core__aarch32__mpu.a(arm_mpu.c.obj)
 .text._stdout_hook_default
                0x0000000000012a86        0x6 zephyr/lib/libc/newlib/liblib__libc__newlib.a(libc-hooks.c.obj)
 .text.__errno  0x0000000000012a8c        0x4 zephyr/lib/libc/newlib/liblib__libc__newlib.a(libc-hooks.c.obj)
                0x0000000000012a8c                __errno
 .text.offloaded_netdev_if_enable
                0x0000000000012a90       0x12 zephyr/subsys/net/l2/offloaded_netdev/libsubsys__net__l2__offloaded_netdev.a(offloaded_netdev.c.obj)
 .text.net_init
                0x0000000000012aa2        0xe zephyr/subsys/net/ip/libsubsys__net__ip.a(net_core.c.obj)
 .text.net_if_l2
                0x0000000000012ab0        0xa zephyr/subsys/net/ip/libsubsys__net__ip.a(net_if.c.obj)
 .text.net_if_flag_is_set
                0x0000000000012aba       0x12 zephyr/subsys/net/ip/libsubsys__net__ip.a(net_if.c.obj)
 .text.l2_flags_get.isra.0
                0x0000000000012acc       0x18 zephyr/subsys/net/ip/libsubsys__net__ip.a(net_if.c.obj)
 .text.net_if_up
                0x0000000000012ae4       0x4e zephyr/subsys/net/ip/libsubsys__net__ip.a(net_if.c.obj)
                0x0000000000012ae4                net_if_up
 .text.set_on_state
                0x0000000000012b32       0x26 zephyr/drivers/clock_control/libdrivers__clock_control.a(clock_control_nrf.c.obj)
 .text.async_start
                0x0000000000012b58       0x5e zephyr/drivers/clock_control/libdrivers__clock_control.a(clock_control_nrf.c.obj)
 .text.api_start
                0x0000000000012bb6        0xe zephyr/drivers/clock_control/libdrivers__clock_control.a(clock_control_nrf.c.obj)
 .text.onoff_started_callback
                0x0000000000012bc4        0xc zephyr/drivers/clock_control/libdrivers__clock_control.a(clock_control_nrf.c.obj)
 .text.lfclk_start
                0x0000000000012bd0        0x6 zephyr/drivers/clock_control/libdrivers__clock_control.a(clock_control_nrf.c.obj)
 .text.lfclk_stop
                0x0000000000012bd6        0x6 zephyr/drivers/clock_control/libdrivers__clock_control.a(clock_control_nrf.c.obj)
 .text.blocking_start_callback
                0x0000000000012bdc        0x6 zephyr/drivers/clock_control/libdrivers__clock_control.a(clock_control_nrf.c.obj)
 .text.api_stop
                0x0000000000012be2        0x6 zephyr/drivers/clock_control/libdrivers__clock_control.a(clock_control_nrf.c.obj)
 .text.entropy_psa_crypto_rng_get_entropy
                0x0000000000012be8       0x14 zephyr/drivers/entropy/libdrivers__entropy.a(entropy_psa_crypto.c.obj)
 .text.entropy_psa_crypto_rng_init
                0x0000000000012bfc       0x10 zephyr/drivers/entropy/libdrivers__entropy.a(entropy_psa_crypto.c.obj)
 .text.gpio_nrfx_port_get_raw
                0x0000000000012c0c        0xc zephyr/drivers/gpio/libdrivers__gpio.a(gpio_nrfx.c.obj)
 .text.gpio_nrfx_port_set_masked_raw
                0x0000000000012c18       0x14 zephyr/drivers/gpio/libdrivers__gpio.a(gpio_nrfx.c.obj)
 .text.gpio_nrfx_port_set_bits_raw
                0x0000000000012c2c        0xa zephyr/drivers/gpio/libdrivers__gpio.a(gpio_nrfx.c.obj)
 .text.gpio_nrfx_port_clear_bits_raw
                0x0000000000012c36        0xa zephyr/drivers/gpio/libdrivers__gpio.a(gpio_nrfx.c.obj)
 .text.gpio_nrfx_port_toggle_bits
                0x0000000000012c40       0x14 zephyr/drivers/gpio/libdrivers__gpio.a(gpio_nrfx.c.obj)
 .text.pinctrl_lookup_state
                0x0000000000012c54       0x26 zephyr/drivers/pinctrl/libdrivers__pinctrl.a(common.c.obj)
                0x0000000000012c54                pinctrl_lookup_state
 .text.pinctrl_configure_pins
                0x0000000000012c7a      0x128 zephyr/drivers/pinctrl/libdrivers__pinctrl.a(pinctrl_nrf.c.obj)
                0x0000000000012c7a                pinctrl_configure_pins
 .text.uarte_nrfx_config_get
                0x0000000000012da2       0x10 zephyr/drivers/serial/libdrivers__serial.a(uart_nrfx_uarte.c.obj)
 .text.uarte_nrfx_err_check
                0x0000000000012db2        0xe zephyr/drivers/serial/libdrivers__serial.a(uart_nrfx_uarte.c.obj)
 .text.tx_start
                0x0000000000012dc0       0x3e zephyr/drivers/serial/libdrivers__serial.a(uart_nrfx_uarte.c.obj)
 .text.uarte_nrfx_poll_in
                0x0000000000012dfe       0x28 zephyr/drivers/serial/libdrivers__serial.a(uart_nrfx_uarte.c.obj)
 .text.uarte_nrfx_fifo_read
                0x0000000000012e26       0x2e zephyr/drivers/serial/libdrivers__serial.a(uart_nrfx_uarte.c.obj)
 .text.uarte_nrfx_irq_tx_enable
                0x0000000000012e54       0x2e zephyr/drivers/serial/libdrivers__serial.a(uart_nrfx_uarte.c.obj)
 .text.uarte_nrfx_irq_tx_disable
                0x0000000000012e82        0xa zephyr/drivers/serial/libdrivers__serial.a(uart_nrfx_uarte.c.obj)
 .text.uarte_nrfx_irq_tx_ready_complete
                0x0000000000012e8c       0x2a zephyr/drivers/serial/libdrivers__serial.a(uart_nrfx_uarte.c.obj)
 .text.uarte_nrfx_irq_rx_ready
                0x0000000000012eb6       0x10 zephyr/drivers/serial/libdrivers__serial.a(uart_nrfx_uarte.c.obj)
 .text.uarte_nrfx_irq_rx_enable
                0x0000000000012ec6        0xc zephyr/drivers/serial/libdrivers__serial.a(uart_nrfx_uarte.c.obj)
 .text.uarte_nrfx_irq_rx_disable
                0x0000000000012ed2        0xc zephyr/drivers/serial/libdrivers__serial.a(uart_nrfx_uarte.c.obj)
 .text.uarte_nrfx_irq_err_enable
                0x0000000000012ede        0xe zephyr/drivers/serial/libdrivers__serial.a(uart_nrfx_uarte.c.obj)
 .text.uarte_nrfx_irq_err_disable
                0x0000000000012eec        0xe zephyr/drivers/serial/libdrivers__serial.a(uart_nrfx_uarte.c.obj)
 .text.uarte_nrfx_irq_is_pending
                0x0000000000012efa       0x36 zephyr/drivers/serial/libdrivers__serial.a(uart_nrfx_uarte.c.obj)
 .text.uarte_nrfx_irq_update
                0x0000000000012f30        0x4 zephyr/drivers/serial/libdrivers__serial.a(uart_nrfx_uarte.c.obj)
 .text.uarte_nrfx_irq_callback_set
                0x0000000000012f34        0xc zephyr/drivers/serial/libdrivers__serial.a(uart_nrfx_uarte.c.obj)
 .text.is_tx_ready.isra.0
                0x0000000000012f40       0x20 zephyr/drivers/serial/libdrivers__serial.a(uart_nrfx_uarte.c.obj)
 .text.uarte_nrfx_fifo_fill
                0x0000000000012f60       0x70 zephyr/drivers/serial/libdrivers__serial.a(uart_nrfx_uarte.c.obj)
 .text.uarte_nrfx_isr_int
                0x0000000000012fd0       0xc0 zephyr/drivers/serial/libdrivers__serial.a(uart_nrfx_uarte.c.obj)
 .text.sys_clock_idle_exit
                0x0000000000013090        0x2 zephyr/drivers/timer/libdrivers__timer.a(sys_clock_init.c.obj)
                0x0000000000013090                sys_clock_idle_exit
 .text.nrf_modem_os_busywait
                0x0000000000013092        0x4 modules/nrf/lib/nrf_modem_lib/lib..__nrf__lib__nrf_modem_lib.a(nrf_modem_os.c.obj)
                0x0000000000013092                nrf_modem_os_busywait
 .text.nrf_modem_os_is_in_isr
                0x0000000000013096        0x4 modules/nrf/lib/nrf_modem_lib/lib..__nrf__lib__nrf_modem_lib.a(nrf_modem_os.c.obj)
                0x0000000000013096                nrf_modem_os_is_in_isr
 .text.nrf91_iface_enable
                0x000000000001309a        0x4 modules/nrf/lib/nrf_modem_lib/lib..__nrf__lib__nrf_modem_lib.a(nrf91_sockets.c.obj)
 .text.nrf91_socket_offload_setsockopt
                0x000000000001309e       0x6e modules/nrf/lib/nrf_modem_lib/lib..__nrf__lib__nrf_modem_lib.a(nrf91_sockets.c.obj)
 .text.nrf91_socket_offload_getsockopt
                0x000000000001310c       0x9c modules/nrf/lib/nrf_modem_lib/lib..__nrf__lib__nrf_modem_lib.a(nrf91_sockets.c.obj)
 .text.nrf91_socket_offload_listen
                0x00000000000131a8        0x6 modules/nrf/lib/nrf_modem_lib/lib..__nrf__lib__nrf_modem_lib.a(nrf91_sockets.c.obj)
 .text.nrf91_socket_offload_freeaddrinfo
                0x00000000000131ae       0x1a modules/nrf/lib/nrf_modem_lib/lib..__nrf__lib__nrf_modem_lib.a(nrf91_sockets.c.obj)
 .text.nrf_to_z_ipv6
                0x00000000000131c8       0x28 modules/nrf/lib/nrf_modem_lib/lib..__nrf__lib__nrf_modem_lib.a(nrf91_sockets.c.obj)
 .text.z_to_nrf_ipv6
                0x00000000000131f0       0x32 modules/nrf/lib/nrf_modem_lib/lib..__nrf__lib__nrf_modem_lib.a(nrf91_sockets.c.obj)
 .text.nrf91_socket_offload_sendto
                0x0000000000013222       0x7e modules/nrf/lib/nrf_modem_lib/lib..__nrf__lib__nrf_modem_lib.a(nrf91_sockets.c.obj)
 .text.nrf91_socket_offload_write
                0x00000000000132a0       0x12 modules/nrf/lib/nrf_modem_lib/lib..__nrf__lib__nrf_modem_lib.a(nrf91_sockets.c.obj)
 .text.nrf91_socket_offload_connect
                0x00000000000132b2       0x48 modules/nrf/lib/nrf_modem_lib/lib..__nrf__lib__nrf_modem_lib.a(nrf91_sockets.c.obj)
 .text.nrf91_socket_offload_bind
                0x00000000000132fa       0x4a modules/nrf/lib/nrf_modem_lib/lib..__nrf__lib__nrf_modem_lib.a(nrf91_sockets.c.obj)
 .text.k_mutex_lock.constprop.0.isra.0
                0x0000000000013344        0x4 modules/nrf/lib/nrf_modem_lib/lib..__nrf__lib__nrf_modem_lib.a(nrf91_sockets.c.obj)
 .text.k_mutex_unlock.isra.0
                0x0000000000013348        0x4 modules/nrf/lib/nrf_modem_lib/lib..__nrf__lib__nrf_modem_lib.a(nrf91_sockets.c.obj)
 .text.nrf91_socket_offload_recvfrom
                0x000000000001334c       0xaa modules/nrf/lib/nrf_modem_lib/lib..__nrf__lib__nrf_modem_lib.a(nrf91_sockets.c.obj)
 .text.nrf91_socket_offload_read
                0x00000000000133f6       0x12 modules/nrf/lib/nrf_modem_lib/lib..__nrf__lib__nrf_modem_lib.a(nrf91_sockets.c.obj)
 .text.nrf91_socket_offload_close
                0x0000000000013408       0x18 modules/nrf/lib/nrf_modem_lib/lib..__nrf__lib__nrf_modem_lib.a(nrf91_sockets.c.obj)
 .text.nrf_modem_fault_handler
                0x0000000000013420        0x2 modules/nrf/lib/nrf_modem_lib/lib..__nrf__lib__nrf_modem_lib.a(fault.c.obj)
                0x0000000000013420                nrf_modem_fault_handler
 .text.response_handler
                0x0000000000013422        0x4 modules/nrf/lib/at_host/lib..__nrf__lib__at_host.a(at_host.c.obj)
 .text.k_sys_fatal_error_handler
                0x0000000000013426        0x8 modules/nrf/lib/fatal_error/lib..__nrf__lib__fatal_error.a(fatal_error.c.obj)
                0x0000000000013426                k_sys_fatal_error_handler
 .text.ns_interface_init
                0x000000000001342e        0x4 modules/trusted-firmware-m/libtfm_api.a(interface.c.obj)
 .text.psa_crypto_init
                0x0000000000013432        0x4 modules/trusted-firmware-m/libtfm_api.a(tfm_crypto_api.c.obj)
                0x0000000000013432                psa_crypto_init
 .text.SystemInit
                0x0000000000013436        0x2 modules/hal_nordic/nrfx/libmodules__hal_nordic__nrfx.a(system_nrf91.c.obj)
                0x0000000000013436                SystemInit
 .text.nrfx_isr
                0x0000000000013438        0x2 modules/hal_nordic/nrfx/libmodules__hal_nordic__nrfx.a(nrfx_glue.c.obj)
                0x0000000000013438                nrfx_isr
 .text.nrfx_busy_wait
                0x000000000001343a        0x4 modules/hal_nordic/nrfx/libmodules__hal_nordic__nrfx.a(nrfx_glue.c.obj)
                0x000000000001343a                nrfx_busy_wait
 .text.nrf_gpio_pin_present_check
                0x000000000001343e       0x18 modules/hal_nordic/nrfx/libmodules__hal_nordic__nrfx.a(nrfx_gpiote.c.obj)
 .text.pin_is_task_output
                0x0000000000013456       0x16 modules/hal_nordic/nrfx/libmodules__hal_nordic__nrfx.a(nrfx_gpiote.c.obj)
 .text.nrf_gpio_reconfigure
                0x000000000001346c       0x9a modules/hal_nordic/nrfx/libmodules__hal_nordic__nrfx.a(nrfx_gpiote.c.obj)
 .text.nrf_gpio_cfg_sense_set
                0x0000000000013506       0x1e modules/hal_nordic/nrfx/libmodules__hal_nordic__nrfx.a(nrfx_gpiote.c.obj)
 .text.rpc_handle_ctrl_message
                0x0000000000013524       0x30 C:/ncs/v2.4.0/nrfxlib/nrf_modem/lib/cortex-m33/soft-float/libmodem.a(rpc_framework.c.obj)
                0x0000000000013524                rpc_handle_ctrl_message
 .text.rpc_init
                0x0000000000013554        0x4 C:/ncs/v2.4.0/nrfxlib/nrf_modem/lib/cortex-m33/soft-float/libmodem.a(rpc_framework.c.obj)
                0x0000000000013554                rpc_init
 .text.rpc_list_preambles_init
                0x0000000000013558       0x20 C:/ncs/v2.4.0/nrfxlib/nrf_modem/lib/cortex-m33/soft-float/libmodem.a(rpc_transport_ipc.c.obj)
 .text.rpc_transport_ipc_data_rx_resume
                0x0000000000013578        0x6 C:/ncs/v2.4.0/nrfxlib/nrf_modem/lib/cortex-m33/soft-float/libmodem.a(rpc_transport_ipc.c.obj)
 .text.rpc_transport_ipc_data_rx_suspend
                0x000000000001357e        0x6 C:/ncs/v2.4.0/nrfxlib/nrf_modem/lib/cortex-m33/soft-float/libmodem.a(rpc_transport_ipc.c.obj)
 .text.rpc_transport_ipc_shutdown
                0x0000000000013584        0x4 C:/ncs/v2.4.0/nrfxlib/nrf_modem/lib/cortex-m33/soft-float/libmodem.a(rpc_transport_ipc.c.obj)
 .text.rpc_transport_ipc_msg_alloc
                0x0000000000013588       0x4a C:/ncs/v2.4.0/nrfxlib/nrf_modem/lib/cortex-m33/soft-float/libmodem.a(rpc_transport_ipc.c.obj)
 .text.rpc_client_msg_from_rpc_msg_get
                0x00000000000135d2        0x4 C:/ncs/v2.4.0/nrfxlib/nrf_modem/lib/cortex-m33/soft-float/libmodem.a(rpc_client.c.obj)
                0x00000000000135d2                rpc_client_msg_from_rpc_msg_get
 .text.rpc_client_msg_alloc
                0x00000000000135d6       0x38 C:/ncs/v2.4.0/nrfxlib/nrf_modem/lib/cortex-m33/soft-float/libmodem.a(rpc_client.c.obj)
                0x00000000000135d6                rpc_client_msg_alloc
 .text.rpc_client_msg_send
                0x000000000001360e        0xe C:/ncs/v2.4.0/nrfxlib/nrf_modem/lib/cortex-m33/soft-float/libmodem.a(rpc_client.c.obj)
                0x000000000001360e                rpc_client_msg_send
 .text.rpc_client_msg_rx_free
                0x000000000001361c        0x6 C:/ncs/v2.4.0/nrfxlib/nrf_modem/lib/cortex-m33/soft-float/libmodem.a(rpc_client.c.obj)
                0x000000000001361c                rpc_client_msg_rx_free
 .text.rpc_client_msg_data_rx_free
                0x0000000000013622        0x4 C:/ncs/v2.4.0/nrfxlib/nrf_modem/lib/cortex-m33/soft-float/libmodem.a(rpc_client.c.obj)
                0x0000000000013622                rpc_client_msg_data_rx_free
 .text.rpc_client_msg_data_tx_size
                0x0000000000013626        0x4 C:/ncs/v2.4.0/nrfxlib/nrf_modem/lib/cortex-m33/soft-float/libmodem.a(rpc_client.c.obj)
                0x0000000000013626                rpc_client_msg_data_tx_size
 .text.rpc_client_msg_data_tx_alloc
                0x000000000001362a        0x4 C:/ncs/v2.4.0/nrfxlib/nrf_modem/lib/cortex-m33/soft-float/libmodem.a(rpc_client.c.obj)
                0x000000000001362a                rpc_client_msg_data_tx_alloc
 .text.rpc_client_msg_data_tx_free
                0x000000000001362e       0x10 C:/ncs/v2.4.0/nrfxlib/nrf_modem/lib/cortex-m33/soft-float/libmodem.a(rpc_client.c.obj)
                0x000000000001362e                rpc_client_msg_data_tx_free
 .text.sockaddr_init
                0x000000000001363e       0x72 C:/ncs/v2.4.0/nrfxlib/nrf_modem/lib/cortex-m33/soft-float/libmodem.a(addr.c.obj)
                0x000000000001363e                sockaddr_init
 .text.sock_pollcb
                0x00000000000136b0       0x30 C:/ncs/v2.4.0/nrfxlib/nrf_modem/lib/cortex-m33/soft-float/libmodem.a(sock.c.obj)
                0x00000000000136b0                sock_pollcb
 .text.sock_has_pkt
                0x00000000000136e0        0xa C:/ncs/v2.4.0/nrfxlib/nrf_modem/lib/cortex-m33/soft-float/libmodem.a(sock.c.obj)
                0x00000000000136e0                sock_has_pkt
 .text.sock_pkt_append
                0x00000000000136ea       0x14 C:/ncs/v2.4.0/nrfxlib/nrf_modem/lib/cortex-m33/soft-float/libmodem.a(sock.c.obj)
                0x00000000000136ea                sock_pkt_append
 .text.sock_pkt_remove
                0x00000000000136fe       0x28 C:/ncs/v2.4.0/nrfxlib/nrf_modem/lib/cortex-m33/soft-float/libmodem.a(sock.c.obj)
                0x00000000000136fe                sock_pkt_remove
 .text.sock_pkt_peek_head
                0x0000000000013726        0x4 C:/ncs/v2.4.0/nrfxlib/nrf_modem/lib/cortex-m33/soft-float/libmodem.a(sock.c.obj)
                0x0000000000013726                sock_pkt_peek_head
 .text.sock_is_stream
                0x000000000001372a        0xa C:/ncs/v2.4.0/nrfxlib/nrf_modem/lib/cortex-m33/soft-float/libmodem.a(sock.c.obj)
                0x000000000001372a                sock_is_stream
 .text.sock_is_datagram
                0x0000000000013734        0xa C:/ncs/v2.4.0/nrfxlib/nrf_modem/lib/cortex-m33/soft-float/libmodem.a(sock.c.obj)
                0x0000000000013734                sock_is_datagram
 .text.sock_is_raw
                0x000000000001373e        0xa C:/ncs/v2.4.0/nrfxlib/nrf_modem/lib/cortex-m33/soft-float/libmodem.a(sock.c.obj)
                0x000000000001373e                sock_is_raw
 .text.sock_proto_is_secure
                0x0000000000013748       0x18 C:/ncs/v2.4.0/nrfxlib/nrf_modem/lib/cortex-m33/soft-float/libmodem.a(sock.c.obj)
                0x0000000000013748                sock_proto_is_secure
 .text.sock_is_connecting
                0x0000000000013760        0x8 C:/ncs/v2.4.0/nrfxlib/nrf_modem/lib/cortex-m33/soft-float/libmodem.a(sock.c.obj)
                0x0000000000013760                sock_is_connecting
 .text.sock_is_connected
                0x0000000000013768        0x8 C:/ncs/v2.4.0/nrfxlib/nrf_modem/lib/cortex-m33/soft-float/libmodem.a(sock.c.obj)
                0x0000000000013768                sock_is_connected
 .text.sock_is_attaching
                0x0000000000013770        0x8 C:/ncs/v2.4.0/nrfxlib/nrf_modem/lib/cortex-m33/soft-float/libmodem.a(sock.c.obj)
                0x0000000000013770                sock_is_attaching
 .text.sock_is_nonblock
                0x0000000000013778        0x8 C:/ncs/v2.4.0/nrfxlib/nrf_modem/lib/cortex-m33/soft-float/libmodem.a(sock.c.obj)
                0x0000000000013778                sock_is_nonblock
 .text.sock_is_closed
                0x0000000000013780        0x8 C:/ncs/v2.4.0/nrfxlib/nrf_modem/lib/cortex-m33/soft-float/libmodem.a(sock.c.obj)
                0x0000000000013780                sock_is_closed
 .text.sock_is_local_closed
                0x0000000000013788        0x8 C:/ncs/v2.4.0/nrfxlib/nrf_modem/lib/cortex-m33/soft-float/libmodem.a(sock.c.obj)
                0x0000000000013788                sock_is_local_closed
 .text.sock_is_eof
                0x0000000000013790       0x16 C:/ncs/v2.4.0/nrfxlib/nrf_modem/lib/cortex-m33/soft-float/libmodem.a(sock.c.obj)
                0x0000000000013790                sock_is_eof
 .text.sock_has_stream_error
                0x00000000000137a6        0x6 C:/ncs/v2.4.0/nrfxlib/nrf_modem/lib/cortex-m33/soft-float/libmodem.a(sock.c.obj)
                0x00000000000137a6                sock_has_stream_error
 .text.sock_has_error
                0x00000000000137ac        0xe C:/ncs/v2.4.0/nrfxlib/nrf_modem/lib/cortex-m33/soft-float/libmodem.a(sock.c.obj)
                0x00000000000137ac                sock_has_error
 .text.sock_has_flow_control
                0x00000000000137ba        0x8 C:/ncs/v2.4.0/nrfxlib/nrf_modem/lib/cortex-m33/soft-float/libmodem.a(sock.c.obj)
                0x00000000000137ba                sock_has_flow_control
 .text.sock_has_pollcb
                0x00000000000137c2        0xa C:/ncs/v2.4.0/nrfxlib/nrf_modem/lib/cortex-m33/soft-float/libmodem.a(sock.c.obj)
                0x00000000000137c2                sock_has_pollcb
 .text.sock_has_rai_no_data
                0x00000000000137cc        0xc C:/ncs/v2.4.0/nrfxlib/nrf_modem/lib/cortex-m33/soft-float/libmodem.a(sock.c.obj)
                0x00000000000137cc                sock_has_rai_no_data
 .text.sock_can_read
                0x00000000000137d8        0xa C:/ncs/v2.4.0/nrfxlib/nrf_modem/lib/cortex-m33/soft-float/libmodem.a(sock.c.obj)
                0x00000000000137d8                sock_can_read
 .text.sock_can_accept
                0x00000000000137e2        0xa C:/ncs/v2.4.0/nrfxlib/nrf_modem/lib/cortex-m33/soft-float/libmodem.a(sock.c.obj)
                0x00000000000137e2                sock_can_accept
 .text.sock_can_send
                0x00000000000137ec       0x3c C:/ncs/v2.4.0/nrfxlib/nrf_modem/lib/cortex-m33/soft-float/libmodem.a(sock.c.obj)
                0x00000000000137ec                sock_can_send
 .text.sock_rcvtimeo_ms_get
                0x0000000000013828       0x24 C:/ncs/v2.4.0/nrfxlib/nrf_modem/lib/cortex-m33/soft-float/libmodem.a(sock.c.obj)
                0x0000000000013828                sock_rcvtimeo_ms_get
 .text.sock_sndtimeo_ms_get
                0x000000000001384c       0x24 C:/ncs/v2.4.0/nrfxlib/nrf_modem/lib/cortex-m33/soft-float/libmodem.a(sock.c.obj)
                0x000000000001384c                sock_sndtimeo_ms_get
 .text.sock_family_is_valid
                0x0000000000013870        0xc C:/ncs/v2.4.0/nrfxlib/nrf_modem/lib/cortex-m33/soft-float/libmodem.a(sock.c.obj)
                0x0000000000013870                sock_family_is_valid
 .text.sock_type_is_valid
                0x000000000001387c        0xc C:/ncs/v2.4.0/nrfxlib/nrf_modem/lib/cortex-m33/soft-float/libmodem.a(sock.c.obj)
                0x000000000001387c                sock_type_is_valid
 .text.sock_proto_supports_type
                0x0000000000013888       0x34 C:/ncs/v2.4.0/nrfxlib/nrf_modem/lib/cortex-m33/soft-float/libmodem.a(sock.c.obj)
                0x0000000000013888                sock_proto_supports_type
 .text.sock_sockaddr_len_is_valid
                0x00000000000138bc       0x28 C:/ncs/v2.4.0/nrfxlib/nrf_modem/lib/cortex-m33/soft-float/libmodem.a(sock.c.obj)
                0x00000000000138bc                sock_sockaddr_len_is_valid
 .text.sock_sockaddr_fam_is_valid
                0x00000000000138e4       0x20 C:/ncs/v2.4.0/nrfxlib/nrf_modem/lib/cortex-m33/soft-float/libmodem.a(sock.c.obj)
                0x00000000000138e4                sock_sockaddr_fam_is_valid
 .text.pkt_has_next
                0x0000000000013904        0xc C:/ncs/v2.4.0/nrfxlib/nrf_modem/lib/cortex-m33/soft-float/libmodem.a(packet.c.obj)
                0x0000000000013904                pkt_has_next
 .text.pkt_peek_next
                0x0000000000013910        0x6 C:/ncs/v2.4.0/nrfxlib/nrf_modem/lib/cortex-m33/soft-float/libmodem.a(packet.c.obj)
                0x0000000000013910                pkt_peek_next
 .text.pkt_bytes_get
                0x0000000000013916        0x8 C:/ncs/v2.4.0/nrfxlib/nrf_modem/lib/cortex-m33/soft-float/libmodem.a(packet.c.obj)
                0x0000000000013916                pkt_bytes_get
 .text.pkt_bytes_left
                0x000000000001391e        0x8 C:/ncs/v2.4.0/nrfxlib/nrf_modem/lib/cortex-m33/soft-float/libmodem.a(packet.c.obj)
                0x000000000001391e                pkt_bytes_left
 .text.pkt_free
                0x0000000000013926       0x1c C:/ncs/v2.4.0/nrfxlib/nrf_modem/lib/cortex-m33/soft-float/libmodem.a(packet.c.obj)
                0x0000000000013926                pkt_free
 .text.pkt_flush
                0x0000000000013942       0x1c C:/ncs/v2.4.0/nrfxlib/nrf_modem/lib/cortex-m33/soft-float/libmodem.a(packet.c.obj)
                0x0000000000013942                pkt_flush
 .text.on_conf_dnssrv_res
                0x000000000001395e        0x4 C:/ncs/v2.4.0/nrfxlib/nrf_modem/lib/cortex-m33/soft-float/libmodem.a(dns.c.obj)