Archive member included to satisfy reference by file (symbol)

platform/libplatform_s.a(system_nrf91.o)
                              secure_fw/CMakeFiles/tfm_s.dir/__/platform/ext/target/nordic_nrf/common/nrf91/gcc/startup_nrf91.o (SystemInit)
secure_fw/partitions/lib/runtime/libtfm_sprt.a(crt_memset.o)
                              c:/ncs/toolchains/31f4403e35/opt/zephyr-sdk/arm-zephyr-eabi/bin/../lib/gcc/arm-zephyr-eabi/12.2.0/../../../../arm-zephyr-eabi/lib/thumb/v8-m.main+fp/hard/crt0.o (memset)
secure_fw/spm/libtfm_spm.a(utilities.o)
                              secure_fw/CMakeFiles/tfm_s.dir/__/platform/ext/common/faults.o (tfm_core_panic)
secure_fw/spm/libtfm_spm.a(main.o)
                              c:/ncs/toolchains/31f4403e35/opt/zephyr-sdk/arm-zephyr-eabi/bin/../lib/gcc/arm-zephyr-eabi/12.2.0/../../../../arm-zephyr-eabi/lib/thumb/v8-m.main+fp/hard/crt0.o (main)
secure_fw/spm/libtfm_spm.a(spm_cross_call.o)
                              secure_fw/CMakeFiles/tfm_s.dir/partitions/ns_agent_tz/psa_api_veneers_v80m.o (spm_interface_cross_dispatcher)
secure_fw/spm/libtfm_spm.a(psa_api.o)
                              secure_fw/spm/libtfm_spm.a(spm_cross_call.o) (spm_handle_programmer_errors)
secure_fw/spm/libtfm_spm.a(backend_ipc.o)
                              secure_fw/spm/libtfm_spm.a(psa_api.o) (backend_messaging)
secure_fw/spm/libtfm_spm.a(tfm_core_svcalls_ipc.o)
                              secure_fw/spm/libtfm_spm.a(main.o) (tfm_core_handler_mode)
secure_fw/spm/libtfm_spm.a(thread.o)
                              secure_fw/spm/libtfm_spm.a(spm_cross_call.o) (thrd_next)
secure_fw/spm/libtfm_spm.a(tfm_arch_v8m_main.o)
                              secure_fw/spm/libtfm_spm.a(spm_cross_call.o) (arch_non_preempt_call)
secure_fw/spm/libtfm_spm.a(ns_agent_tz_v80m.o)
                              secure_fw/CMakeFiles/tfm_s.dir/partitions/ns_agent_tz/load_info_ns_agent_tz.o (ns_agent_tz_main)
secure_fw/spm/libtfm_spm.a(tfm_hal_isolation.o)
                              secure_fw/spm/libtfm_spm.a(backend_ipc.o) (tfm_hal_activate_boundary)
secure_fw/spm/libtfm_spm.a(target_cfg.o)
                              secure_fw/spm/libtfm_spm.a(tfm_hal_isolation.o) (sau_and_idau_cfg)
secure_fw/spm/libtfm_spm.a(tfm_boot_data.o)
                              secure_fw/spm/libtfm_spm.a(main.o) (tfm_core_validate_boot_data)
secure_fw/spm/libtfm_spm.a(tfm_arch.o)
                              secure_fw/spm/libtfm_spm.a(tfm_core_svcalls_ipc.o) (tfm_arch_free_msp_and_exc_ret)
secure_fw/spm/libtfm_spm.a(spm_ipc.o)
                              secure_fw/spm/libtfm_spm.a(psa_api.o) (tfm_spm_to_user_handle)
secure_fw/spm/libtfm_spm.a(static_loader.o)
                              secure_fw/spm/libtfm_spm.a(spm_ipc.o) (load_a_partition_assuredly)
secure_fw/spm/libtfm_spm.a(tfm_pools.o)
                              secure_fw/spm/libtfm_spm.a(spm_ipc.o) (tfm_pool_init)
secure_fw/spm/libtfm_spm.a(tfm_spm_ns_ctx.o)
                              secure_fw/spm/libtfm_spm.a(spm_ipc.o) (tfm_nspm_get_current_client_id)
secure_fw/spm/libtfm_spm.a(ns_agent_tz_init.o)
                              secure_fw/spm/libtfm_spm.a(ns_agent_tz_v80m.o) (ns_agent_tz_init_c)
secure_fw/spm/libtfm_spm.a(tfm_hal_platform_common.o)
                              secure_fw/spm/libtfm_spm.a(ns_agent_tz_init.o) (tfm_hal_get_ns_VTOR)
secure_fw/partitions/platform/libtfm_psa_rot_partition_platform.a(platform_sp.o)
                              secure_fw/CMakeFiles/tfm_s.dir/__/generated/secure_fw/partitions/platform/auto_generated/load_info_tfm_platform.o (tfm_platform_service_sfn)
secure_fw/partitions/platform/libtfm_psa_rot_partition_platform.a(intermedia_tfm_platform.o)
                              secure_fw/CMakeFiles/tfm_s.dir/__/generated/secure_fw/partitions/platform/auto_generated/load_info_tfm_platform.o (tfm_sp_platform_stack)
platform/libplatform_s.a(mpu_armv8m_drv.o)
                              secure_fw/spm/libtfm_spm.a(tfm_hal_isolation.o) (mpu_armv8m_enable)
platform/libplatform_s.a(spu.o)
                              secure_fw/spm/libtfm_spm.a(target_cfg.o) (spu_enable_interrupts)
platform/libplatform_s.a(tfm_hal_platform.o)
                              secure_fw/spm/libtfm_spm.a(main.o) (tfm_hal_platform_init)
platform/libplatform_s.a(dummy_otp.o)
                              secure_fw/spm/libtfm_spm.a(main.o) (tfm_plat_otp_init)
platform/libplatform_s.a(dummy_provisioning.o)
                              secure_fw/spm/libtfm_spm.a(main.o) (tfm_plat_provisioning_is_required)
platform/libplatform_s.a(tfm_platform_system.o)
                              secure_fw/partitions/platform/libtfm_psa_rot_partition_platform.a(platform_sp.o) (tfm_platform_hal_system_reset)
platform/libplatform_s.a(tfm_hal_reset_halt.o)
                              secure_fw/spm/libtfm_spm.a(utilities.o) (tfm_hal_system_reset)
platform/libplatform_s.a(tfm_hal_memory_symbols.o)
[...]
Memory Configuration

Name             Origin             Length             Attributes
FLASH            0x0000000000000000 0x0000000000008000 xr
RAM              0x0000000020000000 0x0000000000008000 xrw
*default*        0x0000000000000000 0xffffffffffffffff

Linker script and memory map

LOAD c:/ncs/toolchains/31f4403e35/opt/zephyr-sdk/arm-zephyr-eabi/bin/../lib/gcc/arm-zephyr-eabi/12.2.0/thumb/v8-m.main+fp/hard/crti.o
LOAD c:/ncs/toolchains/31f4403e35/opt/zephyr-sdk/arm-zephyr-eabi/bin/../lib/gcc/arm-zephyr-eabi/12.2.0/thumb/v8-m.main+fp/hard/crtbegin.o
LOAD c:/ncs/toolchains/31f4403e35/opt/zephyr-sdk/arm-zephyr-eabi/bin/../lib/gcc/arm-zephyr-eabi/12.2.0/../../../../arm-zephyr-eabi/lib/thumb/v8-m.main+fp/hard/crt0.o
LOAD secure_fw/CMakeFiles/tfm_s.dir/partitions/ns_agent_tz/psa_api_veneers_v80m.o
LOAD secure_fw/CMakeFiles/tfm_s.dir/__/platform/ext/target/nordic_nrf/common/nrf91/gcc/startup_nrf91.o
LOAD secure_fw/CMakeFiles/tfm_s.dir/__/platform/ext/common/faults.o
LOAD secure_fw/CMakeFiles/tfm_s.dir/__/generated/secure_fw/partitions/crypto/auto_generated/load_info_tfm_crypto.o
LOAD secure_fw/CMakeFiles/tfm_s.dir/__/generated/secure_fw/partitions/platform/auto_generated/load_info_tfm_platform.o
LOAD secure_fw/CMakeFiles/tfm_s.dir/partitions/ns_agent_tz/load_info_ns_agent_tz.o
LOAD platform/libplatform_s.a
LOAD secure_fw/partitions/lib/runtime/libtfm_sprt.a
LOAD secure_fw/spm/libtfm_spm.a
LOAD secure_fw/partitions/platform/libtfm_psa_rot_partition_platform.a
LOAD platform/libplatform_s.a
LOAD secure_fw/partitions/lib/runtime/libtfm_sprt.a
LOAD secure_fw/partitions/crypto/libtfm_psa_rot_partition_crypto.a
LOAD platform/libplatform_crypto_keys.a
LOAD secure_fw/partitions/crypto/mbedcrypto/nrf_security_src/libcrypto_service_mbedcrypto.a
LOAD platform/libplatform_s.a
LOAD secure_fw/partitions/lib/runtime/libtfm_sprt.a
LOAD secure_fw/partitions/crypto/libtfm_psa_rot_partition_crypto.a
LOAD platform/libplatform_crypto_keys.a
LOAD secure_fw/partitions/crypto/mbedcrypto/nrf_security_src/libcrypto_service_mbedcrypto.a
LOAD platform/libplatform_s.a
LOAD secure_fw/partitions/lib/runtime/libtfm_sprt.a
LOAD secure_fw/partitions/crypto/libtfm_psa_rot_partition_crypto.a
LOAD platform/libplatform_crypto_keys.a
LOAD secure_fw/partitions/crypto/mbedcrypto/nrf_security_src/libcrypto_service_mbedcrypto.a
LOAD C:/ncs/v2.4.0/nrfxlib/crypto/nrf_cc310_platform/lib/cortex-m33/hard-float/no-interrupts/libnrf_cc310_platform_0.9.17.a
LOAD C:/ncs/v2.4.0/nrfxlib/crypto/nrf_oberon/lib/cortex-m33/hard-float/liboberon_mbedtls_3.0.13.a
LOAD secure_fw/partitions/crypto/mbedcrypto/nrf_security_src/libmbedcrypto_base.a
LOAD C:/ncs/v2.4.0/nrfxlib/crypto/nrf_oberon/lib/cortex-m33/hard-float/liboberon_3.0.13.a
LOAD c:/ncs/toolchains/31f4403e35/opt/zephyr-sdk/arm-zephyr-eabi/bin/../lib/gcc/arm-zephyr-eabi/12.2.0/../../../../arm-zephyr-eabi/lib/thumb/v8-m.main+fp/hard\libc_nano.a
START GROUP
LOAD c:/ncs/toolchains/31f4403e35/opt/zephyr-sdk/arm-zephyr-eabi/bin/../lib/gcc/arm-zephyr-eabi/12.2.0/thumb/v8-m.main+fp/hard\libgcc.a
LOAD c:/ncs/toolchains/31f4403e35/opt/zephyr-sdk/arm-zephyr-eabi/bin/../lib/gcc/arm-zephyr-eabi/12.2.0/../../../../arm-zephyr-eabi/lib/thumb/v8-m.main+fp/hard\libc_nano.a
END GROUP
START GROUP
LOAD c:/ncs/toolchains/31f4403e35/opt/zephyr-sdk/arm-zephyr-eabi/bin/../lib/gcc/arm-zephyr-eabi/12.2.0/thumb/v8-m.main+fp/hard\libgcc.a
LOAD c:/ncs/toolchains/31f4403e35/opt/zephyr-sdk/arm-zephyr-eabi/bin/../lib/gcc/arm-zephyr-eabi/12.2.0/../../../../arm-zephyr-eabi/lib/thumb/v8-m.main+fp/hard\libc_nano.a
END GROUP
LOAD c:/ncs/toolchains/31f4403e35/opt/zephyr-sdk/arm-zephyr-eabi/bin/../lib/gcc/arm-zephyr-eabi/12.2.0/thumb/v8-m.main+fp/hard/crtend.o
LOAD c:/ncs/toolchains/31f4403e35/opt/zephyr-sdk/arm-zephyr-eabi/bin/../lib/gcc/arm-zephyr-eabi/12.2.0/thumb/v8-m.main+fp/hard/crtn.o
                0x0000000000000800                __msp_stack_size__ = 0x800
START GROUP
LOAD c:/ncs/toolchains/31f4403e35/opt/zephyr-sdk/arm-zephyr-eabi/bin/../lib/gcc/arm-zephyr-eabi/12.2.0/thumb/v8-m.main+fp/hard\libgcc.a
LOAD c:/ncs/toolchains/31f4403e35/opt/zephyr-sdk/arm-zephyr-eabi/bin/../lib/gcc/arm-zephyr-eabi/12.2.0/../../../../arm-zephyr-eabi/lib/thumb/v8-m.main+fp/hard\libc.a
LOAD c:/ncs/toolchains/31f4403e35/opt/zephyr-sdk/arm-zephyr-eabi/bin/../lib/gcc/arm-zephyr-eabi/12.2.0/../../../../arm-zephyr-eabi/lib/thumb/v8-m.main+fp/hard\libm.a
LOAD c:/ncs/toolchains/31f4403e35/opt/zephyr-sdk/arm-zephyr-eabi/bin/../lib/gcc/arm-zephyr-eabi/12.2.0/../../../../arm-zephyr-eabi/lib/thumb/v8-m.main+fp/hard\libnosys.a
LOAD c:/ncs/toolchains/31f4403e35/opt/zephyr-sdk/arm-zephyr-eabi/bin/../lib/gcc/arm-zephyr-eabi/12.2.0/../../../../arm-zephyr-eabi/lib/thumb/v8-m.main+fp/hard\libc_nano.a
END GROUP

.TFM_VECTORS    0x0000000000000000      0x144
                0x0000000000000000                __vectors_start__ = .
 *(.vectors)
 .vectors       0x0000000000000000      0x144 secure_fw/CMakeFiles/tfm_s.dir/__/platform/ext/target/nordic_nrf/common/nrf91/gcc/startup_nrf91.o
                0x0000000000000000                __Vectors
                0x0000000000000144                . = ALIGN (0x4)
                0x0000000000000144                __vectors_end__ = .
                0x0000000000000001                ASSERT ((. <= (ADDR (.TFM_VECTORS) + 0x144)), .TFM_VECTORS section size overflow.)
                0x0000000000000144                . = (ADDR (.TFM_VECTORS) + 0x144)

.copy.table     0x0000000000000144       0x24
                0x0000000000000144                __copy_table_start__ = .
                0x0000000000000144        0x4 LONG 0x7c20 LOADADDR (.TFM_DATA)
                0x0000000000000148        0x4 LONG 0x20001d80 ADDR (.TFM_DATA)
                0x000000000000014c        0x4 LONG 0x3c (SIZEOF (.TFM_DATA) / 0x4)
                0x0000000000000150        0x4 LONG 0x2440 LOADADDR (.TFM_PSA_ROT_LINKER_DATA)
                0x0000000000000154        0x4 LONG 0x20000c40 ADDR (.TFM_PSA_ROT_LINKER_DATA)
                0x0000000000000158        0x4 LONG 0x0 (SIZEOF (.TFM_PSA_ROT_LINKER_DATA) / 0x4)
                0x000000000000015c        0x4 LONG 0x2440 LOADADDR (.TFM_APP_ROT_LINKER_DATA)
                0x0000000000000160        0x4 LONG 0x20000c20 ADDR (.TFM_APP_ROT_LINKER_DATA)
                0x0000000000000164        0x4 LONG 0x0 (SIZEOF (.TFM_APP_ROT_LINKER_DATA) / 0x4)
                0x0000000000000168                __copy_table_end__ = .

.zero.table     0x0000000000000168       0x20
                0x0000000000000168                __zero_table_start__ = .
                0x0000000000000168        0x4 LONG 0x20001e80 ADDR (.TFM_BSS)
                0x000000000000016c        0x4 LONG 0x62f (SIZEOF (.TFM_BSS) / 0x4)
                0x0000000000000170        0x4 LONG 0x20000c40 ADDR (.TFM_PSA_ROT_LINKER_BSS)
                0x0000000000000174        0x4 LONG 0x450 (SIZEOF (.TFM_PSA_ROT_LINKER_BSS) / 0x4)
                0x0000000000000178        0x4 LONG 0x20000c20 ADDR (.TFM_APP_ROT_LINKER_BSS)
                0x000000000000017c        0x4 LONG 0x8 (SIZEOF (.TFM_APP_ROT_LINKER_BSS) / 0x4)
                0x0000000000000180        0x4 LONG 0x20000c00 ADDR (.TFM_SP_META_PTR)
                0x0000000000000184        0x4 LONG 0x8 (SIZEOF (.TFM_SP_META_PTR) / 0x4)
                0x0000000000000188                __zero_table_end__ = .

.TFM_SP_LOAD_LIST
                0x0000000000000188       0xc4
 *(.part_load_priority_lowest)
 .part_load_priority_lowest
                0x0000000000000188       0x30 secure_fw/CMakeFiles/tfm_s.dir/partitions/ns_agent_tz/load_info_ns_agent_tz.o
                0x0000000000000188                tfm_sp_ns_agent_tz_load
 *(.part_load_priority_low)
 *(.part_load_priority_normal)
 .part_load_priority_normal
                0x00000000000001b8       0x4c secure_fw/CMakeFiles/tfm_s.dir/__/generated/secure_fw/partitions/crypto/auto_generated/load_info_tfm_crypto.o
                0x00000000000001b8                tfm_sp_crypto_load
 .part_load_priority_normal
                0x0000000000000204       0x48 secure_fw/CMakeFiles/tfm_s.dir/__/generated/secure_fw/partitions/platform/auto_generated/load_info_tfm_platform.o
                0x0000000000000204                tfm_sp_platform_load
 *(.part_load_priority_high)
                0x0000000000000188                Image$$TFM_SP_LOAD_LIST$$RO$$Base = ADDR (.TFM_SP_LOAD_LIST)
                0x000000000000024c                Image$$TFM_SP_LOAD_LIST$$RO$$Limit = (ADDR (.TFM_SP_LOAD_LIST) + SIZEOF (.TFM_SP_LOAD_LIST))
                0x0000000000000260                . = ALIGN (0x20)
                0x0000000000000260                Image$$TFM_PSA_CODE_START$$Base = .

.TFM_PSA_ROT_LINKER
                0x0000000000000260      0x3e0
 *tfm_psa_rot_partition*:*(.text*)
 .text.tfm_platform_service_sfn
                0x0000000000000260      0x114 secure_fw/partitions/platform/libtfm_psa_rot_partition_platform.a(platform_sp.o)
                0x0000000000000260                tfm_platform_service_sfn
 .text.platform_sp_init
                0x0000000000000374        0x4 secure_fw/partitions/platform/libtfm_psa_rot_partition_platform.a(platform_sp.o)
                0x0000000000000374                platform_sp_init
 .text.tfm_crypto_clear_scratch
                0x0000000000000378       0x20 secure_fw/partitions/crypto/libtfm_psa_rot_partition_crypto.a(crypto_init.o)
 .text.tfm_crypto_init
                0x0000000000000398       0x30 secure_fw/partitions/crypto/libtfm_psa_rot_partition_crypto.a(crypto_init.o)
                0x0000000000000398                tfm_crypto_init
 .text.tfm_crypto_api_dispatcher
                0x00000000000003c8       0xa4 secure_fw/partitions/crypto/libtfm_psa_rot_partition_crypto.a(crypto_init.o)
                0x00000000000003c8                tfm_crypto_api_dispatcher
 .text.tfm_crypto_sfn
                0x000000000000046c      0x170 secure_fw/partitions/crypto/libtfm_psa_rot_partition_crypto.a(crypto_init.o)
                0x000000000000046c                tfm_crypto_sfn
 .text.tfm_crypto_init_alloc
                0x00000000000005dc       0x14 secure_fw/partitions/crypto/libtfm_psa_rot_partition_crypto.a(crypto_alloc.o)
                0x00000000000005dc                tfm_crypto_init_alloc
 .text.tfm_crypto_cipher_interface
                0x00000000000005f0        0x6 secure_fw/partitions/crypto/libtfm_psa_rot_partition_crypto.a(crypto_cipher.o)
                0x00000000000005f0                tfm_crypto_cipher_interface
 .text.tfm_crypto_hash_interface
                0x00000000000005f6        0x6 secure_fw/partitions/crypto/libtfm_psa_rot_partition_crypto.a(crypto_hash.o)
                0x00000000000005f6                tfm_crypto_hash_interface
 .text.tfm_crypto_mac_interface
                0x00000000000005fc        0x6 secure_fw/partitions/crypto/libtfm_psa_rot_partition_crypto.a(crypto_mac.o)
                0x00000000000005fc                tfm_crypto_mac_interface
 .text.tfm_crypto_aead_interface
                0x0000000000000602        0x6 secure_fw/partitions/crypto/libtfm_psa_rot_partition_crypto.a(crypto_aead.o)
                0x0000000000000602                tfm_crypto_aead_interface
 .text.tfm_crypto_asymmetric_sign_interface
                0x0000000000000608        0x6 secure_fw/partitions/crypto/libtfm_psa_rot_partition_crypto.a(crypto_asymmetric.o)
                0x0000000000000608                tfm_crypto_asymmetric_sign_interface
 .text.tfm_crypto_asymmetric_encrypt_interface
                0x000000000000060e        0x6 secure_fw/partitions/crypto/libtfm_psa_rot_partition_crypto.a(crypto_asymmetric.o)
                0x000000000000060e                tfm_crypto_asymmetric_encrypt_interface
 .text.tfm_crypto_key_derivation_interface
                0x0000000000000614        0x6 secure_fw/partitions/crypto/libtfm_psa_rot_partition_crypto.a(crypto_key_derivation.o)
                0x0000000000000614                tfm_crypto_key_derivation_interface
 .text.tfm_crypto_key_management_interface
                0x000000000000061a        0x6 secure_fw/partitions/crypto/libtfm_psa_rot_partition_crypto.a(crypto_key_management.o)
                0x000000000000061a                tfm_crypto_key_management_interface
 .text.tfm_crypto_random_interface
                0x0000000000000620        0x8 secure_fw/partitions/crypto/libtfm_psa_rot_partition_crypto.a(crypto_rng.o)
                0x0000000000000620                tfm_crypto_random_interface
 *tfm_psa_rot_partition*:*(.rodata*)
 *(TFM_*_PSA-ROT_ATTR_FN)
                0x0000000000000640                . = ALIGN (0x20)
 *fill*         0x0000000000000628       0x18 
                0x0000000000000260                Image$$TFM_PSA_ROT_LINKER$$RO$$Base = ADDR (.TFM_PSA_ROT_LINKER)
                0x0000000000000640                Image$$TFM_PSA_ROT_LINKER$$RO$$Limit = (ADDR (.TFM_PSA_ROT_LINKER) + SIZEOF (.TFM_PSA_ROT_LINKER))
                0x0000000000000260                Image$$TFM_PSA_ROT_LINKER$$Base = ADDR (.TFM_PSA_ROT_LINKER)
                0x0000000000000640                Image$$TFM_PSA_ROT_LINKER$$Limit = (ADDR (.TFM_PSA_ROT_LINKER) + SIZEOF (.TFM_PSA_ROT_LINKER))
                0x0000000000000640                Image$$TFM_PSA_CODE_END$$Base = .
                0x0000000000000640                Image$$TFM_APP_CODE_START$$Base = .

.TFM_APP_ROT_LINKER
                0x0000000000000640        0x0
 *tfm_app_rot_partition*:*(.text*)
 *tfm_app_rot_partition*:*(.rodata*)
 *(TFM_*_APP-ROT_ATTR_FN)
                0x0000000000000640                . = ALIGN (0x20)
                0x0000000000000640                Image$$TFM_APP_ROT_LINKER$$RO$$Base = ADDR (.TFM_APP_ROT_LINKER)
                0x0000000000000640                Image$$TFM_APP_ROT_LINKER$$RO$$Limit = (ADDR (.TFM_APP_ROT_LINKER) + SIZEOF (.TFM_APP_ROT_LINKER))
                0x0000000000000640                Image$$TFM_APP_ROT_LINKER$$Base = ADDR (.TFM_APP_ROT_LINKER)
                0x0000000000000640                Image$$TFM_APP_ROT_LINKER$$Limit = (ADDR (.TFM_APP_ROT_LINKER) + SIZEOF (.TFM_APP_ROT_LINKER))
                0x0000000000000640                Image$$TFM_APP_CODE_END$$Base = .

.ER_TFM_CODE    0x0000000000000640     0x1de4
 *startup*(.text*)
 .text.NMI_Handler
                0x0000000000000640        0x2 secure_fw/CMakeFiles/tfm_s.dir/__/platform/ext/target/nordic_nrf/common/nrf91/gcc/startup_nrf91.o
                0x0000000000000640                NMI_Handler
 .text.DebugMon_Handler
                0x0000000000000642        0x2 secure_fw/CMakeFiles/tfm_s.dir/__/platform/ext/target/nordic_nrf/common/nrf91/gcc/startup_nrf91.o
                0x0000000000000642                DebugMon_Handler
 .text.SysTick_Handler
                0x0000000000000644        0x2 secure_fw/CMakeFiles/tfm_s.dir/__/platform/ext/target/nordic_nrf/common/nrf91/gcc/startup_nrf91.o
                0x0000000000000644                SysTick_Handler
 .text.SPU_IRQHandler
                0x0000000000000646        0x2 secure_fw/CMakeFiles/tfm_s.dir/__/platform/ext/target/nordic_nrf/common/nrf91/gcc/startup_nrf91.o
                0x0000000000000646                SPU_IRQHandler
 .text.CLOCK_POWER_IRQHandler
                0x0000000000000648        0x2 secure_fw/CMakeFiles/tfm_s.dir/__/platform/ext/target/nordic_nrf/common/nrf91/gcc/startup_nrf91.o
                0x0000000000000648                CLOCK_POWER_IRQHandler
 .text.SPIM0_SPIS0_TWIM0_TWIS0_UARTE0_IRQHandler
                0x000000000000064a        0x2 secure_fw/CMakeFiles/tfm_s.dir/__/platform/ext/target/nordic_nrf/common/nrf91/gcc/startup_nrf91.o
                0x000000000000064a                SPIM0_SPIS0_TWIM0_TWIS0_UARTE0_IRQHandler
 .text.SPIM1_SPIS1_TWIM1_TWIS1_UARTE1_IRQHandler
                0x000000000000064c        0x2 secure_fw/CMakeFiles/tfm_s.dir/__/platform/ext/target/nordic_nrf/common/nrf91/gcc/startup_nrf91.o
                0x000000000000064c                SPIM1_SPIS1_TWIM1_TWIS1_UARTE1_IRQHandler
 .text.SPIM2_SPIS2_TWIM2_TWIS2_UARTE2_IRQHandler
                0x000000000000064e        0x2 secure_fw/CMakeFiles/tfm_s.dir/__/platform/ext/target/nordic_nrf/common/nrf91/gcc/startup_nrf91.o
                0x000000000000064e                SPIM2_SPIS2_TWIM2_TWIS2_UARTE2_IRQHandler
 .text.UARTE3_SPIM3_SPIS3_TWIM3_TWIS3_IRQHandler
                0x0000000000000650        0x2 secure_fw/CMakeFiles/tfm_s.dir/__/platform/ext/target/nordic_nrf/common/nrf91/gcc/startup_nrf91.o
                0x0000000000000650                UARTE3_SPIM3_SPIS3_TWIM3_TWIS3_IRQHandler
 .text.GPIOTE0_IRQHandler
                0x0000000000000652        0x2 secure_fw/CMakeFiles/tfm_s.dir/__/platform/ext/target/nordic_nrf/common/nrf91/gcc/startup_nrf91.o
                0x0000000000000652                GPIOTE0_IRQHandler
 .text.SAADC_IRQHandler
                0x0000000000000654        0x2 secure_fw/CMakeFiles/tfm_s.dir/__/platform/ext/target/nordic_nrf/common/nrf91/gcc/startup_nrf91.o
                0x0000000000000654                SAADC_IRQHandler
 .text.TIMER0_IRQHandler
                0x0000000000000656        0x2 secure_fw/CMakeFiles/tfm_s.dir/__/platform/ext/target/nordic_nrf/common/nrf91/gcc/startup_nrf91.o
                0x0000000000000656                TIMER0_IRQHandler
 .text.TIMER1_IRQHandler
                0x0000000000000658        0x2 secure_fw/CMakeFiles/tfm_s.dir/__/platform/ext/target/nordic_nrf/common/nrf91/gcc/startup_nrf91.o
                0x0000000000000658                TIMER1_IRQHandler
 .text.TIMER2_IRQHandler
                0x000000000000065a        0x2 secure_fw/CMakeFiles/tfm_s.dir/__/platform/ext/target/nordic_nrf/common/nrf91/gcc/startup_nrf91.o
                0x000000000000065a                TIMER2_IRQHandler
 .text.RTC0_IRQHandler
                0x000000000000065c        0x2 secure_fw/CMakeFiles/tfm_s.dir/__/platform/ext/target/nordic_nrf/common/nrf91/gcc/startup_nrf91.o
                0x000000000000065c                RTC0_IRQHandler
 .text.RTC1_IRQHandler
                0x000000000000065e        0x2 secure_fw/CMakeFiles/tfm_s.dir/__/platform/ext/target/nordic_nrf/common/nrf91/gcc/startup_nrf91.o
                0x000000000000065e                RTC1_IRQHandler
 .text.WDT_IRQHandler
                0x0000000000000660        0x2 secure_fw/CMakeFiles/tfm_s.dir/__/platform/ext/target/nordic_nrf/common/nrf91/gcc/startup_nrf91.o
                0x0000000000000660                WDT_IRQHandler
 .text.EGU0_IRQHandler
                0x0000000000000662        0x2 secure_fw/CMakeFiles/tfm_s.dir/__/platform/ext/target/nordic_nrf/common/nrf91/gcc/startup_nrf91.o
                0x0000000000000662                EGU0_IRQHandler
 .text.EGU1_IRQHandler
                0x0000000000000664        0x2 secure_fw/CMakeFiles/tfm_s.dir/__/platform/ext/target/nordic_nrf/common/nrf91/gcc/startup_nrf91.o
                0x0000000000000664                EGU1_IRQHandler
 .text.EGU2_IRQHandler
                0x0000000000000666        0x2 secure_fw/CMakeFiles/tfm_s.dir/__/platform/ext/target/nordic_nrf/common/nrf91/gcc/startup_nrf91.o
                0x0000000000000666                EGU2_IRQHandler
 .text.EGU3_IRQHandler
                0x0000000000000668        0x2 secure_fw/CMakeFiles/tfm_s.dir/__/platform/ext/target/nordic_nrf/common/nrf91/gcc/startup_nrf91.o
                0x0000000000000668                EGU3_IRQHandler
 .text.EGU4_IRQHandler
                0x000000000000066a        0x2 secure_fw/CMakeFiles/tfm_s.dir/__/platform/ext/target/nordic_nrf/common/nrf91/gcc/startup_nrf91.o
                0x000000000000066a                EGU4_IRQHandler
 .text.EGU5_IRQHandler
                0x000000000000066c        0x2 secure_fw/CMakeFiles/tfm_s.dir/__/platform/ext/target/nordic_nrf/common/nrf91/gcc/startup_nrf91.o
                0x000000000000066c                EGU5_IRQHandler
 .text.PWM0_IRQHandler
                0x000000000000066e        0x2 secure_fw/CMakeFiles/tfm_s.dir/__/platform/ext/target/nordic_nrf/common/nrf91/gcc/startup_nrf91.o
                0x000000000000066e                PWM0_IRQHandler
 .text.PWM1_IRQHandler
                0x0000000000000670        0x2 secure_fw/CMakeFiles/tfm_s.dir/__/platform/ext/target/nordic_nrf/common/nrf91/gcc/startup_nrf91.o
                0x0000000000000670                PWM1_IRQHandler
 .text.PWM2_IRQHandler
                0x0000000000000672        0x2 secure_fw/CMakeFiles/tfm_s.dir/__/platform/ext/target/nordic_nrf/common/nrf91/gcc/startup_nrf91.o
                0x0000000000000672                PWM2_IRQHandler
 .text.PWM3_IRQHandler
                0x0000000000000674        0x2 secure_fw/CMakeFiles/tfm_s.dir/__/platform/ext/target/nordic_nrf/common/nrf91/gcc/startup_nrf91.o
                0x0000000000000674                PWM3_IRQHandler
 .text.PDM_IRQHandler
                0x0000000000000676        0x2 secure_fw/CMakeFiles/tfm_s.dir/__/platform/ext/target/nordic_nrf/common/nrf91/gcc/startup_nrf91.o
                0x0000000000000676                PDM_IRQHandler
 .text.I2S_IRQHandler
                0x0000000000000678        0x2 secure_fw/CMakeFiles/tfm_s.dir/__/platform/ext/target/nordic_nrf/common/nrf91/gcc/startup_nrf91.o
                0x0000000000000678                I2S_IRQHandler
 .text.IPC_IRQHandler
                0x000000000000067a        0x2 secure_fw/CMakeFiles/tfm_s.dir/__/platform/ext/target/nordic_nrf/common/nrf91/gcc/startup_nrf91.o
                0x000000000000067a                IPC_IRQHandler
 .text.FPU_IRQHandler
                0x000000000000067c        0x2 secure_fw/CMakeFiles/tfm_s.dir/__/platform/ext/target/nordic_nrf/common/nrf91/gcc/startup_nrf91.o
                0x000000000000067c                FPU_IRQHandler
 .text.GPIOTE1_IRQHandler
                0x000000000000067e        0x2 secure_fw/CMakeFiles/tfm_s.dir/__/platform/ext/target/nordic_nrf/common/nrf91/gcc/startup_nrf91.o
                0x000000000000067e                GPIOTE1_IRQHandler
 .text.KMU_IRQHandler
                0x0000000000000680        0x2 secure_fw/CMakeFiles/tfm_s.dir/__/platform/ext/target/nordic_nrf/common/nrf91/gcc/startup_nrf91.o
                0x0000000000000680                KMU_IRQHandler
 .text.CRYPTOCELL_IRQHandler
                0x0000000000000682        0x2 secure_fw/CMakeFiles/tfm_s.dir/__/platform/ext/target/nordic_nrf/common/nrf91/gcc/startup_nrf91.o
                0x0000000000000682                CRYPTOCELL_IRQHandler
 *fill*         0x0000000000000684        0x4 
 .text.Reset_Handler
                0x0000000000000688       0xa4 secure_fw/CMakeFiles/tfm_s.dir/__/platform/ext/target/nordic_nrf/common/nrf91/gcc/startup_nrf91.o
                0x0000000000000688                Reset_Handler
 *libplatform_s*:*(.text*)
 .text.nrf91_errata_14
                0x000000000000072c       0x24 platform/libplatform_s.a(system_nrf91.o)
 .text.SystemInit
                0x0000000000000750      0x1a4 platform/libplatform_s.a(system_nrf91.o)
                0x0000000000000750                SystemInit
 .text.mpu_armv8m_enable
                0x00000000000008f4       0x34 platform/libplatform_s.a(mpu_armv8m_drv.o)
                0x00000000000008f4                mpu_armv8m_enable
 .text.mpu_armv8m_region_enable
                0x0000000000000928       0x6a platform/libplatform_s.a(mpu_armv8m_drv.o)
                0x0000000000000928                mpu_armv8m_region_enable
 .text.mpu_armv8m_region_disable
                0x0000000000000992       0x14 platform/libplatform_s.a(mpu_armv8m_drv.o)
                0x0000000000000992                mpu_armv8m_region_disable
 .text.mpu_armv8m_clean
                0x00000000000009a6       0x22 platform/libplatform_s.a(mpu_armv8m_drv.o)
                0x00000000000009a6                mpu_armv8m_clean
 .text.spu_enable_interrupts
                0x00000000000009c8       0x10 platform/libplatform_s.a(spu.o)
                0x00000000000009c8                spu_enable_interrupts
 .text.spu_regions_reset_unlocked_secure
                0x00000000000009d8       0x30 platform/libplatform_s.a(spu.o)
                0x00000000000009d8                spu_regions_reset_unlocked_secure
 .text.spu_regions_flash_config_non_secure
                0x0000000000000a08       0x24 platform/libplatform_s.a(spu.o)
                0x0000000000000a08                spu_regions_flash_config_non_secure
 .text.spu_regions_sram_config_non_secure
                0x0000000000000a2c       0x2c platform/libplatform_s.a(spu.o)
                0x0000000000000a2c                spu_regions_sram_config_non_secure
 .text.spu_regions_flash_config_non_secure_callable
                0x0000000000000a58       0x30 platform/libplatform_s.a(spu.o)
                0x0000000000000a58                spu_regions_flash_config_non_secure_callable
 .text.spu_regions_flash_get_base_address_in_region
                0x0000000000000a88        0x4 platform/libplatform_s.a(spu.o)
                0x0000000000000a88                spu_regions_flash_get_base_address_in_region
 .text.spu_regions_flash_get_last_address_in_region
                0x0000000000000a8c        0xa platform/libplatform_s.a(spu.o)
                0x0000000000000a8c                spu_regions_flash_get_last_address_in_region
 .text.spu_regions_flash_get_start_id
                0x0000000000000a96        0x4 platform/libplatform_s.a(spu.o)
                0x0000000000000a96                spu_regions_flash_get_start_id
 .text.spu_regions_flash_get_last_id
                0x0000000000000a9a        0x4 platform/libplatform_s.a(spu.o)
                0x0000000000000a9a                spu_regions_flash_get_last_id
 .text.spu_regions_flash_get_region_size
                0x0000000000000a9e        0x6 platform/libplatform_s.a(spu.o)
                0x0000000000000a9e                spu_regions_flash_get_region_size
 .text.spu_regions_sram_get_base_address_in_region
                0x0000000000000aa4        0xa platform/libplatform_s.a(spu.o)
                0x0000000000000aa4                spu_regions_sram_get_base_address_in_region
 *fill*         0x0000000000000aae        0x2 
 .text.spu_regions_sram_get_last_address_in_region
                0x0000000000000ab0        0xc platform/libplatform_s.a(spu.o)
                0x0000000000000ab0                spu_regions_sram_get_last_address_in_region
 .text.spu_regions_sram_get_start_id
                0x0000000000000abc        0x4 platform/libplatform_s.a(spu.o)
                0x0000000000000abc                spu_regions_sram_get_start_id
 .text.spu_regions_sram_get_last_id
                0x0000000000000ac0        0x4 platform/libplatform_s.a(spu.o)
                0x0000000000000ac0                spu_regions_sram_get_last_id
 .text.spu_regions_sram_get_region_size
                0x0000000000000ac4        0x6 platform/libplatform_s.a(spu.o)
                0x0000000000000ac4                spu_regions_sram_get_region_size
 *fill*         0x0000000000000aca        0x2 
 .text.spu_peripheral_config_non_secure
                0x0000000000000acc       0x18 platform/libplatform_s.a(spu.o)
                0x0000000000000acc                spu_peripheral_config_non_secure
 .text.tfm_hal_platform_init
                0x0000000000000ae4       0x30 platform/libplatform_s.a(tfm_hal_platform.o)
                0x0000000000000ae4                tfm_hal_platform_init
 .text.tfm_plat_otp_init
                0x0000000000000b14        0x4 platform/libplatform_s.a(dummy_otp.o)
                0x0000000000000b14                tfm_plat_otp_init
 .text.tfm_plat_provisioning_is_required
                0x0000000000000b18        0x4 platform/libplatform_s.a(dummy_provisioning.o)
                0x0000000000000b18                tfm_plat_provisioning_is_required
 .text.tfm_plat_provisioning_perform
                0x0000000000000b1c        0x4 platform/libplatform_s.a(dummy_provisioning.o)
                0x0000000000000b1c                tfm_plat_provisioning_perform
 .text.tfm_plat_provisioning_check_for_dummy_keys
                0x0000000000000b20        0x2 platform/libplatform_s.a(dummy_provisioning.o)
                0x0000000000000b20                tfm_plat_provisioning_check_for_dummy_keys
 *fill*         0x0000000000000b22        0x2 
 .text.tfm_platform_hal_system_reset
                0x0000000000000b24       0x24 platform/libplatform_s.a(tfm_platform_system.o)
                0x0000000000000b24                tfm_platform_hal_system_reset
 .text.tfm_platform_hal_ioctl
                0x0000000000000b48       0x10 platform/libplatform_s.a(tfm_platform_system.o)
                0x0000000000000b48                tfm_platform_hal_ioctl
 .text.tfm_hal_system_reset
                0x0000000000000b58       0x24 platform/libplatform_s.a(tfm_hal_reset_halt.o)
                0x0000000000000b58                tfm_hal_system_reset
 .text.tfm_platform_hal_read_service
                0x0000000000000b7c       0x84 platform/libplatform_s.a(tfm_platform_hal_ioctl.o)
                0x0000000000000b7c                tfm_platform_hal_read_service
 *libtfm_spm*:*(.text*)
 .text.tfm_core_panic
                0x0000000000000c00        0x4 secure_fw/spm/libtfm_spm.a(utilities.o)
                0x0000000000000c00                tfm_core_panic
 .text.startup.main
                0x0000000000000c04       0x50 secure_fw/spm/libtfm_spm.a(main.o)
                0x0000000000000c04                main
 .text.cross_call_entering_c
                0x0000000000000c54       0x2c secure_fw/spm/libtfm_spm.a(spm_cross_call.o)
                0x0000000000000c54                cross_call_entering_c
 .text.cross_call_exiting_c
                0x0000000000000c80       0x30 secure_fw/spm/libtfm_spm.a(spm_cross_call.o)
                0x0000000000000c80                cross_call_exiting_c
 .text.spm_interface_cross_dispatcher
                0x0000000000000cb0       0x3c secure_fw/spm/libtfm_spm.a(spm_cross_call.o)
                0x0000000000000cb0                spm_interface_cross_dispatcher
 .text.spm_handle_programmer_errors
                0x0000000000000cec       0x18 secure_fw/spm/libtfm_spm.a(psa_api.o)
                0x0000000000000cec                spm_handle_programmer_errors
 .text.tfm_spm_get_lifecycle_state
                0x0000000000000d04        0x4 secure_fw/spm/libtfm_spm.a(psa_api.o)
                0x0000000000000d04                tfm_spm_get_lifecycle_state
 .text.tfm_spm_client_psa_framework_version
                0x0000000000000d08        0x6 secure_fw/spm/libtfm_spm.a(psa_api.o)
                0x0000000000000d08                tfm_spm_client_psa_framework_version
 .text.tfm_spm_client_psa_version
                0x0000000000000d0e       0x2c secure_fw/spm/libtfm_spm.a(psa_api.o)
                0x0000000000000d0e                tfm_spm_client_psa_version
 *fill*         0x0000000000000d3a        0x2 
 .text.tfm_spm_client_psa_call
                0x0000000000000d3c      0x1bc secure_fw/spm/libtfm_spm.a(psa_api.o)
                0x0000000000000d3c                tfm_spm_client_psa_call
 .text.tfm_spm_partition_psa_wait
                0x0000000000000ef8       0x38 secure_fw/spm/libtfm_spm.a(psa_api.o)
                0x0000000000000ef8                tfm_spm_partition_psa_wait
 .text.tfm_spm_partition_psa_get
                0x0000000000000f30       0x64 secure_fw/spm/libtfm_spm.a(psa_api.o)
                0x0000000000000f30                tfm_spm_partition_psa_get
 .text.tfm_spm_partition_psa_read
                0x0000000000000f94       0x7c secure_fw/spm/libtfm_spm.a(psa_api.o)
                0x0000000000000f94                tfm_spm_partition_psa_read
 .text.tfm_spm_partition_psa_skip
                0x0000000000001010       0x46 secure_fw/spm/libtfm_spm.a(psa_api.o)
                0x0000000000001010                tfm_spm_partition_psa_skip
 *fill*         0x0000000000001056        0x2 
 .text.tfm_spm_partition_psa_write
                0x0000000000001058       0x78 secure_fw/spm/libtfm_spm.a(psa_api.o)
                0x0000000000001058                tfm_spm_partition_psa_write
 .text.tfm_spm_partition_psa_reply
                0x00000000000010d0       0x9a secure_fw/spm/libtfm_spm.a(psa_api.o)
                0x00000000000010d0                tfm_spm_partition_psa_reply
 .text.tfm_spm_partition_psa_panic
                0x000000000000116a        0x4 secure_fw/spm/libtfm_spm.a(psa_api.o)
                0x000000000000116a                tfm_spm_partition_psa_panic
 *fill*         0x000000000000116e        0x2 
 .text.backend_messaging
                0x0000000000001170       0x64 secure_fw/spm/libtfm_spm.a(backend_ipc.o)
                0x0000000000001170                backend_messaging
 .text.backend_replying
                0x00000000000011d4        0xc secure_fw/spm/libtfm_spm.a(backend_ipc.o)
                0x00000000000011d4                backend_replying
 .text.backend_init_comp_assuredly
                0x00000000000011e0       0xb8 secure_fw/spm/libtfm_spm.a(backend_ipc.o)
                0x00000000000011e0                backend_init_comp_assuredly
 .text.backend_system_run
                0x0000000000001298       0x3c secure_fw/spm/libtfm_spm.a(backend_ipc.o)
                0x0000000000001298                backend_system_run
 .text.backend_wait
                0x00000000000012d4       0x28 secure_fw/spm/libtfm_spm.a(backend_ipc.o)
                0x00000000000012d4                backend_wait
 .text.ipc_schedule
                0x00000000000012fc       0x84 secure_fw/spm/libtfm_spm.a(backend_ipc.o)
                0x00000000000012fc                ipc_schedule
 .text.tfm_core_svc_handler
                0x0000000000001380      0x164 secure_fw/spm/libtfm_spm.a(tfm_core_svcalls_ipc.o)
                0x0000000000001380                tfm_core_svc_handler
 .text.tfm_core_handler_mode
                0x00000000000014e4        0x4 secure_fw/spm/libtfm_spm.a(tfm_core_svcalls_ipc.o)
                0x00000000000014e4                tfm_core_handler_mode
 .text.thrd_next
                0x00000000000014e8       0x18 secure_fw/spm/libtfm_spm.a(thread.o)
                0x00000000000014e8                thrd_next
 .text.thrd_set_state
                0x0000000000001500       0x28 secure_fw/spm/libtfm_spm.a(thread.o)
                0x0000000000001500                thrd_set_state
 .text.thrd_start
                0x0000000000001528       0x44 secure_fw/spm/libtfm_spm.a(thread.o)
                0x0000000000001528                thrd_start
 .text.thrd_start_scheduler
                0x000000000000156c       0x1c secure_fw/spm/libtfm_spm.a(thread.o)
                0x000000000000156c                thrd_start_scheduler
 .text.thrd_set_wait
                0x0000000000001588       0x18 secure_fw/spm/libtfm_spm.a(thread.o)
                0x0000000000001588                thrd_set_wait
 .text.thrd_wake_up
                0x00000000000015a0       0x26 secure_fw/spm/libtfm_spm.a(thread.o)
                0x00000000000015a0                thrd_wake_up
 *fill*         0x00000000000015c6        0x2 
 .text.arch_non_preempt_call
                0x00000000000015c8       0x54 secure_fw/spm/libtfm_spm.a(tfm_arch_v8m_main.o)
                0x00000000000015c8                arch_non_preempt_call
 .text.PendSV_Handler
                0x000000000000161c       0x3a secure_fw/spm/libtfm_spm.a(tfm_arch_v8m_main.o)
                0x000000000000161c                PendSV_Handler
 *fill*         0x0000000000001656        0x2 
 .text.SVC_Handler
                0x0000000000001658       0x54 secure_fw/spm/libtfm_spm.a(tfm_arch_v8m_main.o)
                0x0000000000001658                SVC_Handler
 .text.tfm_arch_set_secure_exception_priorities
                0x00000000000016ac       0x28 secure_fw/spm/libtfm_spm.a(tfm_arch_v8m_main.o)
                0x00000000000016ac                tfm_arch_set_secure_exception_priorities
 .text.tfm_arch_config_extensions
                0x00000000000016d4       0x44 secure_fw/spm/libtfm_spm.a(tfm_arch_v8m_main.o)
                0x00000000000016d4                tfm_arch_config_extensions
 .text.tfm_arch_clear_fp_data
                0x0000000000001718       0x8a secure_fw/spm/libtfm_spm.a(tfm_arch_v8m_main.o)
                0x0000000000001718                tfm_arch_clear_fp_data
 *fill*         0x00000000000017a2        0x2 
 .text.ns_agent_tz_main
                0x00000000000017a4       0x64 secure_fw/spm/libtfm_spm.a(ns_agent_tz_v80m.o)
                0x00000000000017a4                ns_agent_tz_main
 .text.tfm_hal_bind_boundary
                0x0000000000001808       0x46 secure_fw/spm/libtfm_spm.a(tfm_hal_isolation.o)
                0x0000000000001808                tfm_hal_bind_boundary
 .text.tfm_hal_activate_boundary
                0x000000000000184e       0x1c secure_fw/spm/libtfm_spm.a(tfm_hal_isolation.o)
                0x000000000000184e                tfm_hal_activate_boundary
 .text.tfm_hal_memory_check
                0x000000000000186a      0x126 secure_fw/spm/libtfm_spm.a(tfm_hal_isolation.o)
                0x000000000000186a                tfm_hal_memory_check
 .text.mpu_init_cfg
                0x0000000000001990      0x11c secure_fw/spm/libtfm_spm.a(tfm_hal_isolation.o)
                0x0000000000001990                mpu_init_cfg
 .text.tfm_hal_set_up_static_boundaries
                0x0000000000001aac       0x2a secure_fw/spm/libtfm_spm.a(tfm_hal_isolation.o)
                0x0000000000001aac                tfm_hal_set_up_static_boundaries
 .text.tfm_hal_boundary_need_switch
                0x0000000000001ad6       0x1a secure_fw/spm/libtfm_spm.a(tfm_hal_isolation.o)
                0x0000000000001ad6                tfm_hal_boundary_need_switch
 .text.enable_fault_handlers
                0x0000000000001af0       0x14 secure_fw/spm/libtfm_spm.a(target_cfg.o)
                0x0000000000001af0                enable_fault_handlers
 .text.system_reset_cfg
                0x0000000000001b04       0x18 secure_fw/spm/libtfm_spm.a(target_cfg.o)
                0x0000000000001b04                system_reset_cfg
 .text.init_debug
                0x0000000000001b1c        0x4 secure_fw/spm/libtfm_spm.a(target_cfg.o)
                0x0000000000001b1c                init_debug
 .text.nvic_interrupt_target_state_cfg
                0x0000000000001b20       0x30 secure_fw/spm/libtfm_spm.a(target_cfg.o)
                0x0000000000001b20                nvic_interrupt_target_state_cfg
 .text.nvic_interrupt_enable
                0x0000000000001b50       0x18 secure_fw/spm/libtfm_spm.a(target_cfg.o)
                0x0000000000001b50                nvic_interrupt_enable
 .text.sau_and_idau_cfg
                0x0000000000001b68       0x20 secure_fw/spm/libtfm_spm.a(target_cfg.o)
                0x0000000000001b68                sau_and_idau_cfg
 .text.spu_init_cfg
                0x0000000000001b88       0x34 secure_fw/spm/libtfm_spm.a(target_cfg.o)
                0x0000000000001b88                spu_init_cfg
 .text.spu_periph_init_cfg
                0x0000000000001bbc      0x188 secure_fw/spm/libtfm_spm.a(target_cfg.o)
                0x0000000000001bbc                spu_periph_init_cfg
 .text.tfm_core_validate_boot_data
                0x0000000000001d44        0xc secure_fw/spm/libtfm_spm.a(tfm_boot_data.o)
                0x0000000000001d44                tfm_core_validate_boot_data
 .text.tfm_core_get_boot_data_handler
                0x0000000000001d50       0x34 secure_fw/spm/libtfm_spm.a(tfm_boot_data.o)
                0x0000000000001d50                tfm_core_get_boot_data_handler
 .text.tfm_arch_free_msp_and_exc_ret
                0x0000000000001d84        0xc secure_fw/spm/libtfm_spm.a(tfm_arch.o)
                0x0000000000001d84                tfm_arch_free_msp_and_exc_ret
 .text.tfm_arch_set_context_ret_code
                0x0000000000001d90       0x14 secure_fw/spm/libtfm_spm.a(tfm_arch.o)
                0x0000000000001d90                tfm_arch_set_context_ret_code
 .text.tfm_arch_trigger_pendsv
                0x0000000000001da4       0x18 secure_fw/spm/libtfm_spm.a(tfm_arch.o)
                0x0000000000001da4                tfm_arch_trigger_pendsv
 .text.tfm_arch_init_context
                0x0000000000001dbc       0x54 secure_fw/spm/libtfm_spm.a(tfm_arch.o)
                0x0000000000001dbc                tfm_arch_init_context
 .text.tfm_arch_refresh_hardware_context
                0x0000000000001e10       0x12 secure_fw/spm/libtfm_spm.a(tfm_arch.o)
                0x0000000000001e10                tfm_arch_refresh_hardware_context
 *fill*         0x0000000000001e22        0x2 
 .text.tfm_spm_to_user_handle
                0x0000000000001e24       0x20 secure_fw/spm/libtfm_spm.a(spm_ipc.o)
                0x0000000000001e24                tfm_spm_to_user_handle
 .text.tfm_spm_to_handle_instance
                0x0000000000001e44       0x10 secure_fw/spm/libtfm_spm.a(spm_ipc.o)
                0x0000000000001e44                tfm_spm_to_handle_instance
 .text.tfm_spm_create_conn_handle
                0x0000000000001e54       0x20 secure_fw/spm/libtfm_spm.a(spm_ipc.o)
                0x0000000000001e54                tfm_spm_create_conn_handle
 .text.tfm_spm_validate_conn_handle
                0x0000000000001e74       0x1c secure_fw/spm/libtfm_spm.a(spm_ipc.o)
                0x0000000000001e74                tfm_spm_validate_conn_handle
 .text.tfm_spm_free_conn_handle
                0x0000000000001e90       0x1c secure_fw/spm/libtfm_spm.a(spm_ipc.o)
                0x0000000000001e90                tfm_spm_free_conn_handle
 .text.spm_get_handle_by_signal
                0x0000000000001eac       0x4a secure_fw/spm/libtfm_spm.a(spm_ipc.o)
                0x0000000000001eac                spm_get_handle_by_signal
 *fill*         0x0000000000001ef6        0x2 
 .text.tfm_spm_get_service_by_sid
                0x0000000000001ef8       0x2c secure_fw/spm/libtfm_spm.a(spm_ipc.o)
                0x0000000000001ef8                tfm_spm_get_service_by_sid
 .text.tfm_spm_check_client_version
                0x0000000000001f24       0x24 secure_fw/spm/libtfm_spm.a(spm_ipc.o)
                0x0000000000001f24                tfm_spm_check_client_version
 .text.tfm_spm_check_authorization
                0x0000000000001f48       0x48 secure_fw/spm/libtfm_spm.a(spm_ipc.o)
                0x0000000000001f48                tfm_spm_check_authorization
 .text.spm_fill_message
                0x0000000000001f90       0x94 secure_fw/spm/libtfm_spm.a(spm_ipc.o)
                0x0000000000001f90                spm_fill_message
 .text.tfm_spm_partition_get_running_partition_id
                0x0000000000002024       0x20 secure_fw/spm/libtfm_spm.a(spm_ipc.o)
                0x0000000000002024                tfm_spm_partition_get_running_partition_id
 .text.spm_get_handle_by_msg_handle
                0x0000000000002044       0x28 secure_fw/spm/libtfm_spm.a(spm_ipc.o)
                0x0000000000002044                spm_get_handle_by_msg_handle
 .text.tfm_spm_is_ns_caller
                0x000000000000206c       0x20 secure_fw/spm/libtfm_spm.a(spm_ipc.o)
                0x000000000000206c                tfm_spm_is_ns_caller
 .text.tfm_spm_get_client_id
                0x000000000000208c       0x20 secure_fw/spm/libtfm_spm.a(spm_ipc.o)
                0x000000000000208c                tfm_spm_get_client_id
 .text.tfm_spm_init
                0x00000000000020ac       0x74 secure_fw/spm/libtfm_spm.a(spm_ipc.o)
                0x00000000000020ac                tfm_spm_init
 .text.update_caller_outvec_len
                0x0000000000002120       0x24 secure_fw/spm/libtfm_spm.a(spm_ipc.o)
                0x0000000000002120                update_caller_outvec_len
 .text.load_a_partition_assuredly
                0x0000000000002144       0xd0 secure_fw/spm/libtfm_spm.a(static_loader.o)
                0x0000000000002144                load_a_partition_assuredly
 .text.load_services_assuredly
                0x0000000000002214       0xc4 secure_fw/spm/libtfm_spm.a(static_loader.o)
                0x0000000000002214                load_services_assuredly
 .text.load_irqs_assuredly
                0x00000000000022d8        0x2 secure_fw/spm/libtfm_spm.a(static_loader.o)
                0x00000000000022d8                load_irqs_assuredly
 .text.tfm_pool_init
                0x00000000000022da       0x58 secure_fw/spm/libtfm_spm.a(tfm_pools.o)
                0x00000000000022da                tfm_pool_init
 .text.tfm_pool_alloc
                0x0000000000002332       0x16 secure_fw/spm/libtfm_spm.a(tfm_pools.o)
                0x0000000000002332                tfm_pool_alloc
 .text.tfm_pool_free
                0x0000000000002348        0xc secure_fw/spm/libtfm_spm.a(tfm_pools.o)
                0x0000000000002348                tfm_pool_free
 .text.is_valid_chunk_data_in_pool
                0x0000000000002354       0x2e secure_fw/spm/libtfm_spm.a(tfm_pools.o)
                0x0000000000002354                is_valid_chunk_data_in_pool
 .text.tfm_nspm_get_current_client_id
                0x0000000000002382        0x6 secure_fw/spm/libtfm_spm.a(tfm_spm_ns_ctx.o)
                0x0000000000002382                tfm_nspm_get_current_client_id
 .text.tfm_nspm_ctx_init
                0x0000000000002388        0x2 secure_fw/spm/libtfm_spm.a(tfm_spm_ns_ctx.o)
                0x0000000000002388                tfm_nspm_ctx_init
 *fill*         0x000000000000238a        0x2 
 .text.ns_agent_tz_init_c
                0x000000000000238c       0x20 secure_fw/spm/libtfm_spm.a(ns_agent_tz_init.o)
                0x000000000000238c                ns_agent_tz_init_c
 .text.tfm_hal_platform_common_init
                0x00000000000023ac       0x32 secure_fw/spm/libtfm_spm.a(tfm_hal_platform_common.o)
                0x00000000000023ac                tfm_hal_platform_common_init
 *fill*         0x00000000000023de        0x2 
 .text.tfm_hal_get_ns_VTOR
                0x00000000000023e0        0xc secure_fw/spm/libtfm_spm.a(tfm_hal_platform_common.o)
                0x00000000000023e0                tfm_hal_get_ns_VTOR
 .text.tfm_hal_get_ns_MSP
                0x00000000000023ec        0xc secure_fw/spm/libtfm_spm.a(tfm_hal_platform_common.o)
                0x00000000000023ec                tfm_hal_get_ns_MSP
 .text.tfm_hal_get_ns_entry_point
                0x00000000000023f8        0xc secure_fw/spm/libtfm_spm.a(tfm_hal_platform_common.o)
                0x00000000000023f8                tfm_hal_get_ns_entry_point
 *libplatform_s*:*(.rodata*)
 *libtfm_spm*:*(.rodata*)
 .rodata.memory_regions
                0x0000000000002404       0x14 secure_fw/spm/libtfm_spm.a(target_cfg.o)
                0x0000000000002404                memory_regions
 .rodata.serv_pool_ea
                0x0000000000002418        0x4 secure_fw/spm/libtfm_spm.a(static_loader.o)
 .rodata.part_pool_ea
                0x000000000000241c        0x4 secure_fw/spm/libtfm_spm.a(static_loader.o)
 .rodata.ldinf_ea
                0x0000000000002420        0x4 secure_fw/spm/libtfm_spm.a(static_loader.o)

.tfm_secure_data_start
                0x0000000020000000        0x0
                0x0000000020000000                . = ABSOLUTE (0x20000000)

.tfm_bl2_shared_data
                0x0000000020000000      0x400
                0x0000000020000400                . = (. + 0x400)
 *fill*         0x0000000020000000      0x400 

.msp_stack      0x0000000020000400      0x7f8
                0x0000000020000bf8                . = (. + (__msp_stack_size__ - 0x8))
 *fill*         0x0000000020000400      0x7f8 
                0x0000000020000400                Image$$ARM_LIB_STACK$$ZI$$Base = ADDR (.msp_stack)
                0x0000000020000bf8                Image$$ARM_LIB_STACK$$ZI$$Limit = (ADDR (.msp_stack) + SIZEOF (.msp_stack))

.msp_stack_seal_res
                0x0000000020000bf8        0x8
                0x0000000020000c00                . = (. + 0x8)
 *fill*         0x0000000020000bf8        0x8 
                0x0000000020000bf8                __StackSeal = ADDR (.msp_stack_seal_res)

.TFM_SP_META_PTR
                0x0000000020000c00       0x20
 *(.bss.SP_META_PTR_SPRTL_INST)
 .bss.SP_META_PTR_SPRTL_INST
                0x0000000020000c00        0x4 secure_fw/partitions/lib/runtime/libtfm_sprt.a(sprt_partition_metadata_indicator.o)
                0x0000000020000c00                p_partition_metadata
                0x0000000020000c20                . = ALIGN (0x20)
 *fill*         0x0000000020000c04       0x1c 
                0x0000000020000c00                Image$$TFM_SP_META_PTR$$ZI$$Base = ADDR (.TFM_SP_META_PTR)
                0x0000000020000c20                Image$$TFM_SP_META_PTR$$ZI$$Limit = (ADDR (.TFM_SP_META_PTR) + SIZEOF (.TFM_SP_META_PTR))
                0x0000000020000c20                . = ALIGN (0x20)
                0x0000000020000c20                Image$$TFM_APP_RW_STACK_START$$Base = .

.TFM_APP_ROT_LINKER_DATA
                0x0000000020000c20        0x0 load address 0x0000000000002440
 *tfm_app_rot_partition*:*(.data*)
 *(TFM_*_APP-ROT_ATTR_RW)
                0x0000000020000c20                . = ALIGN (0x4)
                0x0000000020000c20                Image$$TFM_APP_ROT_LINKER_DATA$$RW$$Base = ADDR (.TFM_APP_ROT_LINKER_DATA)
                0x0000000020000c20                Image$$TFM_APP_ROT_LINKER_DATA$$RW$$Limit = (ADDR (.TFM_APP_ROT_LINKER_DATA) + SIZEOF (.TFM_APP_ROT_LINKER_DATA))

.TFM_APP_ROT_LINKER_BSS
                0x0000000020000c20       0x20
                0x0000000020000c20                start_of_TFM_APP_ROT_LINKER = .
 *tfm_app_rot_partition*:*(.bss*)
 *tfm_app_rot_partition*:*(COMMON)
 *(TFM_*_APP-ROT_ATTR_ZI)
                0x0000000020000c24                . = (. + (. - start_of_TFM_APP_ROT_LINKER)?0x0:0x4)
 *fill*         0x0000000020000c20        0x4 
                0x0000000020000c40                . = ALIGN (0x20)
 *fill*         0x0000000020000c24       0x1c 
                0x0000000020000c20                Image$$TFM_APP_ROT_LINKER_DATA$$ZI$$Base = ADDR (.TFM_APP_ROT_LINKER_BSS)
                0x0000000020000c40                Image$$TFM_APP_ROT_LINKER_DATA$$ZI$$Limit = (ADDR (.TFM_APP_ROT_LINKER_BSS) + SIZEOF (.TFM_APP_ROT_LINKER_BSS))
                0x0000000020000c40                Image$$TFM_APP_RW_STACK_END$$Base = .
                0x0000000020000c40                Image$$TFM_PSA_RW_STACK_START$$Base = .

.TFM_PSA_ROT_LINKER_DATA
                0x0000000020000c40        0x0 load address 0x0000000000002440
 *tfm_psa_rot_partition*:*(.data*)
 *(TFM_*_PSA-ROT_ATTR_RW)
                0x0000000020000c40                . = ALIGN (0x4)
                0x0000000020000c40                Image$$TFM_PSA_ROT_LINKER_DATA$$RW$$Base = ADDR (.TFM_PSA_ROT_LINKER_DATA)
                0x0000000020000c40                Image$$TFM_PSA_ROT_LINKER_DATA$$RW$$Limit = (ADDR (.TFM_PSA_ROT_LINKER_DATA) + SIZEOF (.TFM_PSA_ROT_LINKER_DATA))

.TFM_PSA_ROT_LINKER_BSS
                0x0000000020000c40     0x1140
                0x0000000020000c40                start_of_TFM_PSA_ROT_LINKER = .
 *tfm_psa_rot_partition*:*(.bss*)
 .bss.tfm_sp_platform_stack
                0x0000000020000c40      0x500 secure_fw/partitions/platform/libtfm_psa_rot_partition_platform.a(intermedia_tfm_platform.o)
                0x0000000020000c40                tfm_sp_platform_stack
 .bss.mbedtls_mem_buf
                0x0000000020001140        0x1 secure_fw/partitions/crypto/libtfm_psa_rot_partition_crypto.a(crypto_init.o)
 *fill*         0x0000000020001141        0x3 
 .bss.scratch   0x0000000020001144      0x408 secure_fw/partitions/crypto/libtfm_psa_rot_partition_crypto.a(crypto_init.o)
 .bss.operations
                0x000000002000154c       0x28 secure_fw/partitions/crypto/libtfm_psa_rot_partition_crypto.a(crypto_alloc.o)
 *fill*         0x0000000020001574        0x4 
 .bss.tfm_sp_crypto_stack
                0x0000000020001578      0x800 secure_fw/partitions/crypto/libtfm_psa_rot_partition_crypto.a(intermedia_tfm_crypto.o)
                0x0000000020001578                tfm_sp_crypto_stack
 *tfm_psa_rot_partition*:*(COMMON)
 *(TFM_*_PSA-ROT_ATTR_ZI)
                0x0000000020001d78                . = (. + (. - start_of_TFM_PSA_ROT_LINKER)?0x0:0x4)
                0x0000000020001d80                . = ALIGN (0x20)
 *fill*         0x0000000020001d78        0x8 
                0x0000000020000c40                Image$$TFM_PSA_ROT_LINKER_DATA$$ZI$$Base = ADDR (.TFM_PSA_ROT_LINKER_BSS)
                0x0000000020001d80                Image$$TFM_PSA_ROT_LINKER_DATA$$ZI$$Limit = (ADDR (.TFM_PSA_ROT_LINKER_BSS) + SIZEOF (.TFM_PSA_ROT_LINKER_BSS))
                0x0000000020001d80                Image$$TFM_PSA_RW_STACK_END$$Base = .

.TFM_UNPRIV_CODE
                0x0000000000002440     0x2740
 *(SFN)
 SFN            0x0000000000002440       0x88 secure_fw/CMakeFiles/tfm_s.dir/partitions/ns_agent_tz/psa_api_veneers_v80m.o
                0x0000000000002440                __acle_se_tfm_psa_framework_version_veneer
                0x0000000000002466                __acle_se_tfm_psa_version_veneer
                0x000000000000248c                __acle_se_tfm_psa_call_veneer
 *(.text*)
 .text          0x00000000000024c8       0x88 c:/ncs/toolchains/31f4403e35/opt/zephyr-sdk/arm-zephyr-eabi/bin/../lib/gcc/arm-zephyr-eabi/12.2.0/thumb/v8-m.main+fp/hard/crtbegin.o
 .text          0x0000000000002550       0x7c c:/ncs/toolchains/31f4403e35/opt/zephyr-sdk/arm-zephyr-eabi/bin/../lib/gcc/arm-zephyr-eabi/12.2.0/../../../../arm-zephyr-eabi/lib/thumb/v8-m.main+fp/hard/crt0.o
                0x0000000000002550                _stack_init
                0x0000000000002558                _start
                0x0000000000002558                _mainCRTStartup
 .text.clear_caller_context
                0x00000000000025cc        0x8 secure_fw/CMakeFiles/tfm_s.dir/partitions/ns_agent_tz/psa_api_veneers_v80m.o
 .text.C_HardFault_Handler
                0x00000000000025d4        0x4 secure_fw/CMakeFiles/tfm_s.dir/__/platform/ext/common/faults.o
                0x00000000000025d4                C_HardFault_Handler
 .text.HardFault_Handler
                0x00000000000025d8        0x6 secure_fw/CMakeFiles/tfm_s.dir/__/platform/ext/common/faults.o
                0x00000000000025d8                HardFault_Handler
 .text.C_MemManage_Handler
                0x00000000000025de        0x4 secure_fw/CMakeFiles/tfm_s.dir/__/platform/ext/common/faults.o
                0x00000000000025de                C_MemManage_Handler
 .text.MemManage_Handler
                0x00000000000025e2        0x6 secure_fw/CMakeFiles/tfm_s.dir/__/platform/ext/common/faults.o
                0x00000000000025e2                MemManage_Handler
 .text.C_BusFault_Handler
                0x00000000000025e8        0x4 secure_fw/CMakeFiles/tfm_s.dir/__/platform/ext/common/faults.o
                0x00000000000025e8                C_BusFault_Handler
 .text.BusFault_Handler
                0x00000000000025ec        0x6 secure_fw/CMakeFiles/tfm_s.dir/__/platform/ext/common/faults.o
                0x00000000000025ec                BusFault_Handler
 .text.C_SecureFault_Handler
                0x00000000000025f2        0x4 secure_fw/CMakeFiles/tfm_s.dir/__/platform/ext/common/faults.o
                0x00000000000025f2                C_SecureFault_Handler
 .text.SecureFault_Handler
                0x00000000000025f6        0x6 secure_fw/CMakeFiles/tfm_s.dir/__/platform/ext/common/faults.o
                0x00000000000025f6                SecureFault_Handler
 .text.C_UsageFault_Handler
                0x00000000000025fc        0x4 secure_fw/CMakeFiles/tfm_s.dir/__/platform/ext/common/faults.o
                0x00000000000025fc                C_UsageFault_Handler
 .text.UsageFault_Handler
                0x0000000000002600        0x6 secure_fw/CMakeFiles/tfm_s.dir/__/platform/ext/common/faults.o
                0x0000000000002600                UsageFault_Handler
 .text.memset   0x0000000000002606       0x3e secure_fw/partitions/lib/runtime/libtfm_sprt.a(crt_memset.o)
                0x0000000000002606                memset
 .text.memcpy   0x0000000000002644       0x4a secure_fw/partitions/lib/runtime/libtfm_sprt.a(crt_memcpy.o)
                0x0000000000002644                memcpy
 *fill*         0x000000000000268e        0x2 
 .text.runtime_init_c
                0x0000000000002690       0x18 secure_fw/partitions/lib/runtime/libtfm_sprt.a(rt_main.o)
 .text.sprt_main
                0x00000000000026a8        0x6 secure_fw/partitions/lib/runtime/libtfm_sprt.a(rt_main.o)
                0x00000000000026a8                sprt_main
 *fill*         0x00000000000026ae        0x2 
 .text.common_sfn_thread
                0x00000000000026b0       0x84 secure_fw/partitions/lib/runtime/libtfm_sprt.a(sfn_common_thread.o)
                0x00000000000026b0                common_sfn_thread
 .text.tfm_plat_load_builtin_keys
                0x0000000000002734        0x4 platform/libplatform_crypto_keys.a(dummy_crypto_keys.o)
                0x0000000000002734                tfm_plat_load_builtin_keys
 .text.verify_header
                0x0000000000002738       0x40 secure_fw/partitions/crypto/mbedcrypto/nrf_security_src/libcrypto_service_mbedcrypto.a(memory_buffer_alloc.o)
 .text.verify_chain
                0x0000000000002778       0x3c secure_fw/partitions/crypto/mbedcrypto/nrf_security_src/libcrypto_service_mbedcrypto.a(memory_buffer_alloc.o)
 .text.buffer_alloc_calloc
                0x00000000000027b4       0xf4 secure_fw/partitions/crypto/mbedcrypto/nrf_security_src/libcrypto_service_mbedcrypto.a(memory_buffer_alloc.o)
 .text.buffer_alloc_free
                0x00000000000028a8       0xe8 secure_fw/partitions/crypto/mbedcrypto/nrf_security_src/libcrypto_service_mbedcrypto.a(memory_buffer_alloc.o)
 .text.mbedtls_memory_buffer_alloc_init
                0x0000000000002990       0x64 secure_fw/partitions/crypto/mbedcrypto/nrf_security_src/libcrypto_service_mbedcrypto.a(memory_buffer_alloc.o)
                0x0000000000002990                mbedtls_memory_buffer_alloc_init
 .text.platform_calloc_uninit
                0x00000000000029f4        0x4 secure_fw/partitions/crypto/mbedcrypto/nrf_security_src/libcrypto_service_mbedcrypto.a(platform.o)
 .text.platform_free_uninit
                0x00000000000029f8        0x2 secure_fw/partitions/crypto/mbedcrypto/nrf_security_src/libcrypto_service_mbedcrypto.a(platform.o)
 *fill*         0x00000000000029fa        0x2 
 .text.mbedtls_free
                0x00000000000029fc        0xc secure_fw/partitions/crypto/mbedcrypto/nrf_security_src/libcrypto_service_mbedcrypto.a(platform.o)
                0x00000000000029fc                mbedtls_free
 .text.mbedtls_platform_set_calloc_free
                0x0000000000002a08       0x14 secure_fw/partitions/crypto/mbedcrypto/nrf_security_src/libcrypto_service_mbedcrypto.a(platform.o)
                0x0000000000002a08                mbedtls_platform_set_calloc_free
 .text.psa_remove_key_data_from_memory
                0x0000000000002a1c       0x1c secure_fw/partitions/crypto/mbedcrypto/nrf_security_src/libcrypto_service_mbedcrypto.a(psa_crypto.o)
                0x0000000000002a1c                psa_remove_key_data_from_memory
 .text.psa_wipe_key_slot
                0x0000000000002a38       0x22 secure_fw/partitions/crypto/mbedcrypto/nrf_security_src/libcrypto_service_mbedcrypto.a(psa_crypto.o)
                0x0000000000002a38                psa_wipe_key_slot
 *fill*         0x0000000000002a5a        0x2 
 .text.mbedcrypto__psa_generate_random
                0x0000000000002a5c       0x1c secure_fw/partitions/crypto/mbedcrypto/nrf_security_src/libcrypto_service_mbedcrypto.a(psa_crypto.o)
                0x0000000000002a5c                mbedcrypto__psa_generate_random
 .text.mbedtls_psa_crypto_free
                0x0000000000002a78       0x24 secure_fw/partitions/crypto/mbedcrypto/nrf_security_src/libcrypto_service_mbedcrypto.a(psa_crypto.o)
                0x0000000000002a78                mbedtls_psa_crypto_free
 .text.mbedcrypto__psa_crypto_init
                0x0000000000002a9c       0x3c secure_fw/partitions/crypto/mbedcrypto/nrf_security_src/libcrypto_service_mbedcrypto.a(psa_crypto.o)
                0x0000000000002a9c                mbedcrypto__psa_crypto_init
 .text.psa_initialize_key_slots
                0x0000000000002ad8       0x18 secure_fw/partitions/crypto/mbedcrypto/nrf_security_src/libcrypto_service_mbedcrypto.a(psa_crypto_slot_management.o)
                0x0000000000002ad8                psa_initialize_key_slots
 .text.psa_wipe_all_key_slots
                0x0000000000002af0       0x2c secure_fw/partitions/crypto/mbedcrypto/nrf_security_src/libcrypto_service_mbedcrypto.a(psa_crypto_slot_management.o)
                0x0000000000002af0                psa_wipe_all_key_slots
 .text.psa_driver_wrapper_init
                0x0000000000002b1c        0x4 secure_fw/partitions/crypto/mbedcrypto/nrf_security_src/libcrypto_service_mbedcrypto.a(psa_crypto_driver_wrappers.o)
                0x0000000000002b1c                psa_driver_wrapper_init
 .text.psa_driver_wrapper_free
                0x0000000000002b20        0x2 secure_fw/partitions/crypto/mbedcrypto/nrf_security_src/libcrypto_service_mbedcrypto.a(psa_crypto_driver_wrappers.o)
                0x0000000000002b20                psa_driver_wrapper_free
 .text.psa_driver_wrapper_init_random
                0x0000000000002b22        0x4 secure_fw/partitions/crypto/mbedcrypto/nrf_security_src/libcrypto_service_mbedcrypto.a(psa_crypto_driver_wrappers.o)
                0x0000000000002b22                psa_driver_wrapper_init_random
 .text.psa_driver_wrapper_get_random
                0x0000000000002b26       0x22 secure_fw/partitions/crypto/mbedcrypto/nrf_security_src/libcrypto_service_mbedcrypto.a(psa_crypto_driver_wrappers.o)
                0x0000000000002b26                psa_driver_wrapper_get_random
 .text.psa_driver_wrapper_free_random
                0x0000000000002b48        0x4 secure_fw/partitions/crypto/mbedcrypto/nrf_security_src/libcrypto_service_mbedcrypto.a(psa_crypto_driver_wrappers.o)
                0x0000000000002b48                psa_driver_wrapper_free_random
 .text.nrf_cc3xx_platform_init_hmac_drbg
                0x0000000000002b4c       0x44 C:/ncs/v2.4.0/nrfxlib/crypto/nrf_cc310_platform/lib/cortex-m33/hard-float/no-interrupts/libnrf_cc310_platform_0.9.17.a(nrf_cc3xx_platform.c.obj)
                0x0000000000002b4c                nrf_cc3xx_platform_init_hmac_drbg
 .text.nrf_cc3xx_platform_hmac_drbg_init
                0x0000000000002b90       0x60 C:/ncs/v2.4.0/nrfxlib/crypto/nrf_cc310_platform/lib/cortex-m33/hard-float/no-interrupts/libnrf_cc310_platform_0.9.17.a(nrf_cc3xx_platform_hmac_drbg.c.obj)
                0x0000000000002b90                nrf_cc3xx_platform_hmac_drbg_init
 .text.nrf_cc3xx_platform_hmac_drbg_get
                0x0000000000002bf0       0x44 C:/ncs/v2.4.0/nrfxlib/crypto/nrf_cc310_platform/lib/cortex-m33/hard-float/no-interrupts/libnrf_cc310_platform_0.9.17.a(nrf_cc3xx_platform_hmac_drbg.c.obj)
                0x0000000000002bf0                nrf_cc3xx_platform_hmac_drbg_get
 .text.mbedtls_zeroize_internal
                0x0000000000002c34       0x14 C:/ncs/v2.4.0/nrfxlib/crypto/nrf_cc310_platform/lib/cortex-m33/hard-float/no-interrupts/libnrf_cc310_platform_0.9.17.a(mbedtls_common.c.obj)
                0x0000000000002c34                mbedtls_zeroize_internal
 .text.mbedtls_platform_zeroize
                0x0000000000002c48       0x14 C:/ncs/v2.4.0/nrfxlib/crypto/nrf_cc310_platform/lib/cortex-m33/hard-float/no-interrupts/libnrf_cc310_platform_0.9.17.a(mbedtls_common.c.obj)
                0x0000000000002c48                mbedtls_platform_zeroize
 .text.cc_hmac_sha256_starts.constprop.0
                0x0000000000002c5c      0x108 C:/ncs/v2.4.0/nrfxlib/crypto/nrf_cc310_platform/lib/cortex-m33/hard-float/no-interrupts/libnrf_cc310_platform_0.9.17.a(hmac_drbg_alt.c.obj)
 .text.cc_mbedtls_hmac_drbg_init
                0x0000000000002d64       0x28 C:/ncs/v2.4.0/nrfxlib/crypto/nrf_cc310_platform/lib/cortex-m33/hard-float/no-interrupts/libnrf_cc310_platform_0.9.17.a(hmac_drbg_alt.c.obj)
                0x0000000000002d64                cc_mbedtls_hmac_drbg_init
 .text.cc_mbedtls_hmac_drbg_update
                0x0000000000002d8c      0x170 C:/ncs/v2.4.0/nrfxlib/crypto/nrf_cc310_platform/lib/cortex-m33/hard-float/no-interrupts/libnrf_cc310_platform_0.9.17.a(hmac_drbg_alt.c.obj)
                0x0000000000002d8c                cc_mbedtls_hmac_drbg_update
 .text.cc_hmac_drbg_reseed_core
                0x0000000000002efc       0xac C:/ncs/v2.4.0/nrfxlib/crypto/nrf_cc310_platform/lib/cortex-m33/hard-float/no-interrupts/libnrf_cc310_platform_0.9.17.a(hmac_drbg_alt.c.obj)
 .text.cc_mbedtls_hmac_drbg_seed
                0x0000000000002fa8       0x54 C:/ncs/v2.4.0/nrfxlib/crypto/nrf_cc310_platform/lib/cortex-m33/hard-float/no-interrupts/libnrf_cc310_platform_0.9.17.a(hmac_drbg_alt.c.obj)
                0x0000000000002fa8                cc_mbedtls_hmac_drbg_seed
 .text.cc_mbedtls_hmac_drbg_random_with_add
                0x0000000000002ffc      0x144 C:/ncs/v2.4.0/nrfxlib/crypto/nrf_cc310_platform/lib/cortex-m33/hard-float/no-interrupts/libnrf_cc310_platform_0.9.17.a(hmac_drbg_alt.c.obj)
                0x0000000000002ffc                cc_mbedtls_hmac_drbg_random_with_add
 .text.entropy_update
                0x0000000000003140       0x7c C:/ncs/v2.4.0/nrfxlib/crypto/nrf_cc310_platform/lib/cortex-m33/hard-float/no-interrupts/libnrf_cc310_platform_0.9.17.a(entropy.c.obj)
 .text.entropy_gather_internal.part.0
                0x00000000000031bc       0x88 C:/ncs/v2.4.0/nrfxlib/crypto/nrf_cc310_platform/lib/cortex-m33/hard-float/no-interrupts/libnrf_cc310_platform_0.9.17.a(entropy.c.obj)
 .text.cc_mbedtls_entropy_init
                0x0000000000003244       0x84 C:/ncs/v2.4.0/nrfxlib/crypto/nrf_cc310_platform/lib/cortex-m33/hard-float/no-interrupts/libnrf_cc310_platform_0.9.17.a(entropy.c.obj)
                0x0000000000003244                cc_mbedtls_entropy_init
 .text.cc_mbedtls_entropy_func
                0x00000000000032c8      0x110 C:/ncs/v2.4.0/nrfxlib/crypto/nrf_cc310_platform/lib/cortex-m33/hard-float/no-interrupts/libnrf_cc310_platform_0.9.17.a(entropy.c.obj)
                0x00000000000032c8                cc_mbedtls_entropy_func
 .text.RndStartupTest.constprop.0
                0x00000000000033d8       0x98 C:/ncs/v2.4.0/nrfxlib/crypto/nrf_cc310_platform/lib/cortex-m33/hard-float/no-interrupts/libnrf_cc310_platform_0.9.17.a(cc_lib.c.obj)
 .text.CC_LibInit_HMAC_DRBG
                0x0000000000003470       0xc0 C:/ncs/v2.4.0/nrfxlib/crypto/nrf_cc310_platform/lib/cortex-m33/hard-float/no-interrupts/libnrf_cc310_platform_0.9.17.a(cc_lib.c.obj)
                0x0000000000003470                CC_LibInit_HMAC_DRBG
 .text.CC_HalInit
                0x0000000000003530        0x4 C:/ncs/v2.4.0/nrfxlib/crypto/nrf_cc310_platform/lib/cortex-m33/hard-float/no-interrupts/libnrf_cc310_platform_0.9.17.a(cc_hal.c.obj)
                0x0000000000003530                CC_HalInit
 .text.CC_HalTerminate
                0x0000000000003534        0x4 C:/ncs/v2.4.0/nrfxlib/crypto/nrf_cc310_platform/lib/cortex-m33/hard-float/no-interrupts/libnrf_cc310_platform_0.9.17.a(cc_hal.c.obj)
                0x0000000000003534                CC_HalTerminate
 .text.CC_HalClearInterruptBit
                0x0000000000003538       0x1c C:/ncs/v2.4.0/nrfxlib/crypto/nrf_cc310_platform/lib/cortex-m33/hard-float/no-interrupts/libnrf_cc310_platform_0.9.17.a(cc_hal.c.obj)
                0x0000000000003538                CC_HalClearInterruptBit
 .text.CC_HalMaskInterrupt
                0x0000000000003554        0xc C:/ncs/v2.4.0/nrfxlib/crypto/nrf_cc310_platform/lib/cortex-m33/hard-float/no-interrupts/libnrf_cc310_platform_0.9.17.a(cc_hal.c.obj)
                0x0000000000003554                CC_HalMaskInterrupt
 .text.CC_HalWaitInterrupt
                0x0000000000003560        0xc C:/ncs/v2.4.0/nrfxlib/crypto/nrf_cc310_platform/lib/cortex-m33/hard-float/no-interrupts/libnrf_cc310_platform_0.9.17.a(cc_hal.c.obj)
                0x0000000000003560                CC_HalWaitInterrupt
 .text.CC_HalWaitInterruptRND
                0x000000000000356c        0xc C:/ncs/v2.4.0/nrfxlib/crypto/nrf_cc310_platform/lib/cortex-m33/hard-float/no-interrupts/libnrf_cc310_platform_0.9.17.a(cc_hal.c.obj)
                0x000000000000356c                CC_HalWaitInterruptRND
 .text.CC_PalInit
                0x0000000000003578       0x5c C:/ncs/v2.4.0/nrfxlib/crypto/nrf_cc310_platform/lib/cortex-m33/hard-float/no-interrupts/libnrf_cc310_platform_0.9.17.a(cc_pal.c.obj)
                0x0000000000003578                CC_PalInit
 .text.CC_PalTerminate
                0x00000000000035d4       0x34 C:/ncs/v2.4.0/nrfxlib/crypto/nrf_cc310_platform/lib/cortex-m33/hard-float/no-interrupts/libnrf_cc310_platform_0.9.17.a(cc_pal.c.obj)
                0x00000000000035d4                CC_PalTerminate
 .text.CC_PalDmaInit
                0x0000000000003608        0x4 C:/ncs/v2.4.0/nrfxlib/crypto/nrf_cc310_platform/lib/cortex-m33/hard-float/no-interrupts/libnrf_cc310_platform_0.9.17.a(cc_pal_dma.c.obj)
                0x0000000000003608                CC_PalDmaInit
 .text.CC_PalDmaTerminate
                0x000000000000360c        0x4 C:/ncs/v2.4.0/nrfxlib/crypto/nrf_cc310_platform/lib/cortex-m33/hard-float/no-interrupts/libnrf_cc310_platform_0.9.17.a(cc_pal_dma.c.obj)
                0x000000000000360c                CC_PalDmaTerminate
 .text.CC_PalWaitInterruptRND
                0x0000000000003610       0x2c C:/ncs/v2.4.0/nrfxlib/crypto/nrf_cc310_platform/lib/cortex-m33/hard-float/no-interrupts/libnrf_cc310_platform_0.9.17.a(cc_pal_interrupt_ctrl.c.obj)
                0x0000000000003610                CC_PalWaitInterruptRND
 .text.CC_PalWaitInterrupt
                0x000000000000363c       0x18 C:/ncs/v2.4.0/nrfxlib/crypto/nrf_cc310_platform/lib/cortex-m33/hard-float/no-interrupts/libnrf_cc310_platform_0.9.17.a(cc_pal_interrupt_ctrl.c.obj)
                0x000000000000363c                CC_PalWaitInterrupt
 .text.CC_PalMemCopyPlat
                0x0000000000003654        0x4 C:/ncs/v2.4.0/nrfxlib/crypto/nrf_cc310_platform/lib/cortex-m33/hard-float/no-interrupts/libnrf_cc310_platform_0.9.17.a(cc_pal_mem.c.obj)
                0x0000000000003654                CC_PalMemCopyPlat
 .text.CC_PalMemSetZeroPlat
                0x0000000000003658        0x8 C:/ncs/v2.4.0/nrfxlib/crypto/nrf_cc310_platform/lib/cortex-m33/hard-float/no-interrupts/libnrf_cc310_platform_0.9.17.a(cc_pal_mem.c.obj)
                0x0000000000003658                CC_PalMemSetZeroPlat
 .text.CC_PalMutexCreate
                0x0000000000003660       0x14 C:/ncs/v2.4.0/nrfxlib/crypto/nrf_cc310_platform/lib/cortex-m33/hard-float/no-interrupts/libnrf_cc310_platform_0.9.17.a(cc_pal_mutex.c.obj)
                0x0000000000003660                CC_PalMutexCreate
 .text.CC_PalMutexDestroy
                0x0000000000003674       0x14 C:/ncs/v2.4.0/nrfxlib/crypto/nrf_cc310_platform/lib/cortex-m33/hard-float/no-interrupts/libnrf_cc310_platform_0.9.17.a(cc_pal_mutex.c.obj)
                0x0000000000003674                CC_PalMutexDestroy
 .text.CC_PalMutexLock
                0x0000000000003688       0x10 C:/ncs/v2.4.0/nrfxlib/crypto/nrf_cc310_platform/lib/cortex-m33/hard-float/no-interrupts/libnrf_cc310_platform_0.9.17.a(cc_pal_mutex.c.obj)
                0x0000000000003688                CC_PalMutexLock
 .text.CC_PalMutexUnlock
                0x0000000000003698       0x14 C:/ncs/v2.4.0/nrfxlib/crypto/nrf_cc310_platform/lib/cortex-m33/hard-float/no-interrupts/libnrf_cc310_platform_0.9.17.a(cc_pal_mutex.c.obj)
                0x0000000000003698                CC_PalMutexUnlock
 .text.CC_PalPowerSaveModeInit
                0x00000000000036ac       0x3c C:/ncs/v2.4.0/nrfxlib/crypto/nrf_cc310_platform/lib/cortex-m33/hard-float/no-interrupts/libnrf_cc310_platform_0.9.17.a(cc_pal_pm.c.obj)
                0x00000000000036ac                CC_PalPowerSaveModeInit
 .text.CC_PalPowerSaveModeSelect
                0x00000000000036e8       0x84 C:/ncs/v2.4.0/nrfxlib/crypto/nrf_cc310_platform/lib/cortex-m33/hard-float/no-interrupts/libnrf_cc310_platform_0.9.17.a(cc_pal_pm.c.obj)
                0x00000000000036e8                CC_PalPowerSaveModeSelect
 .text.mutex_init
                0x000000000000376c        0xc C:/ncs/v2.4.0/nrfxlib/crypto/nrf_cc310_platform/lib/cortex-m33/hard-float/no-interrupts/libnrf_cc310_platform_0.9.17.a(threading_alt.c.obj)
                0x000000000000376c                mutex_init
 .text.mutex_lock
                0x0000000000003778        0xc C:/ncs/v2.4.0/nrfxlib/crypto/nrf_cc310_platform/lib/cortex-m33/hard-float/no-interrupts/libnrf_cc310_platform_0.9.17.a(threading_alt.c.obj)
                0x0000000000003778                mutex_lock
 .text.mutex_unlock
                0x0000000000003784        0xc C:/ncs/v2.4.0/nrfxlib/crypto/nrf_cc310_platform/lib/cortex-m33/hard-float/no-interrupts/libnrf_cc310_platform_0.9.17.a(threading_alt.c.obj)
                0x0000000000003784                mutex_unlock
 .text.nrf_cc3xx_platform_abort
                0x0000000000003790       0x24 C:/ncs/v2.4.0/nrfxlib/crypto/nrf_cc310_platform/lib/cortex-m33/hard-float/no-interrupts/libnrf_cc310_platform_0.9.17.a(nrf_cc3xx_platform_abort.c.obj)
 .text.CC_PalAbort
                0x00000000000037b4       0x34 C:/ncs/v2.4.0/nrfxlib/crypto/nrf_cc310_platform/lib/cortex-m33/hard-float/no-interrupts/libnrf_cc310_platform_0.9.17.a(nrf_cc3xx_platform_abort.c.obj)
                0x00000000000037b4                CC_PalAbort
 .text.mutex_free
                0x00000000000037e8       0x34 C:/ncs/v2.4.0/nrfxlib/crypto/nrf_cc310_platform/lib/cortex-m33/hard-float/no-interrupts/libnrf_cc310_platform_0.9.17.a(nrf_cc3xx_platform_mutex.c.obj)
 .text.mutex_lock
                0x000000000000381c       0x48 C:/ncs/v2.4.0/nrfxlib/crypto/nrf_cc310_platform/lib/cortex-m33/hard-float/no-interrupts/libnrf_cc310_platform_0.9.17.a(nrf_cc3xx_platform_mutex.c.obj)
 .text.mutex_unlock
                0x0000000000003864       0x38 C:/ncs/v2.4.0/nrfxlib/crypto/nrf_cc310_platform/lib/cortex-m33/hard-float/no-interrupts/libnrf_cc310_platform_0.9.17.a(nrf_cc3xx_platform_mutex.c.obj)
 .text.mutex_init
                0x000000000000389c       0x20 C:/ncs/v2.4.0/nrfxlib/crypto/nrf_cc310_platform/lib/cortex-m33/hard-float/no-interrupts/libnrf_cc310_platform_0.9.17.a(nrf_cc3xx_platform_mutex.c.obj)
 .text.startTrngHW
                0x00000000000038bc      0x140 C:/ncs/v2.4.0/nrfxlib/crypto/nrf_cc310_platform/lib/cortex-m33/hard-float/no-interrupts/libnrf_cc310_platform_0.9.17.a(llf_rnd_trng90b.c.obj)
 .text.LLF_RND_RepetitionCounterTest
                0x00000000000039fc       0x64 C:/ncs/v2.4.0/nrfxlib/crypto/nrf_cc310_platform/lib/cortex-m33/hard-float/no-interrupts/libnrf_cc310_platform_0.9.17.a(llf_rnd_trng90b.c.obj)
                0x00000000000039fc                LLF_RND_RepetitionCounterTest
 .text.LLF_RND_AdaptiveProportionTest
                0x0000000000003a60       0x80 C:/ncs/v2.4.0/nrfxlib/crypto/nrf_cc310_platform/lib/cortex-m33/hard-float/no-interrupts/libnrf_cc310_platform_0.9.17.a(llf_rnd_trng90b.c.obj)
                0x0000000000003a60                LLF_RND_AdaptiveProportionTest
 .text.getTrngSource
                0x0000000000003ae0      0x2b4 C:/ncs/v2.4.0/nrfxlib/crypto/nrf_cc310_platform/lib/cortex-m33/hard-float/no-interrupts/libnrf_cc310_platform_0.9.17.a(llf_rnd_trng90b.c.obj)
 .text.LLF_RND_GetTrngSource
                0x0000000000003d94       0x18 C:/ncs/v2.4.0/nrfxlib/crypto/nrf_cc310_platform/lib/cortex-m33/hard-float/no-interrupts/libnrf_cc310_platform_0.9.17.a(llf_rnd_trng90b.c.obj)
                0x0000000000003d94                LLF_RND_GetTrngSource
 .text.LLF_RND_RunTrngStartupTest
                0x0000000000003dac       0x1c C:/ncs/v2.4.0/nrfxlib/crypto/nrf_cc310_platform/lib/cortex-m33/hard-float/no-interrupts/libnrf_cc310_platform_0.9.17.a(llf_rnd_trng90b.c.obj)
                0x0000000000003dac                LLF_RND_RunTrngStartupTest
 .text.mbedtls_hardware_poll
                0x0000000000003dc8       0xfc C:/ncs/v2.4.0/nrfxlib/crypto/nrf_cc310_platform/lib/cortex-m33/hard-float/no-interrupts/libnrf_cc310_platform_0.9.17.a(trng_api.c.obj)
                0x0000000000003dc8                mbedtls_hardware_poll
 .text.cc_mbedtls_sha256_init
                0x0000000000003ec4       0x28 C:/ncs/v2.4.0/nrfxlib/crypto/nrf_cc310_platform/lib/cortex-m33/hard-float/no-interrupts/libnrf_cc310_platform_0.9.17.a(sha256_alt.c.obj)
                0x0000000000003ec4                cc_mbedtls_sha256_init
 .text.cc_mbedtls_sha256_free
                0x0000000000003eec        0xc C:/ncs/v2.4.0/nrfxlib/crypto/nrf_cc310_platform/lib/cortex-m33/hard-float/no-interrupts/libnrf_cc310_platform_0.9.17.a(sha256_alt.c.obj)
                0x0000000000003eec                cc_mbedtls_sha256_free
 .text.cc_mbedtls_sha256_starts
                0x0000000000003ef8       0x28 C:/ncs/v2.4.0/nrfxlib/crypto/nrf_cc310_platform/lib/cortex-m33/hard-float/no-interrupts/libnrf_cc310_platform_0.9.17.a(sha256_alt.c.obj)
                0x0000000000003ef8                cc_mbedtls_sha256_starts
 .text.cc_mbedtls_sha256_update
                0x0000000000003f20       0x54 C:/ncs/v2.4.0/nrfxlib/crypto/nrf_cc310_platform/lib/cortex-m33/hard-float/no-interrupts/libnrf_cc310_platform_0.9.17.a(sha256_alt.c.obj)
                0x0000000000003f20                cc_mbedtls_sha256_update
 .text.cc_mbedtls_sha256_finish
                0x0000000000003f74       0x48 C:/ncs/v2.4.0/nrfxlib/crypto/nrf_cc310_platform/lib/cortex-m33/hard-float/no-interrupts/libnrf_cc310_platform_0.9.17.a(sha256_alt.c.obj)
                0x0000000000003f74                cc_mbedtls_sha256_finish
 .text.mbedtls_sha_starts_internal
                0x0000000000003fbc       0x28 C:/ncs/v2.4.0/nrfxlib/crypto/nrf_cc310_platform/lib/cortex-m33/hard-float/no-interrupts/libnrf_cc310_platform_0.9.17.a(mbedtls_hash_common.c.obj)
                0x0000000000003fbc                mbedtls_sha_starts_internal
 .text.mbedtls_sha_finish_internal
                0x0000000000003fe4       0x5c C:/ncs/v2.4.0/nrfxlib/crypto/nrf_cc310_platform/lib/cortex-m33/hard-float/no-interrupts/libnrf_cc310_platform_0.9.17.a(mbedtls_hash_common.c.obj)
                0x0000000000003fe4                mbedtls_sha_finish_internal
 .text.mbedtls_sha_update_internal
                0x0000000000004040      0x1ec C:/ncs/v2.4.0/nrfxlib/crypto/nrf_cc310_platform/lib/cortex-m33/hard-float/no-interrupts/libnrf_cc310_platform_0.9.17.a(mbedtls_hash_common.c.obj)
                0x0000000000004040                mbedtls_sha_update_internal
 .text.cc_mbedtls_sha256
                0x000000000000422c       0x50 C:/ncs/v2.4.0/nrfxlib/crypto/nrf_cc310_platform/lib/cortex-m33/hard-float/no-interrupts/libnrf_cc310_platform_0.9.17.a(sha256.c.obj)
                0x000000000000422c                cc_mbedtls_sha256
 .text.RNG_PLAT_SetUserRngParameters
                0x000000000000427c       0x74 C:/ncs/v2.4.0/nrfxlib/crypto/nrf_cc310_platform/lib/cortex-m33/hard-float/no-interrupts/libnrf_cc310_platform_0.9.17.a(cc_rng_plat.c.obj)
                0x000000000000427c                RNG_PLAT_SetUserRngParameters
 .text.CC_PalTrngParamGet
                0x00000000000042f0      0x114 C:/ncs/v2.4.0/nrfxlib/crypto/nrf_cc310_platform/lib/cortex-m33/hard-float/no-interrupts/libnrf_cc310_platform_0.9.17.a(cc_pal_trng.c.obj)
                0x00000000000042f0                CC_PalTrngParamGet
 .text.LLF_RND_WaitRngInterrupt
                0x0000000000004404       0x20 C:/ncs/v2.4.0/nrfxlib/crypto/nrf_cc310_platform/lib/cortex-m33/hard-float/no-interrupts/libnrf_cc310_platform_0.9.17.a(llf_rnd.c.obj)
                0x0000000000004404                LLF_RND_WaitRngInterrupt
 .text.LLF_RND_GetRoscSampleCnt
                0x0000000000004424       0x34 C:/ncs/v2.4.0/nrfxlib/crypto/nrf_cc310_platform/lib/cortex-m33/hard-float/no-interrupts/libnrf_cc310_platform_0.9.17.a(llf_rnd.c.obj)
                0x0000000000004424                LLF_RND_GetRoscSampleCnt
 .text.LLF_RND_GetFastestRosc
                0x0000000000004458       0x20 C:/ncs/v2.4.0/nrfxlib/crypto/nrf_cc310_platform/lib/cortex-m33/hard-float/no-interrupts/libnrf_cc310_platform_0.9.17.a(llf_rnd.c.obj)
                0x0000000000004458                LLF_RND_GetFastestRosc
 .text.LLF_RND_TurnOffTrng
                0x0000000000004478       0x18 C:/ncs/v2.4.0/nrfxlib/crypto/nrf_cc310_platform/lib/cortex-m33/hard-float/no-interrupts/libnrf_cc310_platform_0.9.17.a(llf_rnd.c.obj)
                0x0000000000004478                LLF_RND_TurnOffTrng
 .text.SetDataBuffersInfo
                0x0000000000004490       0x68 C:/ncs/v2.4.0/nrfxlib/crypto/nrf_cc310_platform/lib/cortex-m33/hard-float/no-interrupts/libnrf_cc310_platform_0.9.17.a(driver_common.c.obj)
                0x0000000000004490                SetDataBuffersInfo
 .text.InitHashDrv
                0x00000000000044f8       0x50 C:/ncs/v2.4.0/nrfxlib/crypto/nrf_cc310_platform/lib/cortex-m33/hard-float/no-interrupts/libnrf_cc310_platform_0.9.17.a(hash_driver.c.obj)
                0x00000000000044f8                InitHashDrv
 .text.ProcessHashDrv
                0x0000000000004548      0x22c C:/ncs/v2.4.0/nrfxlib/crypto/nrf_cc310_platform/lib/cortex-m33/hard-float/no-interrupts/libnrf_cc310_platform_0.9.17.a(hash_driver.c.obj)
                0x0000000000004548                ProcessHashDrv
 .text.FinishHashDrv
                0x0000000000004774       0x74 C:/ncs/v2.4.0/nrfxlib/crypto/nrf_cc310_platform/lib/cortex-m33/hard-float/no-interrupts/libnrf_cc310_platform_0.9.17.a(hash_driver.c.obj)
                0x0000000000004774                FinishHashDrv
 .text.CC_PalDataBufferAttrGet
                0x00000000000047e8        0x8 C:/ncs/v2.4.0/nrfxlib/crypto/nrf_cc310_platform/lib/cortex-m33/hard-float/no-interrupts/libnrf_cc310_platform_0.9.17.a(cc_pal_buff_attr.c.obj)
                0x00000000000047e8                CC_PalDataBufferAttrGet
 .text.exit     0x00000000000047f0       0x28 c:/ncs/toolchains/31f4403e35/opt/zephyr-sdk/arm-zephyr-eabi/bin/../lib/gcc/arm-zephyr-eabi/12.2.0/../../../../arm-zephyr-eabi/lib/thumb/v8-m.main+fp/hard\libc_nano.a(lib_a-exit.o)
                0x00000000000047f0                exit
 .text.__libc_init_array
                0x0000000000004818       0x48 c:/ncs/toolchains/31f4403e35/opt/zephyr-sdk/arm-zephyr-eabi/bin/../lib/gcc/arm-zephyr-eabi/12.2.0/../../../../arm-zephyr-eabi/lib/thumb/v8-m.main+fp/hard\libc_nano.a(lib_a-init.o)
                0x0000000000004818                __libc_init_array
 .text.memmove  0x0000000000004860       0x34 c:/ncs/toolchains/31f4403e35/opt/zephyr-sdk/arm-zephyr-eabi/bin/../lib/gcc/arm-zephyr-eabi/12.2.0/../../../../arm-zephyr-eabi/lib/thumb/v8-m.main+fp/hard\libc_nano.a(lib_a-memmove.o)
                0x0000000000004860                memmove
 .text          0x0000000000004894       0xc8 c:/ncs/toolchains/31f4403e35/opt/zephyr-sdk/arm-zephyr-eabi/bin/../lib/gcc/arm-zephyr-eabi/12.2.0/thumb/v8-m.main+fp/hard\libgcc.a(cmse.o)
                0x0000000000004894                cmse_check_address_range
 .text._exit    0x000000000000495c        0x4 c:/ncs/toolchains/31f4403e35/opt/zephyr-sdk/arm-zephyr-eabi/bin/../lib/gcc/arm-zephyr-eabi/12.2.0/../../../../arm-zephyr-eabi/lib/thumb/v8-m.main+fp/hard\libnosys.a(_exit.o)
                0x000000000000495c                _exit
 *(.init)
 .init          0x0000000000004960        0x4 c:/ncs/toolchains/31f4403e35/opt/zephyr-sdk/arm-zephyr-eabi/bin/../lib/gcc/arm-zephyr-eabi/12.2.0/thumb/v8-m.main+fp/hard/crti.o
                0x0000000000004960                _init
 .init          0x0000000000004964        0x8 c:/ncs/toolchains/31f4403e35/opt/zephyr-sdk/arm-zephyr-eabi/bin/../lib/gcc/arm-zephyr-eabi/12.2.0/thumb/v8-m.main+fp/hard/crtn.o
 *(.fini)
 .fini          0x000000000000496c        0x4 c:/ncs/toolchains/31f4403e35/opt/zephyr-sdk/arm-zephyr-eabi/bin/../lib/gcc/arm-zephyr-eabi/12.2.0/thumb/v8-m.main+fp/hard/crti.o
                0x000000000000496c                _fini
 .fini          0x0000000000004970        0x8 c:/ncs/toolchains/31f4403e35/opt/zephyr-sdk/arm-zephyr-eabi/bin/../lib/gcc/arm-zephyr-eabi/12.2.0/thumb/v8-m.main+fp/hard/crtn.o
 *crtbegin.o(.ctors)
 *crtbegin?.o(.ctors)
 *(EXCLUDE_FILE(*crtend.o *crtend?.o) .ctors)
 *(SORT_BY_NAME(.ctors.*))
 *(.ctors)
 *crtbegin.o(.dtors)
 *crtbegin?.o(.dtors)
 *(EXCLUDE_FILE(*crtend.o *crtend?.o) .dtors)
 *(SORT_BY_NAME(.dtors.*))
 *(.dtors)
 *(.rodata*)
 .rodata.str1.1
                0x0000000000004978        0xb secure_fw/CMakeFiles/tfm_s.dir/__/generated/secure_fw/partitions/crypto/auto_generated/load_info_tfm_crypto.o
 .rodata.str1.1
                0x0000000000004983       0x15 secure_fw/CMakeFiles/tfm_s.dir/__/generated/secure_fw/partitions/platform/auto_generated/load_info_tfm_platform.o
 .rodata.CSWTCH.10
                0x0000000000004998       0x1c C:/ncs/v2.4.0/nrfxlib/crypto/nrf_cc310_platform/lib/cortex-m33/hard-float/no-interrupts/libnrf_cc310_platform_0.9.17.a(nrf_cc3xx_platform.c.obj)
 .rodata.RndStartupTest.constprop.0.str1.4
                0x00000000000049b4       0x6f C:/ncs/v2.4.0/nrfxlib/crypto/nrf_cc310_platform/lib/cortex-m33/hard-float/no-interrupts/libnrf_cc310_platform_0.9.17.a(cc_lib.c.obj)
 *fill*         0x0000000000004a23        0x1 
 .rodata.CC_PalPowerSaveModeInit.str1.4
                0x0000000000004a24       0x20 C:/ncs/v2.4.0/nrfxlib/crypto/nrf_cc310_platform/lib/cortex-m33/hard-float/no-interrupts/libnrf_cc310_platform_0.9.17.a(cc_pal_pm.c.obj)
 .rodata.mutex_free.str1.4
                0x0000000000004a44       0x26 C:/ncs/v2.4.0/nrfxlib/crypto/nrf_cc310_platform/lib/cortex-m33/hard-float/no-interrupts/libnrf_cc310_platform_0.9.17.a(nrf_cc3xx_platform_mutex.c.obj)
 *fill*         0x0000000000004a6a        0x2 
 .rodata.mutex_init.str1.4
                0x0000000000004a6c       0x23 C:/ncs/v2.4.0/nrfxlib/crypto/nrf_cc310_platform/lib/cortex-m33/hard-float/no-interrupts/libnrf_cc310_platform_0.9.17.a(nrf_cc3xx_platform_mutex.c.obj)
 *fill*         0x0000000000004a8f        0x1 
 .rodata.mbedtls_hardware_poll.str1.4
                0x0000000000004a90       0x16 C:/ncs/v2.4.0/nrfxlib/crypto/nrf_cc310_platform/lib/cortex-m33/hard-float/no-interrupts/libnrf_cc310_platform_0.9.17.a(trng_api.c.obj)
                                         0x6e (size before relaxing)
 *fill*         0x0000000000004aa6        0x2 
 .rodata.cc_mbedtls_sha256_init.str1.4
                0x0000000000004aa8        0xe C:/ncs/v2.4.0/nrfxlib/crypto/nrf_cc310_platform/lib/cortex-m33/hard-float/no-interrupts/libnrf_cc310_platform_0.9.17.a(sha256_alt.c.obj)
 .rodata.ProcessHashDrv.str1.4
                0x0000000000004ab6       0x6f C:/ncs/v2.4.0/nrfxlib/crypto/nrf_cc310_platform/lib/cortex-m33/hard-float/no-interrupts/libnrf_cc310_platform_0.9.17.a(hash_driver.c.obj)
 *fill*         0x0000000000004ab6        0x2 
 .rodata.HASH_LARVAL_SHA256
                0x0000000000004ab8       0x20 C:/ncs/v2.4.0/nrfxlib/crypto/nrf_cc310_platform/lib/cortex-m33/hard-float/no-interrupts/libnrf_cc310_platform_0.9.17.a(hash_driver.c.obj)
 .rodata.HASH_LARVAL_SHA224
                0x0000000000004ad8       0x20 C:/ncs/v2.4.0/nrfxlib/crypto/nrf_cc310_platform/lib/cortex-m33/hard-float/no-interrupts/libnrf_cc310_platform_0.9.17.a(hash_driver.c.obj)
 .rodata.HASH_LARVAL_SHA1
                0x0000000000004af8       0x14 C:/ncs/v2.4.0/nrfxlib/crypto/nrf_cc310_platform/lib/cortex-m33/hard-float/no-interrupts/libnrf_cc310_platform_0.9.17.a(hash_driver.c.obj)
 .rodata._global_impure_ptr
                0x0000000000004b0c        0x4 c:/ncs/toolchains/31f4403e35/opt/zephyr-sdk/arm-zephyr-eabi/bin/../lib/gcc/arm-zephyr-eabi/12.2.0/../../../../arm-zephyr-eabi/lib/thumb/v8-m.main+fp/hard\libc_nano.a(lib_a-impure.o)
                0x0000000000004b0c                _global_impure_ptr
 .rodata.__sf_fake_stderr
                0x0000000000004b10       0x20 c:/ncs/toolchains/31f4403e35/opt/zephyr-sdk/arm-zephyr-eabi/bin/../lib/gcc/arm-zephyr-eabi/12.2.0/../../../../arm-zephyr-eabi/lib/thumb/v8-m.main+fp/hard\libc_nano.a(lib_a-findfp.o)
                0x0000000000004b10                __sf_fake_stderr
 .rodata.__sf_fake_stdout
                0x0000000000004b30       0x20 c:/ncs/toolchains/31f4403e35/opt/zephyr-sdk/arm-zephyr-eabi/bin/../lib/gcc/arm-zephyr-eabi/12.2.0/../../../../arm-zephyr-eabi/lib/thumb/v8-m.main+fp/hard\libc_nano.a(lib_a-findfp.o)
                0x0000000000004b30                __sf_fake_stdout
 .rodata.__sf_fake_stdin
                0x0000000000004b50       0x20 c:/ncs/toolchains/31f4403e35/opt/zephyr-sdk/arm-zephyr-eabi/bin/../lib/gcc/arm-zephyr-eabi/12.2.0/../../../../arm-zephyr-eabi/lib/thumb/v8-m.main+fp/hard\libc_nano.a(lib_a-findfp.o)
                0x0000000000004b50                __sf_fake_stdin
 *(.eh_frame*)
 .eh_frame      0x0000000000004b70        0x0 c:/ncs/toolchains/31f4403e35/opt/zephyr-sdk/arm-zephyr-eabi/bin/../lib/gcc/arm-zephyr-eabi/12.2.0/thumb/v8-m.main+fp/hard/crtbegin.o
 .eh_frame      0x0000000000004b70        0x4 c:/ncs/toolchains/31f4403e35/opt/zephyr-sdk/arm-zephyr-eabi/bin/../lib/gcc/arm-zephyr-eabi/12.2.0/thumb/v8-m.main+fp/hard/crtend.o
                0x0000000000004b80                . = ALIGN (0x20)
 *fill*         0x0000000000004b74        0xc 
                0x0000000000002440                Image$$TFM_UNPRIV_CODE$$RO$$Base = ADDR (.TFM_UNPRIV_CODE)
                0x0000000000004b80                Image$$TFM_UNPRIV_CODE$$RO$$Limit = (ADDR (.TFM_UNPRIV_CODE) + SIZEOF (.TFM_UNPRIV_CODE))

.glue_7         0x0000000000004b80        0x0
 .glue_7        0x0000000000004b80        0x0 linker stubs

.glue_7t        0x0000000000004b80        0x0
 .glue_7t       0x0000000000004b80        0x0 linker stubs

.vfp11_veneer   0x0000000000004b80        0x0
 .vfp11_veneer  0x0000000000004b80        0x0 linker stubs

.v4_bx          0x0000000000004b80        0x0
 .v4_bx         0x0000000000004b80        0x0 linker stubs

.iplt           0x0000000000004b80        0x0
 .iplt          0x0000000000004b80        0x0 c:/ncs/toolchains/31f4403e35/opt/zephyr-sdk/arm-zephyr-eabi/bin/../lib/gcc/arm-zephyr-eabi/12.2.0/thumb/v8-m.main+fp/hard/crtbegin.o

.psa_interface_cross_call
                0x0000000000004b80       0x8c
 .psa_interface_cross_call
                0x0000000000004b80       0x8c secure_fw/partitions/lib/runtime/libtfm_sprt.a(psa_interface_cross.o)
                0x0000000000004b86                psa_framework_version_cross
                0x0000000000004b8e                psa_version_cross
                0x0000000000004b96                tfm_psa_call_pack_cross
                0x0000000000004b9e                psa_wait_cross
                0x0000000000004ba6                psa_get_cross
                0x0000000000004bae                psa_read_cross
                0x0000000000004bb6                psa_skip_cross
                0x0000000000004bbe                psa_write_cross
                0x0000000000004bc6                psa_reply_cross
                0x0000000000004bce                psa_panic_cross
                0x0000000000004bd6                psa_rot_lifecycle_state_cross

.rel.dyn        0x0000000000004c0c        0x0
 .rel.iplt      0x0000000000004c0c        0x0 c:/ncs/toolchains/31f4403e35/opt/zephyr-sdk/arm-zephyr-eabi/bin/../lib/gcc/arm-zephyr-eabi/12.2.0/thumb/v8-m.main+fp/hard/crtbegin.o

.ARM.exidx      0x0000000000004c0c        0x8
 .ARM.exidx     0x0000000000004c0c        0x8 c:/ncs/toolchains/31f4403e35/opt/zephyr-sdk/arm-zephyr-eabi/bin/../lib/gcc/arm-zephyr-eabi/12.2.0/../../../../arm-zephyr-eabi/lib/thumb/v8-m.main+fp/hard/crt0.o
                                         0x10 (size before relaxing)

.gnu.sgstubs    0x0000000000007c00       0x20
 *(.gnu.sgstubs*)
 .gnu.sgstubs.__stub
                0x0000000000007c00       0x18 linker stubs
                0x0000000000007c00                tfm_psa_framework_version_veneer
                0x0000000000007c08                tfm_psa_version_veneer
                0x0000000000007c10                tfm_psa_call_veneer

.sgstubs_end    0x0000000000008000        0x0

.TFM_DATA       0x0000000020001d80       0xf0 load address 0x0000000000007c20
 *(.data*)
 .data.dev_mpu_s
                0x0000000020001d80        0x4 secure_fw/spm/libtfm_spm.a(tfm_hal_isolation.o)
                0x0000000020001d80                dev_mpu_s
 .data.serv_pool_sa
                0x0000000020001d84        0x4 secure_fw/spm/libtfm_spm.a(static_loader.o)
 .data.part_pool_sa
                0x0000000020001d88        0x4 secure_fw/spm/libtfm_spm.a(static_loader.o)
 .data.ldinf_sa
                0x0000000020001d8c        0x4 secure_fw/spm/libtfm_spm.a(static_loader.o)
 .data.hal_mem_sp_meta_start
                0x0000000020001d90        0x4 platform/libplatform_s.a(tfm_hal_memory_symbols.o)
                0x0000000020001d90                hal_mem_sp_meta_start
 .data.mbedtls_free_func
                0x0000000020001d94        0x4 secure_fw/partitions/crypto/mbedcrypto/nrf_security_src/libcrypto_service_mbedcrypto.a(platform.o)
 .data.mbedtls_calloc_func
                0x0000000020001d98        0x4 secure_fw/partitions/crypto/mbedcrypto/nrf_security_src/libcrypto_service_mbedcrypto.a(platform.o)
 .data.pCCRndCryptoMutex
                0x0000000020001d9c        0x4 C:/ncs/v2.4.0/nrfxlib/crypto/nrf_cc310_platform/lib/cortex-m33/hard-float/no-interrupts/libnrf_cc310_platform_0.9.17.a(cc_pal.c.obj)
                0x0000000020001d9c                pCCRndCryptoMutex
 .data.CCPowerMutex
                0x0000000020001da0        0x4 C:/ncs/v2.4.0/nrfxlib/crypto/nrf_cc310_platform/lib/cortex-m33/hard-float/no-interrupts/libnrf_cc310_platform_0.9.17.a(cc_pal.c.obj)
                0x0000000020001da0                CCPowerMutex
 .data.CCRndCryptoMutex
                0x0000000020001da4        0x4 C:/ncs/v2.4.0/nrfxlib/crypto/nrf_cc310_platform/lib/cortex-m33/hard-float/no-interrupts/libnrf_cc310_platform_0.9.17.a(cc_pal.c.obj)
                0x0000000020001da4                CCRndCryptoMutex
 .data.CCAsymCryptoMutex
                0x0000000020001da8        0x4 C:/ncs/v2.4.0/nrfxlib/crypto/nrf_cc310_platform/lib/cortex-m33/hard-float/no-interrupts/libnrf_cc310_platform_0.9.17.a(cc_pal.c.obj)
                0x0000000020001da8                CCAsymCryptoMutex
 .data.CCSymCryptoMutex
                0x0000000020001dac        0x4 C:/ncs/v2.4.0/nrfxlib/crypto/nrf_cc310_platform/lib/cortex-m33/hard-float/no-interrupts/libnrf_cc310_platform_0.9.17.a(cc_pal.c.obj)
                0x0000000020001dac                CCSymCryptoMutex
 .data.mbedtls_mutex_unlock