Archive member included to satisfy reference by file (symbol)

app/libapp.a(main.c.obj)      (--whole-archive)
zephyr/libzephyr.a(cbprintf_packaged.c.obj)
                              (--whole-archive)
zephyr/libzephyr.a(dec.c.obj)
                              (--whole-archive)
zephyr/libzephyr.a(fdtable.c.obj)
                              (--whole-archive)
zephyr/libzephyr.a(hex.c.obj)
                              (--whole-archive)
zephyr/libzephyr.a(printk.c.obj)
                              (--whole-archive)
zephyr/libzephyr.a(rb.c.obj)  (--whole-archive)
zephyr/libzephyr.a(sem.c.obj)
                              (--whole-archive)
zephyr/libzephyr.a(thread_entry.c.obj)
                              (--whole-archive)
zephyr/libzephyr.a(timeutil.c.obj)
                              (--whole-archive)
zephyr/libzephyr.a(heap.c.obj)
                              (--whole-archive)
zephyr/libzephyr.a(heap-validate.c.obj)
                              (--whole-archive)
zephyr/libzephyr.a(bitarray.c.obj)
                              (--whole-archive)
zephyr/libzephyr.a(multi_heap.c.obj)
                              (--whole-archive)
zephyr/libzephyr.a(onoff.c.obj)
                              (--whole-archive)
zephyr/libzephyr.a(notify.c.obj)
                              (--whole-archive)
zephyr/libzephyr.a(crc32c_sw.c.obj)
                              (--whole-archive)
zephyr/libzephyr.a(crc32_sw.c.obj)
                              (--whole-archive)
zephyr/libzephyr.a(crc16_sw.c.obj)
                              (--whole-archive)
zephyr/libzephyr.a(crc8_sw.c.obj)
                              (--whole-archive)
zephyr/libzephyr.a(crc7_sw.c.obj)
                              (--whole-archive)
zephyr/libzephyr.a(cbprintf_complete.c.obj)
                              (--whole-archive)
zephyr/libzephyr.a(cbprintf.c.obj)
                              (--whole-archive)
zephyr/libzephyr.a(assert.c.obj)
                              (--whole-archive)
zephyr/libzephyr.a(reboot.c.obj)
                              (--whole-archive)
zephyr/libzephyr.a(configs.c.obj)
                              (--whole-archive)
zephyr/libzephyr.a(soc.c.obj)
                              (--whole-archive)
zephyr/libzephyr.a(power.c.obj)
                              (--whole-archive)
zephyr/libzephyr.a(soc_nrf_common.S.obj)
                              (--whole-archive)
zephyr/libzephyr.a(soc_secure.c.obj)
                              (--whole-archive)
zephyr/libzephyr.a(validate_base_addresses.c.obj)
                              (--whole-archive)
zephyr/libzephyr.a(validate_enabled_instances.c.obj)
                              (--whole-archive)
zephyr/libzephyr.a(pm.c.obj)  (--whole-archive)
zephyr/libzephyr.a(policy.c.obj)
                              (--whole-archive)
zephyr/libzephyr.a(state.c.obj)
                              (--whole-archive)
zephyr/libzephyr.a(tracing_none.c.obj)
                              (--whole-archive)
zephyr/libzephyr.a(flash_map_partition_manager.c.obj)
                              (--whole-archive)
zephyr/arch/common/libarch__common.a(sw_isr_common.c.obj)
                              (--whole-archive)
zephyr/arch/arch/arm/core/aarch32/libarch__arm__core__aarch32.a(cpu_idle.S.obj)
                              (--whole-archive)
zephyr/arch/arch/arm/core/aarch32/libarch__arm__core__aarch32.a(fatal.c.obj)
                              (--whole-archive)
zephyr/arch/arch/arm/core/aarch32/libarch__arm__core__aarch32.a(irq_manage.c.obj)
                              (--whole-archive)
zephyr/arch/arch/arm/core/aarch32/libarch__arm__core__aarch32.a(nmi.c.obj)
                              (--whole-archive)
zephyr/arch/arch/arm/core/aarch32/libarch__arm__core__aarch32.a(nmi_on_reset.S.obj)
                              (--whole-archive)
zephyr/arch/arch/arm/core/aarch32/libarch__arm__core__aarch32.a(prep_c.c.obj)
                              (--whole-archive)
zephyr/arch/arch/arm/core/aarch32/libarch__arm__core__aarch32.a(swap.c.obj)
                              (--whole-archive)
zephyr/arch/arch/arm/core/aarch32/libarch__arm__core__aarch32.a(swap_helper.S.obj)
                              (--whole-archive)
zephyr/arch/arch/arm/core/aarch32/libarch__arm__core__aarch32.a(thread.c.obj)
                              (--whole-archive)
zephyr/arch/arch/arm/core/aarch32/libarch__arm__core__aarch32.a(isr_wrapper.S.obj)
                              (--whole-archive)
zephyr/arch/arch/arm/core/aarch32/cortex_m/libarch__arm__core__aarch32__cortex_m.a(exc_exit.S.obj)
                              (--whole-archive)
zephyr/arch/arch/arm/core/aarch32/cortex_m/libarch__arm__core__aarch32__cortex_m.a(fault.c.obj)
                              (--whole-archive)
zephyr/arch/arch/arm/core/aarch32/cortex_m/libarch__arm__core__aarch32__cortex_m.a(fault_s.S.obj)
                              (--whole-archive)
zephyr/arch/arch/arm/core/aarch32/cortex_m/libarch__arm__core__aarch32__cortex_m.a(fpu.c.obj)
[...]
Memory Configuration

Name             Origin             Length             Attributes
FLASH            0x0000000000008000 0x00000000000f8000 xr
RAM              0x000000002000c568 0x0000000000033a98 xw
IDT_LIST         0x00000000fffff7ff 0x0000000000000800 xw
*default*        0x0000000000000000 0xffffffffffffffff

Linker script and memory map

LOAD zephyr/CMakeFiles/zephyr_pre1.dir/misc/empty_file.c.obj
LOAD zephyr/CMakeFiles/zephyr_pre1.dir/dev_handles.c.obj
                0x0000000000000020                _region_min_align = 0x20

.rel.plt        0x0000000000008000        0x0
 *(SORT_BY_ALIGNMENT(.rel.plt))
                [!provide]                        PROVIDE (__rel_iplt_start = .)
 *(SORT_BY_ALIGNMENT(.rel.iplt))
 .rel.iplt      0x0000000000008000        0x0 app/libapp.a(main.c.obj)
                [!provide]                        PROVIDE (__rel_iplt_end = .)

.rela.plt       0x0000000000000000        0x0
 *(SORT_BY_ALIGNMENT(.rela.plt))
                [!provide]                        PROVIDE (__rela_iplt_start = .)
 *(SORT_BY_ALIGNMENT(.rela.iplt))
                [!provide]                        PROVIDE (__rela_iplt_end = .)

.rel.dyn
 *(SORT_BY_ALIGNMENT(.rel.*))

.rela.dyn
 *(SORT_BY_ALIGNMENT(.rela.*))

/DISCARD/
 *(SORT_BY_ALIGNMENT(.plt))

/DISCARD/
 *(SORT_BY_ALIGNMENT(.iplt))
                0x0000000000008000                __rom_region_start = 0x8000

rom_start       0x0000000000008000      0x144
                0x0000000000000000                . = 0x0
                0x0000000000000000                . = ALIGN (0x4)
                0x0000000000000000                . = ALIGN (0x80)
                0x0000000000000000                . = ALIGN (0x200)
                0x0000000000008000                _vector_start = .
 *(SORT_BY_ALIGNMENT(.exc_vector_table))
 *(SORT_BY_ALIGNMENT(.exc_vector_table.*))
 .exc_vector_table._vector_table_section
                0x0000000000008000       0x40 zephyr/arch/arch/arm/core/aarch32/cortex_m/libarch__arm__core__aarch32__cortex_m.a(vector_table.S.obj)
                0x0000000000008000                _vector_table
 *(SORT_BY_ALIGNMENT(.vectors))
                0x0000000000008144                _vector_end = .
                0x0000000000008040                . = ALIGN (0x4)
 *(SORT_BY_ALIGNMENT(.gnu.linkonce.irq_vector_table*))
 .gnu.linkonce.irq_vector_table
                0x0000000000008040      0x104 zephyr/arch/common/libisr_tables.a(isr_tables.c.obj)
                0x0000000000008040                _irq_vector_table
                0x0000000000008144                _vector_end = .

text            0x0000000000008144     0x6d28
                0x0000000000008144                __text_region_start = .
 *(SORT_BY_ALIGNMENT(.text))
 .text          0x0000000000008144       0x30 c:/ncs/toolchains/31f4403e35/opt/zephyr-sdk/arm-zephyr-eabi/bin/../lib/gcc/arm-zephyr-eabi/12.2.0/thumb/v8-m.main/nofp\libgcc.a(_aeabi_uldivmod.o)
                0x0000000000008144                __aeabi_uldivmod
 .text          0x0000000000008174        0x4 c:/ncs/toolchains/31f4403e35/opt/zephyr-sdk/arm-zephyr-eabi/bin/../lib/gcc/arm-zephyr-eabi/12.2.0/thumb/v8-m.main/nofp\libgcc.a(_dvmd_tls.o)
                0x0000000000008174                __aeabi_idiv0
                0x0000000000008174                __aeabi_ldiv0
 .text          0x0000000000008178      0x29c c:/ncs/toolchains/31f4403e35/opt/zephyr-sdk/arm-zephyr-eabi/bin/../lib/gcc/arm-zephyr-eabi/12.2.0/thumb/v8-m.main/nofp\libgcc.a(_udivmoddi4.o)
                0x0000000000008178                __udivmoddi4
 .text          0x0000000000008414       0x10 C:/ncs/toolchains/31f4403e35/opt/zephyr-sdk/arm-zephyr-eabi/arm-zephyr-eabi/lib/thumb/v8-m.main/nofp\libc_nano.a(lib_a-strlen.o)
                0x0000000000008414                strlen
 *(SORT_BY_ALIGNMENT(.text.*))
 .text.main     0x0000000000008424       0x1c app/libapp.a(main.c.obj)
                0x0000000000008424                main
 .text.char_out
                0x0000000000008440        0xc zephyr/libzephyr.a(printk.c.obj)
 .text.__printk_hook_install
                0x000000000000844c        0xc zephyr/libzephyr.a(printk.c.obj)
                0x000000000000844c                __printk_hook_install
 .text.vprintk  0x0000000000008458       0x1c zephyr/libzephyr.a(printk.c.obj)
                0x0000000000008458                vprintk
 .text.process_event
                0x0000000000008474      0x21c zephyr/libzephyr.a(onoff.c.obj)
 .text.extract_decimal
                0x0000000000008690       0x2c zephyr/libzephyr.a(cbprintf_complete.c.obj)
 .text.encode_uint
                0x00000000000086bc       0x98 zephyr/libzephyr.a(cbprintf_complete.c.obj)
 .text.z_cbvprintf_impl
                0x0000000000008754      0x754 zephyr/libzephyr.a(cbprintf_complete.c.obj)
                0x0000000000008754                z_cbvprintf_impl
 .text.nordicsemi_nrf91_init
                0x0000000000008ea8       0x28 zephyr/libzephyr.a(soc.c.obj)
 .text.arch_busy_wait
                0x0000000000008ed0       0x14 zephyr/libzephyr.a(soc.c.obj)
                0x0000000000008ed0                arch_busy_wait
 .text.z_arm_platform_init
                0x0000000000008ee4        0x4 zephyr/libzephyr.a(soc_nrf_common.S.obj)
                0x0000000000008ee4                z_arm_platform_init
 .text.pm_state_notify
                0x0000000000008ee8       0x5c zephyr/libzephyr.a(pm.c.obj)
 .text.pm_system_resume
                0x0000000000008f44       0x70 zephyr/libzephyr.a(pm.c.obj)
                0x0000000000008f44                pm_system_resume
 .text.pm_system_suspend
                0x0000000000008fb4       0xec zephyr/libzephyr.a(pm.c.obj)
                0x0000000000008fb4                pm_system_suspend
 .text.pm_policy_next_state
                0x00000000000090a0       0x94 zephyr/libzephyr.a(policy.c.obj)
                0x00000000000090a0                pm_policy_next_state
 .text.pm_state_cpu_get_all
                0x0000000000009134       0x10 zephyr/libzephyr.a(state.c.obj)
                0x0000000000009134                pm_state_cpu_get_all
 .text.z_arm_cpu_idle_init
                0x0000000000009144        0xc zephyr/arch/arch/arm/core/aarch32/libarch__arm__core__aarch32.a(cpu_idle.S.obj)
                0x0000000000009144                z_arm_cpu_idle_init
 .text.arch_cpu_idle
                0x0000000000009150       0x1c zephyr/arch/arch/arm/core/aarch32/libarch__arm__core__aarch32.a(cpu_idle.S.obj)
                0x0000000000009150                arch_cpu_idle
 .text.arch_cpu_atomic_idle
                0x000000000000916c       0x18 zephyr/arch/arch/arm/core/aarch32/libarch__arm__core__aarch32.a(cpu_idle.S.obj)
                0x000000000000916c                arch_cpu_atomic_idle
 .text.arch_irq_enable
                0x0000000000009184       0x1c zephyr/arch/arch/arm/core/aarch32/libarch__arm__core__aarch32.a(irq_manage.c.obj)
                0x0000000000009184                arch_irq_enable
 .text.arch_irq_is_enabled
                0x00000000000091a0       0x1c zephyr/arch/arch/arm/core/aarch32/libarch__arm__core__aarch32.a(irq_manage.c.obj)
                0x00000000000091a0                arch_irq_is_enabled
 .text.z_arm_irq_priority_set
                0x00000000000091bc       0x2c zephyr/arch/arch/arm/core/aarch32/libarch__arm__core__aarch32.a(irq_manage.c.obj)
                0x00000000000091bc                z_arm_irq_priority_set
 .text.z_SysNmiOnReset
                0x00000000000091e8        0x8 zephyr/arch/arch/arm/core/aarch32/libarch__arm__core__aarch32.a(nmi_on_reset.S.obj)
                0x00000000000091e8                z_SysNmiOnReset
 .text.z_arm_prep_c
                0x00000000000091f0       0x38 zephyr/arch/arch/arm/core/aarch32/libarch__arm__core__aarch32.a(prep_c.c.obj)
                0x00000000000091f0                z_arm_prep_c
 .text.arch_swap
                0x0000000000009228       0x34 zephyr/arch/arch/arm/core/aarch32/libarch__arm__core__aarch32.a(swap.c.obj)
                0x0000000000009228                arch_swap
 .text.z_arm_pendsv
                0x000000000000925c       0x60 zephyr/arch/arch/arm/core/aarch32/libarch__arm__core__aarch32.a(swap_helper.S.obj)
                0x000000000000925c                z_arm_pendsv
 .text.z_arm_svc
                0x00000000000092bc       0x20 zephyr/arch/arch/arm/core/aarch32/libarch__arm__core__aarch32.a(swap_helper.S.obj)
                0x00000000000092bc                z_arm_svc
 .text.arch_new_thread
                0x00000000000092dc       0x3c zephyr/arch/arch/arm/core/aarch32/libarch__arm__core__aarch32.a(thread.c.obj)
                0x00000000000092dc                arch_new_thread
 .text.arch_switch_to_main_thread
                0x0000000000009318       0x28 zephyr/arch/arch/arm/core/aarch32/libarch__arm__core__aarch32.a(thread.c.obj)
                0x0000000000009318                arch_switch_to_main_thread
 .text._isr_wrapper
                0x0000000000009340       0x40 zephyr/arch/arch/arm/core/aarch32/libarch__arm__core__aarch32.a(isr_wrapper.S.obj)
                0x0000000000009340                _isr_wrapper
 .text._HandlerModeExit
                0x0000000000009380       0x1c zephyr/arch/arch/arm/core/aarch32/cortex_m/libarch__arm__core__aarch32__cortex_m.a(exc_exit.S.obj)
                0x0000000000009380                z_arm_int_exit
                0x0000000000009380                z_arm_exc_exit
 .text.usage_fault.constprop.0
                0x000000000000939c       0x5c zephyr/arch/arch/arm/core/aarch32/cortex_m/libarch__arm__core__aarch32__cortex_m.a(fault.c.obj)
 .text.bus_fault.constprop.0
                0x00000000000093f8       0x6c zephyr/arch/arch/arm/core/aarch32/cortex_m/libarch__arm__core__aarch32__cortex_m.a(fault.c.obj)
 .text.mem_manage_fault.constprop.0
                0x0000000000009464       0x78 zephyr/arch/arch/arm/core/aarch32/cortex_m/libarch__arm__core__aarch32__cortex_m.a(fault.c.obj)
 .text.z_arm_fault
                0x00000000000094dc      0x130 zephyr/arch/arch/arm/core/aarch32/cortex_m/libarch__arm__core__aarch32__cortex_m.a(fault.c.obj)
                0x00000000000094dc                z_arm_fault
 .text.z_arm_fault_init
                0x000000000000960c       0x18 zephyr/arch/arch/arm/core/aarch32/cortex_m/libarch__arm__core__aarch32__cortex_m.a(fault.c.obj)
                0x000000000000960c                z_arm_fault_init
 .text.__fault  0x0000000000009624       0x14 zephyr/arch/arch/arm/core/aarch32/cortex_m/libarch__arm__core__aarch32__cortex_m.a(fault_s.S.obj)
                0x0000000000009624                z_arm_usage_fault
                0x0000000000009624                z_arm_mpu_fault
                0x0000000000009624                z_arm_exc_spurious
                0x0000000000009624                z_arm_debug_monitor
                0x0000000000009624                z_arm_hard_fault
                0x0000000000009624                z_arm_bus_fault
 .text.z_arm_interrupt_init
                0x0000000000009638       0x18 zephyr/arch/arch/arm/core/aarch32/cortex_m/libarch__arm__core__aarch32__cortex_m.a(irq_init.c.obj)
                0x0000000000009638                z_arm_interrupt_init
 .text._reset_section
                0x0000000000009650       0x60 zephyr/arch/arch/arm/core/aarch32/cortex_m/libarch__arm__core__aarch32__cortex_m.a(reset.S.obj)
                0x0000000000009650                __start
                0x0000000000009650                z_arm_reset
 .text.sys_arch_reboot
                0x00000000000096b0       0x24 zephyr/arch/arch/arm/core/aarch32/cortex_m/libarch__arm__core__aarch32__cortex_m.a(scb.c.obj)
                0x00000000000096b0                sys_arch_reboot
 .text.z_arm_clear_arm_mpu_config
                0x00000000000096d4       0x24 zephyr/arch/arch/arm/core/aarch32/cortex_m/libarch__arm__core__aarch32__cortex_m.a(scb.c.obj)
                0x00000000000096d4                z_arm_clear_arm_mpu_config
 .text.z_arm_init_arch_hw_at_boot
                0x00000000000096f8       0x4c zephyr/arch/arch/arm/core/aarch32/cortex_m/libarch__arm__core__aarch32__cortex_m.a(scb.c.obj)
                0x00000000000096f8                z_arm_init_arch_hw_at_boot
 .text.z_impl_k_thread_abort
                0x0000000000009744       0x2c zephyr/arch/arch/arm/core/aarch32/cortex_m/libarch__arm__core__aarch32__cortex_m.a(thread_abort.c.obj)
                0x0000000000009744                z_impl_k_thread_abort
 .text.z_arm_configure_static_mpu_regions
                0x0000000000009770       0x38 zephyr/arch/arch/arm/core/aarch32/mpu/libarch__arm__core__aarch32__mpu.a(arm_core_mpu.c.obj)
                0x0000000000009770                z_arm_configure_static_mpu_regions
 .text.region_init
                0x00000000000097a8       0x34 zephyr/arch/arch/arm/core/aarch32/mpu/libarch__arm__core__aarch32__mpu.a(arm_mpu.c.obj)
 .text.mpu_configure_regions_and_partition.constprop.0
                0x00000000000097dc      0x14c zephyr/arch/arch/arm/core/aarch32/mpu/libarch__arm__core__aarch32__mpu.a(arm_mpu.c.obj)
 .text.arm_core_mpu_enable
                0x0000000000009928       0x18 zephyr/arch/arch/arm/core/aarch32/mpu/libarch__arm__core__aarch32__mpu.a(arm_mpu.c.obj)
                0x0000000000009928                arm_core_mpu_enable
 .text.arm_core_mpu_disable
                0x0000000000009940       0x14 zephyr/arch/arch/arm/core/aarch32/mpu/libarch__arm__core__aarch32__mpu.a(arm_mpu.c.obj)
                0x0000000000009940                arm_core_mpu_disable
 .text.arm_core_mpu_configure_static_mpu_regions
                0x0000000000009954       0x14 zephyr/arch/arch/arm/core/aarch32/mpu/libarch__arm__core__aarch32__mpu.a(arm_mpu.c.obj)
                0x0000000000009954                arm_core_mpu_configure_static_mpu_regions
 .text.arm_core_mpu_mark_areas_for_dynamic_regions
                0x0000000000009968       0xb8 zephyr/arch/arch/arm/core/aarch32/mpu/libarch__arm__core__aarch32__mpu.a(arm_mpu.c.obj)
                0x0000000000009968                arm_core_mpu_mark_areas_for_dynamic_regions
 .text.z_arm_mpu_init
                0x0000000000009a20       0x4c zephyr/arch/arch/arm/core/aarch32/mpu/libarch__arm__core__aarch32__mpu.a(arm_mpu.c.obj)
                0x0000000000009a20                z_arm_mpu_init
 .text.__stdout_hook_install
                0x0000000000009a6c        0xc zephyr/lib/libc/newlib/liblib__libc__newlib.a(libc-hooks.c.obj)
                0x0000000000009a6c                __stdout_hook_install
 .text._sbrk    0x0000000000009a78       0x28 zephyr/lib/libc/newlib/liblib__libc__newlib.a(libc-hooks.c.obj)
                0x0000000000009a78                sbrk
                0x0000000000009a78                _sbrk
 .text.onoff_stop
                0x0000000000009aa0       0x30 zephyr/drivers/clock_control/libdrivers__clock_control.a(clock_control_nrf.c.obj)
 .text.onoff_start
                0x0000000000009ad0       0x44 zephyr/drivers/clock_control/libdrivers__clock_control.a(clock_control_nrf.c.obj)
 .text.clk_init
                0x0000000000009b14       0x58 zephyr/drivers/clock_control/libdrivers__clock_control.a(clock_control_nrf.c.obj)
 .text.clkstarted_handle.constprop.0
                0x0000000000009b6c       0x34 zephyr/drivers/clock_control/libdrivers__clock_control.a(clock_control_nrf.c.obj)
 .text.clock_event_handler
                0x0000000000009ba0       0x1c zephyr/drivers/clock_control/libdrivers__clock_control.a(clock_control_nrf.c.obj)
 .text.generic_hfclk_start
                0x0000000000009bbc       0x64 zephyr/drivers/clock_control/libdrivers__clock_control.a(clock_control_nrf.c.obj)
 .text.api_blocking_start
                0x0000000000009c20       0x34 zephyr/drivers/clock_control/libdrivers__clock_control.a(clock_control_nrf.c.obj)
 .text.generic_hfclk_stop
                0x0000000000009c54       0x34 zephyr/drivers/clock_control/libdrivers__clock_control.a(clock_control_nrf.c.obj)
 .text.z_nrf_clock_control_lf_on
                0x0000000000009c88       0xf8 zephyr/drivers/clock_control/libdrivers__clock_control.a(clock_control_nrf.c.obj)
                0x0000000000009c88                z_nrf_clock_control_lf_on
 .text.uart_console_init
                0x0000000000009d80       0x28 zephyr/drivers/console/libdrivers__console.a(uart_console.c.obj)
 .text.console_out
                0x0000000000009da8       0x28 zephyr/drivers/console/libdrivers__console.a(uart_console.c.obj)
 .text.gpio_nrfx_pin_interrupt_configure
                0x0000000000009dd0       0xc8 zephyr/drivers/gpio/libdrivers__gpio.a(gpio_nrfx.c.obj)
 .text.gpio_nrfx_init
                0x0000000000009e98       0x38 zephyr/drivers/gpio/libdrivers__gpio.a(gpio_nrfx.c.obj)
 .text.nrfx_gpio_handler
                0x0000000000009ed0       0x3c zephyr/drivers/gpio/libdrivers__gpio.a(gpio_nrfx.c.obj)
 .text.gpio_nrfx_pin_configure
                0x0000000000009f0c      0x124 zephyr/drivers/gpio/libdrivers__gpio.a(gpio_nrfx.c.obj)
 .text.pinctrl_configure_pins
                0x000000000000a030      0x108 zephyr/drivers/pinctrl/libdrivers__pinctrl.a(pinctrl_nrf.c.obj)
                0x000000000000a030                pinctrl_configure_pins
 .text.uarte_nrfx_configure
                0x000000000000a138      0x168 zephyr/drivers/serial/libdrivers__serial.a(uart_nrfx_uarte.c.obj)
 .text.uarte_0_init
                0x000000000000a2a0       0xec zephyr/drivers/serial/libdrivers__serial.a(uart_nrfx_uarte.c.obj)
 .text.uarte_nrfx_poll_out
                0x000000000000a38c       0xcc zephyr/drivers/serial/libdrivers__serial.a(uart_nrfx_uarte.c.obj)
 .text.compare_int_lock
                0x000000000000a458       0x40 zephyr/drivers/timer/libdrivers__timer.a(nrf_rtc_timer.c.obj)
 .text.sys_clock_timeout_handler
                0x000000000000a498       0x48 zephyr/drivers/timer/libdrivers__timer.a(nrf_rtc_timer.c.obj)
 .text.compare_int_unlock
                0x000000000000a4e0       0x4c zephyr/drivers/timer/libdrivers__timer.a(nrf_rtc_timer.c.obj)
 .text.z_nrf_rtc_timer_read
                0x000000000000a52c       0x44 zephyr/drivers/timer/libdrivers__timer.a(nrf_rtc_timer.c.obj)
                0x000000000000a52c                z_nrf_rtc_timer_read
 .text.compare_set
                0x000000000000a570      0x114 zephyr/drivers/timer/libdrivers__timer.a(nrf_rtc_timer.c.obj)
 .text.sys_clock_driver_init
                0x000000000000a684       0x8c zephyr/drivers/timer/libdrivers__timer.a(nrf_rtc_timer.c.obj)
 .text.rtc_nrf_isr
                0x000000000000a710       0xd0 zephyr/drivers/timer/libdrivers__timer.a(nrf_rtc_timer.c.obj)
                0x000000000000a710                rtc_nrf_isr
 .text.sys_clock_set_timeout
                0x000000000000a7e0       0x64 zephyr/drivers/timer/libdrivers__timer.a(nrf_rtc_timer.c.obj)
                0x000000000000a7e0                sys_clock_set_timeout
 .text.sys_clock_elapsed
                0x000000000000a844       0x14 zephyr/drivers/timer/libdrivers__timer.a(nrf_rtc_timer.c.obj)
                0x000000000000a844                sys_clock_elapsed
 .text.thread_monitor_entry_get
                0x000000000000a858       0x48 modules/nrf/lib/nrf_modem_lib/lib..__nrf__lib__nrf_modem_lib.a(nrf_modem_os.c.obj)
 .text.on_init  0x000000000000a8a0       0x20 modules/nrf/lib/nrf_modem_lib/lib..__nrf__lib__nrf_modem_lib.a(nrf_modem_os.c.obj)
 .text.nrf_modem_os_timedwait
                0x000000000000a8c0      0x184 modules/nrf/lib/nrf_modem_lib/lib..__nrf__lib__nrf_modem_lib.a(nrf_modem_os.c.obj)
                0x000000000000a8c0                nrf_modem_os_timedwait
 .text.nrf_modem_os_sem_init
                0x000000000000aa44       0x34 modules/nrf/lib/nrf_modem_lib/lib..__nrf__lib__nrf_modem_lib.a(nrf_modem_os.c.obj)
                0x000000000000aa44                nrf_modem_os_sem_init
 .text.nrf_modem_os_event_notify
                0x000000000000aa78       0x38 modules/nrf/lib/nrf_modem_lib/lib..__nrf__lib__nrf_modem_lib.a(nrf_modem_os.c.obj)
                0x000000000000aa78                nrf_modem_os_event_notify
 .text.nrf_modem_os_alloc
                0x000000000000aab0       0x10 modules/nrf/lib/nrf_modem_lib/lib..__nrf__lib__nrf_modem_lib.a(nrf_modem_os.c.obj)
                0x000000000000aab0                nrf_modem_os_alloc
 .text.nrf_modem_os_free
                0x000000000000aac0        0xc modules/nrf/lib/nrf_modem_lib/lib..__nrf__lib__nrf_modem_lib.a(nrf_modem_os.c.obj)
                0x000000000000aac0                nrf_modem_os_free
 .text.nrf_modem_os_shm_tx_alloc
                0x000000000000aacc       0x10 modules/nrf/lib/nrf_modem_lib/lib..__nrf__lib__nrf_modem_lib.a(nrf_modem_os.c.obj)
                0x000000000000aacc                nrf_modem_os_shm_tx_alloc
 .text.nrf_modem_os_shm_tx_free
                0x000000000000aadc        0xc modules/nrf/lib/nrf_modem_lib/lib..__nrf__lib__nrf_modem_lib.a(nrf_modem_os.c.obj)
                0x000000000000aadc                nrf_modem_os_shm_tx_free
 .text.on_modem_lib_init
                0x000000000000aae8       0x28 modules/nrf/lib/modem_antenna/lib..__nrf__lib__modem_antenna.a(modem_antenna.c.obj)
 .text.tfm_ns_interface_dispatch
                0x000000000000ab10       0x64 modules/trusted-firmware-m/libtfm_api.a(interface.c.obj)
                0x000000000000ab10                tfm_ns_interface_dispatch
 .text.psa_generate_random
                0x000000000000ab74       0x40 modules/trusted-firmware-m/libtfm_api.a(tfm_crypto_api.c.obj)
                0x000000000000ab74                psa_generate_random
 .text.psa_call
                0x000000000000abb4       0x38 modules/trusted-firmware-m/libtfm_api.a(tfm_psa_ns_api.c.obj)
                0x000000000000abb4                psa_call
 .text.nrfx_flag32_alloc
                0x000000000000abec       0x38 modules/hal_nordic/nrfx/libmodules__hal_nordic__nrfx.a(nrfx_flag32_allocator.c.obj)
                0x000000000000abec                nrfx_flag32_alloc
 .text.nrfx_flag32_free
                0x000000000000ac24       0x38 modules/hal_nordic/nrfx/libmodules__hal_nordic__nrfx.a(nrfx_flag32_allocator.c.obj)
                0x000000000000ac24                nrfx_flag32_free
 .text.clock_stop
                0x000000000000ac5c       0xb4 modules/hal_nordic/nrfx/libmodules__hal_nordic__nrfx.a(nrfx_clock.c.obj)
 .text.nrfx_clock_init
                0x000000000000ad10       0x20 modules/hal_nordic/nrfx/libmodules__hal_nordic__nrfx.a(nrfx_clock.c.obj)
                0x000000000000ad10                nrfx_clock_init
 .text.nrfx_clock_enable
                0x000000000000ad30       0x20 modules/hal_nordic/nrfx/libmodules__hal_nordic__nrfx.a(nrfx_clock.c.obj)
                0x000000000000ad30                nrfx_clock_enable
 .text.nrfx_clock_start
                0x000000000000ad50       0x80 modules/hal_nordic/nrfx/libmodules__hal_nordic__nrfx.a(nrfx_clock.c.obj)
                0x000000000000ad50                nrfx_clock_start
 .text.nrfx_power_clock_irq_handler
                0x000000000000add0       0x68 modules/hal_nordic/nrfx/libmodules__hal_nordic__nrfx.a(nrfx_clock.c.obj)
                0x000000000000add0                nrfx_power_clock_irq_handler
 .text.nrfx_dppi_channel_alloc
                0x000000000000ae38        0xc modules/hal_nordic/nrfx/libmodules__hal_nordic__nrfx.a(nrfx_dppi.c.obj)
                0x000000000000ae38                nrfx_dppi_channel_alloc
 .text.nrf_gpio_cfg_sense_set
                0x000000000000ae44       0x20 modules/hal_nordic/nrfx/libmodules__hal_nordic__nrfx.a(nrfx_gpiote.c.obj)
 .text.pin_in_use_by_te
                0x000000000000ae64       0x14 modules/hal_nordic/nrfx/libmodules__hal_nordic__nrfx.a(nrfx_gpiote.c.obj)
 .text.call_handler
                0x000000000000ae78       0x3c modules/hal_nordic/nrfx/libmodules__hal_nordic__nrfx.a(nrfx_gpiote.c.obj)
 .text.release_handler
                0x000000000000aeb4       0x54 modules/hal_nordic/nrfx/libmodules__hal_nordic__nrfx.a(nrfx_gpiote.c.obj)
 .text.pin_handler_trigger_uninit
                0x000000000000af08       0x3c modules/hal_nordic/nrfx/libmodules__hal_nordic__nrfx.a(nrfx_gpiote.c.obj)
 .text.nrfx_gpiote_input_configure
                0x000000000000af44      0x158 modules/hal_nordic/nrfx/libmodules__hal_nordic__nrfx.a(nrfx_gpiote.c.obj)
                0x000000000000af44                nrfx_gpiote_input_configure
 .text.nrfx_gpiote_output_configure
                0x000000000000b09c      0x100 modules/hal_nordic/nrfx/libmodules__hal_nordic__nrfx.a(nrfx_gpiote.c.obj)
                0x000000000000b09c                nrfx_gpiote_output_configure
 .text.nrfx_gpiote_global_callback_set
                0x000000000000b19c        0xc modules/hal_nordic/nrfx/libmodules__hal_nordic__nrfx.a(nrfx_gpiote.c.obj)
                0x000000000000b19c                nrfx_gpiote_global_callback_set
 .text.nrfx_gpiote_channel_get
                0x000000000000b1a8       0x2c modules/hal_nordic/nrfx/libmodules__hal_nordic__nrfx.a(nrfx_gpiote.c.obj)
                0x000000000000b1a8                nrfx_gpiote_channel_get
 .text.nrfx_gpiote_init
                0x000000000000b1d4       0x50 modules/hal_nordic/nrfx/libmodules__hal_nordic__nrfx.a(nrfx_gpiote.c.obj)
                0x000000000000b1d4                nrfx_gpiote_init
 .text.nrfx_gpiote_is_init
                0x000000000000b224       0x14 modules/hal_nordic/nrfx/libmodules__hal_nordic__nrfx.a(nrfx_gpiote.c.obj)
                0x000000000000b224                nrfx_gpiote_is_init
 .text.nrfx_gpiote_channel_free
                0x000000000000b238        0xc modules/hal_nordic/nrfx/libmodules__hal_nordic__nrfx.a(nrfx_gpiote.c.obj)
                0x000000000000b238                nrfx_gpiote_channel_free
 .text.nrfx_gpiote_channel_alloc
                0x000000000000b244        0xc modules/hal_nordic/nrfx/libmodules__hal_nordic__nrfx.a(nrfx_gpiote.c.obj)
                0x000000000000b244                nrfx_gpiote_channel_alloc
 .text.nrfx_gpiote_trigger_enable
                0x000000000000b250       0x88 modules/hal_nordic/nrfx/libmodules__hal_nordic__nrfx.a(nrfx_gpiote.c.obj)
                0x000000000000b250                nrfx_gpiote_trigger_enable
 .text.nrfx_gpiote_trigger_disable
                0x000000000000b2d8       0x50 modules/hal_nordic/nrfx/libmodules__hal_nordic__nrfx.a(nrfx_gpiote.c.obj)
                0x000000000000b2d8                nrfx_gpiote_trigger_disable
 .text.nrfx_gpiote_pin_uninit
                0x000000000000b328       0x44 modules/hal_nordic/nrfx/libmodules__hal_nordic__nrfx.a(nrfx_gpiote.c.obj)
                0x000000000000b328                nrfx_gpiote_pin_uninit
 .text.nrfx_gpiote_irq_handler
                0x000000000000b36c      0x154 modules/hal_nordic/nrfx/libmodules__hal_nordic__nrfx.a(nrfx_gpiote.c.obj)
                0x000000000000b36c                nrfx_gpiote_irq_handler
 .text.nrfx_ipc_init
                0x000000000000b4c0       0x30 modules/hal_nordic/nrfx/libmodules__hal_nordic__nrfx.a(nrfx_ipc.c.obj)
                0x000000000000b4c0                nrfx_ipc_init
 .text.nrfx_ipc_config_load
                0x000000000000b4f0       0x40 modules/hal_nordic/nrfx/libmodules__hal_nordic__nrfx.a(nrfx_ipc.c.obj)
                0x000000000000b4f0                nrfx_ipc_config_load
 .text.nrfx_ipc_uninit
                0x000000000000b530       0x5c modules/hal_nordic/nrfx/libmodules__hal_nordic__nrfx.a(nrfx_ipc.c.obj)
                0x000000000000b530                nrfx_ipc_uninit
 .text.nrfx_ipc_receive_event_enable
                0x000000000000b58c       0x10 modules/hal_nordic/nrfx/libmodules__hal_nordic__nrfx.a(nrfx_ipc.c.obj)
                0x000000000000b58c                nrfx_ipc_receive_event_enable
 .text.nrfx_ipc_receive_event_disable
                0x000000000000b59c       0x10 modules/hal_nordic/nrfx/libmodules__hal_nordic__nrfx.a(nrfx_ipc.c.obj)
                0x000000000000b59c                nrfx_ipc_receive_event_disable
 .text.nrfx_ipc_irq_handler
                0x000000000000b5ac       0x40 modules/hal_nordic/nrfx/libmodules__hal_nordic__nrfx.a(nrfx_ipc.c.obj)
                0x000000000000b5ac                nrfx_ipc_irq_handler
 .text.rpc_handle_data_message
                0x000000000000b5ec       0x38 C:/ncs/v2.4.0/nrfxlib/nrf_modem/lib/cortex-m33/soft-float/libmodem.a(rpc_framework.c.obj)
                0x000000000000b5ec                rpc_handle_data_message
 .text.rpc_transport_msg_alloc
                0x000000000000b624        0xc C:/ncs/v2.4.0/nrfxlib/nrf_modem/lib/cortex-m33/soft-float/libmodem.a(rpc_transport.c.obj)
                0x000000000000b624                rpc_transport_msg_alloc
 .text.rpc_transport_msg_rx_free
                0x000000000000b630        0xc C:/ncs/v2.4.0/nrfxlib/nrf_modem/lib/cortex-m33/soft-float/libmodem.a(rpc_transport.c.obj)
                0x000000000000b630                rpc_transport_msg_rx_free
 .text.rpc_transport_msg_data_rx_free
                0x000000000000b63c        0xc C:/ncs/v2.4.0/nrfxlib/nrf_modem/lib/cortex-m33/soft-float/libmodem.a(rpc_transport.c.obj)
                0x000000000000b63c                rpc_transport_msg_data_rx_free
 .text.rpc_transport_msg_send
                0x000000000000b648        0xc C:/ncs/v2.4.0/nrfxlib/nrf_modem/lib/cortex-m33/soft-float/libmodem.a(rpc_transport.c.obj)
                0x000000000000b648                rpc_transport_msg_send
 .text.rpc_transport_ipc_msg_data_tx_size
                0x000000000000b654        0xc C:/ncs/v2.4.0/nrfxlib/nrf_modem/lib/cortex-m33/soft-float/libmodem.a(rpc_transport_ipc.c.obj)
 .text.rpc_transport_ipc_msg_rx_free
                0x000000000000b660       0x4c C:/ncs/v2.4.0/nrfxlib/nrf_modem/lib/cortex-m33/soft-float/libmodem.a(rpc_transport_ipc.c.obj)
 .text.rpc_transport_ipc_msg_tx_free
                0x000000000000b6ac       0x38 C:/ncs/v2.4.0/nrfxlib/nrf_modem/lib/cortex-m33/soft-float/libmodem.a(rpc_transport_ipc.c.obj)
 .text.handle_modem_rpc_msg
                0x000000000000b6e4       0x78 C:/ncs/v2.4.0/nrfxlib/nrf_modem/lib/cortex-m33/soft-float/libmodem.a(rpc_transport_ipc.c.obj)
 .text.rpc_message_handler
                0x000000000000b75c       0x24 C:/ncs/v2.4.0/nrfxlib/nrf_modem/lib/cortex-m33/soft-float/libmodem.a(rpc_transport_ipc.c.obj)
 .text.ipc_irq_handler
                0x000000000000b780       0xfc C:/ncs/v2.4.0/nrfxlib/nrf_modem/lib/cortex-m33/soft-float/libmodem.a(rpc_transport_ipc.c.obj)
                0x000000000000b780                ipc_irq_handler
 .text.rpc_transport_ipc_data_msg_send
                0x000000000000b87c       0x6c C:/ncs/v2.4.0/nrfxlib/nrf_modem/lib/cortex-m33/soft-float/libmodem.a(rpc_transport_ipc.c.obj)
 .text.rpc_transport_ipc_ctrl_msg_alloc
                0x000000000000b8e8       0x44 C:/ncs/v2.4.0/nrfxlib/nrf_modem/lib/cortex-m33/soft-float/libmodem.a(rpc_transport_ipc.c.obj)
 .text.rpc_transport_ipc_data_msg_alloc
                0x000000000000b92c       0x24 C:/ncs/v2.4.0/nrfxlib/nrf_modem/lib/cortex-m33/soft-float/libmodem.a(rpc_transport_ipc.c.obj)
 .text.rpc_transport_ipc_init
                0x000000000000b950      0x1cc C:/ncs/v2.4.0/nrfxlib/nrf_modem/lib/cortex-m33/soft-float/libmodem.a(rpc_transport_ipc.c.obj)
 .text.rpc_transport_ipc_ctrl_msg_send
                0x000000000000bb1c       0x6c C:/ncs/v2.4.0/nrfxlib/nrf_modem/lib/cortex-m33/soft-float/libmodem.a(rpc_transport_ipc.c.obj)
 .text.rpc_transport_ipc_request_shutdown
                0x000000000000bb88       0x38 C:/ncs/v2.4.0/nrfxlib/nrf_modem/lib/cortex-m33/soft-float/libmodem.a(rpc_transport_ipc.c.obj)
 .text.rpc_transport_ipc_msg_data_rx_free
                0x000000000000bbc0       0x30 C:/ncs/v2.4.0/nrfxlib/nrf_modem/lib/cortex-m33/soft-float/libmodem.a(rpc_transport_ipc.c.obj)
 .text.at_cmd_send
                0x000000000000bbf0       0x74 C:/ncs/v2.4.0/nrfxlib/nrf_modem/lib/cortex-m33/soft-float/libmodem.a(nrf_modem_at.c.obj)
 .text.at_response_match
                0x000000000000bc64       0x48 C:/ncs/v2.4.0/nrfxlib/nrf_modem/lib/cortex-m33/soft-float/libmodem.a(nrf_modem_at.c.obj)
 .text.at_vsprintf
                0x000000000000bcac       0x50 C:/ncs/v2.4.0/nrfxlib/nrf_modem/lib/cortex-m33/soft-float/libmodem.a(nrf_modem_at.c.obj)
 .text.nrf_modem_at_printf
                0x000000000000bcfc       0x98 C:/ncs/v2.4.0/nrfxlib/nrf_modem/lib/cortex-m33/soft-float/libmodem.a(nrf_modem_at.c.obj)
                0x000000000000bcfc                nrf_modem_at_printf
 .text.rpc_at_event_handler
                0x000000000000bd94       0x7c C:/ncs/v2.4.0/nrfxlib/nrf_modem/lib/cortex-m33/soft-float/libmodem.a(nrf_modem_at.c.obj)
                0x000000000000bd94                rpc_at_event_handler
 .text.sock_find
                0x000000000000be10       0x24 C:/ncs/v2.4.0/nrfxlib/nrf_modem/lib/cortex-m33/soft-float/libmodem.a(sock.c.obj)
                0x000000000000be10                sock_find
 .text.sock_flow_control_set
                0x000000000000be34       0x54 C:/ncs/v2.4.0/nrfxlib/nrf_modem/lib/cortex-m33/soft-float/libmodem.a(sock.c.obj)
                0x000000000000be34                sock_flow_control_set
 .text.on_getaddrinfo_res
                0x000000000000be88       0x18 C:/ncs/v2.4.0/nrfxlib/nrf_modem/lib/cortex-m33/soft-float/libmodem.a(dns.c.obj)
                0x000000000000be88                on_getaddrinfo_res
 .text.rpc_ip_event_handler
                0x000000000000bea0      0x240 C:/ncs/v2.4.0/nrfxlib/nrf_modem/lib/cortex-m33/soft-float/libmodem.a(ip.c.obj)
                0x000000000000bea0                rpc_ip_event_handler
 .text.on_tls_attach_res
                0x000000000000c0e0       0x28 C:/ncs/v2.4.0/nrfxlib/nrf_modem/lib/cortex-m33/soft-float/libmodem.a(tls.c.obj)
                0x000000000000c0e0                on_tls_attach_res
 .text.on_tls_handshake_ntf
                0x000000000000c108       0x34 C:/ncs/v2.4.0/nrfxlib/nrf_modem/lib/cortex-m33/soft-float/libmodem.a(tls.c.obj)
                0x000000000000c108                on_tls_handshake_ntf
 .text.tls_attach
                0x000000000000c13c       0xf0 C:/ncs/v2.4.0/nrfxlib/nrf_modem/lib/cortex-m33/soft-float/libmodem.a(tls.c.obj)
                0x000000000000c13c                tls_attach
 .text.rpc_error_to_nrf_errno
                0x000000000000c22c       0x18 C:/ncs/v2.4.0/nrfxlib/nrf_modem/lib/cortex-m33/soft-float/libmodem.a(tables.c.obj)
                0x000000000000c22c                rpc_error_to_nrf_errno
 .text.rpc_gnss_event_handler
                0x000000000000c244      0x134 C:/ncs/v2.4.0/nrfxlib/nrf_modem/lib/cortex-m33/soft-float/libmodem.a(nrf_modem_gnss.c.obj)
                0x000000000000c244                rpc_gnss_event_handler
 .text.nrf_modem_fault_handler_internal
                0x000000000000c378       0x18 C:/ncs/v2.4.0/nrfxlib/nrf_modem/lib/cortex-m33/soft-float/libmodem.a(nrf_modem_fault.c.obj)
                0x000000000000c378                nrf_modem_fault_handler_internal
 .text.nrf_modem_state_set
                0x000000000000c390        0xc C:/ncs/v2.4.0/nrfxlib/nrf_modem/lib/cortex-m33/soft-float/libmodem.a(nrf_modem_state.c.obj)
                0x000000000000c390                nrf_modem_state_set
 .text.nrf_modem_state_is_initialized
                0x000000000000c39c       0x10 C:/ncs/v2.4.0/nrfxlib/nrf_modem/lib/cortex-m33/soft-float/libmodem.a(nrf_modem_state.c.obj)
                0x000000000000c39c                nrf_modem_state_is_initialized
 .text.ipc_trace_init
                0x000000000000c3ac       0x38 C:/ncs/v2.4.0/nrfxlib/nrf_modem/lib/cortex-m33/soft-float/libmodem.a(ipc_trace.c.obj)
                0x000000000000c3ac                ipc_trace_init
 .text.ipc_trace_handler
                0x000000000000c3e4       0xc8 C:/ncs/v2.4.0/nrfxlib/nrf_modem/lib/cortex-m33/soft-float/libmodem.a(ipc_trace.c.obj)
                0x000000000000c3e4                ipc_trace_handler
 .text.z_impl_z_errno
                0x000000000000c4ac        0xc zephyr/kernel/libkernel.a(errno.c.obj)
                0x000000000000c4ac                z_impl_z_errno
 .text.z_sys_init_run_level
                0x000000000000c4b8       0x48 zephyr/kernel/libkernel.a(init.c.obj)
 .text.bg_thread_main
                0x000000000000c500       0x34 zephyr/kernel/libkernel.a(init.c.obj)
 .text.z_bss_zero
                0x000000000000c534       0x18 zephyr/kernel/libkernel.a(init.c.obj)
                0x000000000000c534                z_bss_zero
 .text.z_init_cpu
                0x000000000000c54c       0x68 zephyr/kernel/libkernel.a(init.c.obj)
                0x000000000000c54c                z_init_cpu
 .text.z_cstart
                0x000000000000c5b4       0xe0 zephyr/kernel/libkernel.a(init.c.obj)
                0x000000000000c5b4                z_cstart
 .text.statics_init
                0x000000000000c694       0x24 zephyr/kernel/libkernel.a(kheap.c.obj)
 .text.z_setup_new_thread
                0x000000000000c6b8       0x60 zephyr/kernel/libkernel.a(thread.c.obj)
                0x000000000000c6b8                z_setup_new_thread
 .text.z_init_static_threads
                0x000000000000c718       0xb8 zephyr/kernel/libkernel.a(thread.c.obj)
                0x000000000000c718                z_init_static_threads
 .text.idle     0x000000000000c7d0       0x38 zephyr/kernel/libkernel.a(idle.c.obj)
                0x000000000000c7d0                idle
 .text.z_impl_k_mutex_lock
                0x000000000000c808       0xf4 zephyr/kernel/libkernel.a(mutex.c.obj)
                0x000000000000c808                z_impl_k_mutex_lock
 .text.z_impl_k_mutex_unlock
                0x000000000000c8fc       0x78 zephyr/kernel/libkernel.a(mutex.c.obj)
                0x000000000000c8fc                z_impl_k_mutex_unlock
 .text.z_impl_k_sem_give
                0x000000000000c974       0x40 zephyr/kernel/libkernel.a(sem.c.obj)
                0x000000000000c974                z_impl_k_sem_give
 .text.z_impl_k_sem_take
                0x000000000000c9b4       0x50 zephyr/kernel/libkernel.a(sem.c.obj)
                0x000000000000c9b4                z_impl_k_sem_take
 .text.sliceable
                0x000000000000ca04       0x3c zephyr/kernel/libkernel.a(sched.c.obj)
 .text.slice_timeout
                0x000000000000ca40       0x20 zephyr/kernel/libkernel.a(sched.c.obj)
 .text.z_reset_time_slice
                0x000000000000ca60       0x50 zephyr/kernel/libkernel.a(sched.c.obj)
                0x000000000000ca60                z_reset_time_slice
 .text.update_cache
                0x000000000000cab0       0x3c zephyr/kernel/libkernel.a(sched.c.obj)
 .text.move_thread_to_end_of_prio_q
                0x000000000000caec       0x74 zephyr/kernel/libkernel.a(sched.c.obj)
 .text.ready_thread
                0x000000000000cb60       0x68 zephyr/kernel/libkernel.a(sched.c.obj)
 .text.unready_thread
                0x000000000000cbc8       0x30 zephyr/kernel/libkernel.a(sched.c.obj)
 .text.pend_locked
                0x000000000000cbf8       0x30 zephyr/kernel/libkernel.a(sched.c.obj)
 .text.z_time_slice
                0x000000000000cc28       0x60 zephyr/kernel/libkernel.a(sched.c.obj)
                0x000000000000cc28                z_time_slice
 .text.z_pend_curr
                0x000000000000cc88       0x3c zephyr/kernel/libkernel.a(sched.c.obj)
                0x000000000000cc88                z_pend_curr
 .text.z_set_prio
                0x000000000000ccc4       0x8c zephyr/kernel/libkernel.a(sched.c.obj)
                0x000000000000ccc4                z_set_prio
 .text.z_reschedule
                0x000000000000cd50       0x24 zephyr/kernel/libkernel.a(sched.c.obj)
                0x000000000000cd50                z_reschedule
 .text.z_sched_start
                0x000000000000cd74       0x3c zephyr/kernel/libkernel.a(sched.c.obj)
                0x000000000000cd74                z_sched_start
 .text.z_impl_k_thread_suspend
                0x000000000000cdb0       0x64 zephyr/kernel/libkernel.a(sched.c.obj)
                0x000000000000cdb0                z_impl_k_thread_suspend
 .text.k_sched_lock
                0x000000000000ce14       0x28 zephyr/kernel/libkernel.a(sched.c.obj)
                0x000000000000ce14                k_sched_lock
 .text.k_sched_unlock
                0x000000000000ce3c       0x38 zephyr/kernel/libkernel.a(sched.c.obj)
                0x000000000000ce3c                k_sched_unlock
 .text.z_sched_init
                0x000000000000ce74       0x10 zephyr/kernel/libkernel.a(sched.c.obj)
                0x000000000000ce74                z_sched_init
 .text.z_impl_k_yield
                0x000000000000ce84       0x7c zephyr/kernel/libkernel.a(sched.c.obj)
                0x000000000000ce84                z_impl_k_yield
 .text.z_tick_sleep
                0x000000000000cf00       0x88 zephyr/kernel/libkernel.a(sched.c.obj)
 .text.z_impl_k_sleep
                0x000000000000cf88       0x34 zephyr/kernel/libkernel.a(sched.c.obj)
                0x000000000000cf88                z_impl_k_sleep
 .text.z_impl_z_current_get
                0x000000000000cfbc        0xc zephyr/kernel/libkernel.a(sched.c.obj)
                0x000000000000cfbc                z_impl_z_current_get
 .text.z_thread_abort
                0x000000000000cfc8       0xc0 zephyr/kernel/libkernel.a(sched.c.obj)
                0x000000000000cfc8                z_thread_abort
 .text.z_data_copy
                0x000000000000d088       0x34 zephyr/kernel/libkernel.a(xip.c.obj)
                0x000000000000d088                z_data_copy
 .text.elapsed  0x000000000000d0bc       0x14 zephyr/kernel/libkernel.a(timeout.c.obj)
 .text.next_timeout
                0x000000000000d0d0       0x40 zephyr/kernel/libkernel.a(timeout.c.obj)
 .text.remove_timeout
                0x000000000000d110       0x38 zephyr/kernel/libkernel.a(timeout.c.obj)
 .text.z_add_timeout
                0x000000000000d148       0xec zephyr/kernel/libkernel.a(timeout.c.obj)
                0x000000000000d148                z_add_timeout
 .text.sys_clock_announce
                0x000000000000d234       0xd4 zephyr/kernel/libkernel.a(timeout.c.obj)
                0x000000000000d234                sys_clock_announce
 .text.sys_clock_tick_get
                0x000000000000d308       0x34 zephyr/kernel/libkernel.a(timeout.c.obj)
                0x000000000000d308                sys_clock_tick_get
 .text.k_thread_system_pool_assign
                0x000000000000d33c        0xc zephyr/kernel/libkernel.a(mempool.c.obj)
                0x000000000000d33c                k_thread_system_pool_assign
 .text.boot_banner
                0x000000000000d348        0xc zephyr/kernel/libkernel.a(banner.c.obj)
                0x000000000000d348                boot_banner
 .text._free_r  0x000000000000d354       0x94 C:/ncs/toolchains/31f4403e35/opt/zephyr-sdk/arm-zephyr-eabi/arm-zephyr-eabi/lib/thumb/v8-m.main/nofp\libc_nano.a(lib_a-nano-freer.o)
                0x000000000000d354                _free_r
 .text._malloc_r
                0x000000000000d3e8       0xb4 C:/ncs/toolchains/31f4403e35/opt/zephyr-sdk/arm-zephyr-eabi/arm-zephyr-eabi/lib/thumb/v8-m.main/nofp\libc_nano.a(lib_a-nano-mallocr.o)
                0x000000000000d3e8                _malloc_r
 .text._sbrk_r  0x000000000000d49c       0x20 C:/ncs/toolchains/31f4403e35/opt/zephyr-sdk/arm-zephyr-eabi/arm-zephyr-eabi/lib/thumb/v8-m.main/nofp\libc_nano.a(lib_a-sbrkr.o)
                0x000000000000d49c                _sbrk_r
 .text._strtol_l.constprop.0
                0x000000000000d4bc       0xfc C:/ncs/toolchains/31f4403e35/opt/zephyr-sdk/arm-zephyr-eabi/arm-zephyr-eabi/lib/thumb/v8-m.main/nofp\libc_nano.a(lib_a-strtol.o)
 .text.strtol   0x000000000000d5b8       0x14 C:/ncs/toolchains/31f4403e35/opt/zephyr-sdk/arm-zephyr-eabi/arm-zephyr-eabi/lib/thumb/v8-m.main/nofp\libc_nano.a(lib_a-strtol.o)
                0x000000000000d5b8                strtol
 .text.vsnprintf
                0x000000000000d5cc       0x1c C:/ncs/toolchains/31f4403e35/opt/zephyr-sdk/arm-zephyr-eabi/arm-zephyr-eabi/lib/thumb/v8-m.main/nofp\libc_nano.a(lib_a-vsnprintf.o)
                0x000000000000d5cc                vsniprintf
                0x000000000000d5cc                vsnprintf
 .text.__malloc_lock
                0x000000000000d5e8        0xc C:/ncs/toolchains/31f4403e35/opt/zephyr-sdk/arm-zephyr-eabi/arm-zephyr-eabi/lib/thumb/v8-m.main/nofp\libc_nano.a(lib_a-mlock.o)
                0x000000000000d5e8                __malloc_lock
 .text.__malloc_unlock
                0x000000000000d5f4        0xc C:/ncs/toolchains/31f4403e35/opt/zephyr-sdk/arm-zephyr-eabi/arm-zephyr-eabi/lib/thumb/v8-m.main/nofp\libc_nano.a(lib_a-mlock.o)
                0x000000000000d5f4                __malloc_unlock
 .text._svfprintf_r
                0x000000000000d600      0x1f8 C:/ncs/toolchains/31f4403e35/opt/zephyr-sdk/arm-zephyr-eabi/arm-zephyr-eabi/lib/thumb/v8-m.main/nofp\libc_nano.a(lib_a-nano-svfprintf.o)
                0x000000000000d600                _svfiprintf_r
                0x000000000000d600                _svfprintf_r
 .text._printf_i
                0x000000000000d7f8      0x25c C:/ncs/toolchains/31f4403e35/opt/zephyr-sdk/arm-zephyr-eabi/arm-zephyr-eabi/lib/thumb/v8-m.main/nofp\libc_nano.a(lib_a-nano-vfprintf_i.o)
                0x000000000000d7f8                _printf_i
 .text.arch_printk_char_out
                0x000000000000da54        0x4 zephyr/libzephyr.a(printk.c.obj)
                0x000000000000da54                arch_printk_char_out
 .text.printk   0x000000000000da58       0x1a zephyr/libzephyr.a(printk.c.obj)
                0x000000000000da58                printk
 .text.z_thread_entry
                0x000000000000da72       0x14 zephyr/libzephyr.a(thread_entry.c.obj)
                0x000000000000da72                z_thread_entry
 .text.chunk_size
                0x000000000000da86        0xa zephyr/libzephyr.a(heap.c.obj)
 .text.free_list_add
                0x000000000000da90       0x4e zephyr/libzephyr.a(heap.c.obj)
 .text.free_list_remove_bidx
                0x000000000000dade       0x3a zephyr/libzephyr.a(heap.c.obj)
 .text.free_list_remove
                0x000000000000db18       0x1a zephyr/libzephyr.a(heap.c.obj)
 .text.alloc_chunk
                0x000000000000db32       0x6e zephyr/libzephyr.a(heap.c.obj)
 .text.merge_chunks
                0x000000000000dba0       0x2c zephyr/libzephyr.a(heap.c.obj)
 .text.split_chunks
                0x000000000000dbcc       0x34 zephyr/libzephyr.a(heap.c.obj)
 .text.free_chunk
                0x000000000000dc00       0x62 zephyr/libzephyr.a(heap.c.obj)
 .text.sys_heap_free
                0x000000000000dc62       0x1e zephyr/libzephyr.a(heap.c.obj)
                0x000000000000dc62                sys_heap_free
 .text.sys_heap_alloc
                0x000000000000dc80       0x52 zephyr/libzephyr.a(heap.c.obj)
                0x000000000000dc80                sys_heap_alloc
 .text.sys_heap_aligned_alloc
                0x000000000000dcd2       0xce zephyr/libzephyr.a(heap.c.obj)
                0x000000000000dcd2                sys_heap_aligned_alloc
 .text.sys_heap_init
                0x000000000000dda0       0x7a zephyr/libzephyr.a(heap.c.obj)
                0x000000000000dda0                sys_heap_init
 .text.process_recheck
                0x000000000000de1a       0x38 zephyr/libzephyr.a(onoff.c.obj)
 .text.validate_args
                0x000000000000de52       0x20 zephyr/libzephyr.a(onoff.c.obj)
 .text.notify_one
                0x000000000000de72       0x2c zephyr/libzephyr.a(onoff.c.obj)
 .text.transition_complete
                0x000000000000de9e       0x1c zephyr/libzephyr.a(onoff.c.obj)
 .text.onoff_manager_init
                0x000000000000deba       0x26 zephyr/libzephyr.a(onoff.c.obj)
                0x000000000000deba                onoff_manager_init
 .text.onoff_request
                0x000000000000dee0       0xb0 zephyr/libzephyr.a(onoff.c.obj)
                0x000000000000dee0                onoff_request
 .text.sys_notify_validate
                0x000000000000df90       0x22 zephyr/libzephyr.a(notify.c.obj)
                0x000000000000df90                sys_notify_validate
 .text.sys_notify_finalize
                0x000000000000dfb2       0x1a zephyr/libzephyr.a(notify.c.obj)
                0x000000000000dfb2                sys_notify_finalize
 .text.outs     0x000000000000dfcc       0x2e zephyr/libzephyr.a(cbprintf_complete.c.obj)
 .text._ConfigAbsSyms
                0x000000000000dffa        0x2 zephyr/libzephyr.a(configs.c.obj)
                0x000000000000dffa                _ConfigAbsSyms
 .text.pm_state_set
                0x000000000000dffc       0x18 zephyr/libzephyr.a(power.c.obj)
                0x000000000000dffc                pm_state_set
 .text.pm_state_exit_post_ops
                0x000000000000e014        0xc zephyr/libzephyr.a(power.c.obj)
                0x000000000000e014                pm_state_exit_post_ops
 .text.z_arm_fatal_error
                0x000000000000e020        0x4 zephyr/arch/arch/arm/core/aarch32/libarch__arm__core__aarch32.a(fatal.c.obj)
                0x000000000000e020                z_arm_fatal_error
 .text.z_do_kernel_oops
                0x000000000000e024        0x8 zephyr/arch/arch/arm/core/aarch32/libarch__arm__core__aarch32.a(fatal.c.obj)
                0x000000000000e024                z_do_kernel_oops
 .text.z_irq_spurious
                0x000000000000e02c        0x8 zephyr/arch/arch/arm/core/aarch32/libarch__arm__core__aarch32.a(irq_manage.c.obj)
                0x000000000000e02c                z_irq_spurious
 .text.z_arm_nmi
                0x000000000000e034        0xe zephyr/arch/arch/arm/core/aarch32/libarch__arm__core__aarch32.a(nmi.c.obj)
                0x000000000000e034                z_arm_nmi
 .text.configure_builtin_stack_guard
                0x000000000000e042        0x8 zephyr/arch/arch/arm/core/aarch32/libarch__arm__core__aarch32.a(thread.c.obj)
                0x000000000000e042                configure_builtin_stack_guard
 .text.z_arm_save_fp_context
                0x000000000000e04a        0x2 zephyr/arch/arch/arm/core/aarch32/cortex_m/libarch__arm__core__aarch32__cortex_m.a(fpu.c.obj)
                0x000000000000e04a                z_arm_save_fp_context
 .text.z_arm_restore_fp_context
                0x000000000000e04c        0x2 zephyr/arch/arch/arm/core/aarch32/cortex_m/libarch__arm__core__aarch32__cortex_m.a(fpu.c.obj)
                0x000000000000e04c                z_arm_restore_fp_context
 .text.arm_cmse_mpu_region_get
                0x000000000000e04e       0x12 zephyr/arch/arch/arm/core/aarch32/cortex_m/cmse/libarch__arm__core__aarch32__cortex_m__cmse.a(arm_core_cmse.c.obj)
                0x000000000000e04e                arm_cmse_mpu_region_get
 .text.mpu_configure_region
                0x000000000000e060       0x3a zephyr/arch/arch/arm/core/aarch32/mpu/libarch__arm__core__aarch32__mpu.a(arm_mpu.c.obj)
 .text.malloc_prepare
                0x000000000000e09a        0x4 zephyr/lib/libc/newlib/liblib__libc__newlib.a(libc-hooks.c.obj)
 .text._stdout_hook_default
                0x000000000000e09e        0x6 zephyr/lib/libc/newlib/liblib__libc__newlib.a(libc-hooks.c.obj)
 .text.__retarget_lock_acquire_recursive
                0x000000000000e0a4        0xc zephyr/lib/libc/newlib/liblib__libc__newlib.a(libc-hooks.c.obj)
                0x000000000000e0a4                __retarget_lock_acquire_recursive
 .text.__retarget_lock_release_recursive
                0x000000000000e0b0        0x4 zephyr/lib/libc/newlib/liblib__libc__newlib.a(libc-hooks.c.obj)
                0x000000000000e0b0                __retarget_lock_release_recursive
 .text.__errno  0x000000000000e0b4        0x4 zephyr/lib/libc/newlib/liblib__libc__newlib.a(libc-hooks.c.obj)
                0x000000000000e0b4                __errno
 .text.get_status
                0x000000000000e0b8       0x12 zephyr/drivers/clock_control/libdrivers__clock_control.a(clock_control_nrf.c.obj)
 .text.set_on_state
                0x000000000000e0ca       0x26 zephyr/drivers/clock_control/libdrivers__clock_control.a(clock_control_nrf.c.obj)
 .text.stop     0x000000000000e0f0       0x54 zephyr/drivers/clock_control/libdrivers__clock_control.a(clock_control_nrf.c.obj)
 .text.api_stop
                0x000000000000e144        0x6 zephyr/drivers/clock_control/libdrivers__clock_control.a(clock_control_nrf.c.obj)
 .text.async_start
                0x000000000000e14a       0x5e zephyr/drivers/clock_control/libdrivers__clock_control.a(clock_control_nrf.c.obj)
 .text.api_start
                0x000000000000e1a8        0xe zephyr/drivers/clock_control/libdrivers__clock_control.a(clock_control_nrf.c.obj)
 .text.onoff_started_callback
                0x000000000000e1b6       0x12 zephyr/drivers/clock_control/libdrivers__clock_control.a(clock_control_nrf.c.obj)
 .text.lfclk_start
                0x000000000000e1c8        0x6 zephyr/drivers/clock_control/libdrivers__clock_control.a(clock_control_nrf.c.obj)
 .text.lfclk_stop
                0x000000000000e1ce        0x6 zephyr/drivers/clock_control/libdrivers__clock_control.a(clock_control_nrf.c.obj)
 .text.blocking_start_callback
                0x000000000000e1d4        0x6 zephyr/drivers/clock_control/libdrivers__clock_control.a(clock_control_nrf.c.obj)
 .text.entropy_psa_crypto_rng_get_entropy
                0x000000000000e1da       0x14 zephyr/drivers/entropy/libdrivers__entropy.a(entropy_psa_crypto.c.obj)
 .text.entropy_psa_crypto_rng_init
                0x000000000000e1ee       0x10 zephyr/drivers/entropy/libdrivers__entropy.a(entropy_psa_crypto.c.obj)
 .text.gpio_nrfx_port_get_raw
                0x000000000000e1fe        0xc zephyr/drivers/gpio/libdrivers__gpio.a(gpio_nrfx.c.obj)
 .text.gpio_nrfx_port_set_masked_raw
                0x000000000000e20a       0x14 zephyr/drivers/gpio/libdrivers__gpio.a(gpio_nrfx.c.obj)
 .text.gpio_nrfx_port_set_bits_raw
                0x000000000000e21e        0xa zephyr/drivers/gpio/libdrivers__gpio.a(gpio_nrfx.c.obj)
 .text.gpio_nrfx_port_clear_bits_raw
                0x000000000000e228        0xa zephyr/drivers/gpio/libdrivers__gpio.a(gpio_nrfx.c.obj)
 .text.gpio_nrfx_port_toggle_bits
                0x000000000000e232       0x14 zephyr/drivers/gpio/libdrivers__gpio.a(gpio_nrfx.c.obj)
 .text.gpio_nrfx_manage_callback
                0x000000000000e246       0x52 zephyr/drivers/gpio/libdrivers__gpio.a(gpio_nrfx.c.obj)
 .text.pinctrl_lookup_state
                0x000000000000e298       0x26 zephyr/drivers/pinctrl/libdrivers__pinctrl.a(common.c.obj)
                0x000000000000e298                pinctrl_lookup_state
 .text.uarte_nrfx_config_get
                0x000000000000e2be       0x10 zephyr/drivers/serial/libdrivers__serial.a(uart_nrfx_uarte.c.obj)
 .text.uarte_nrfx_err_check
                0x000000000000e2ce        0xe zephyr/drivers/serial/libdrivers__serial.a(uart_nrfx_uarte.c.obj)
 .text.uarte_nrfx_poll_in
                0x000000000000e2dc       0x28 zephyr/drivers/serial/libdrivers__serial.a(uart_nrfx_uarte.c.obj)
 .text.is_tx_ready.isra.0
                0x000000000000e304       0x20 zephyr/drivers/serial/libdrivers__serial.a(uart_nrfx_uarte.c.obj)
 .text.uarte_nrfx_isr_int
                0x000000000000e324       0x72 zephyr/drivers/serial/libdrivers__serial.a(uart_nrfx_uarte.c.obj)
 .text.sys_clock_idle_exit
                0x000000000000e396        0x2 zephyr/drivers/timer/libdrivers__timer.a(sys_clock_init.c.obj)
                0x000000000000e396                sys_clock_idle_exit
 .text.event_clear
                0x000000000000e398       0x18 zephyr/drivers/timer/libdrivers__timer.a(nrf_rtc_timer.c.obj)
 .text.nrf_modem_os_busywait
                0x000000000000e3b0        0x4 modules/nrf/lib/nrf_modem_lib/lib..__nrf__lib__nrf_modem_lib.a(nrf_modem_os.c.obj)
                0x000000000000e3b0                nrf_modem_os_busywait
 .text.nrf_modem_os_errno_set
                0x000000000000e3b4        0xc modules/nrf/lib/nrf_modem_lib/lib..__nrf__lib__nrf_modem_lib.a(nrf_modem_os.c.obj)
                0x000000000000e3b4                nrf_modem_os_errno_set
 .text.nrf_modem_os_is_in_isr
                0x000000000000e3c0        0x4 modules/nrf/lib/nrf_modem_lib/lib..__nrf__lib__nrf_modem_lib.a(nrf_modem_os.c.obj)
                0x000000000000e3c0                nrf_modem_os_is_in_isr
 .text.nrf_modem_os_sem_give
                0x000000000000e3c4        0x4 modules/nrf/lib/nrf_modem_lib/lib..__nrf__lib__nrf_modem_lib.a(nrf_modem_os.c.obj)
                0x000000000000e3c4                nrf_modem_os_sem_give
 .text.nrf_modem_os_sem_take
                0x000000000000e3c8       0x40 modules/nrf/lib/nrf_modem_lib/lib..__nrf__lib__nrf_modem_lib.a(nrf_modem_os.c.obj)
                0x000000000000e3c8                nrf_modem_os_sem_take
 .text.k_sys_fatal_error_handler
                0x000000000000e408        0x8 modules/nrf/lib/fatal_error/lib..__nrf__lib__fatal_error.a(fatal_error.c.obj)
                0x000000000000e408                k_sys_fatal_error_handler
 .text.ns_interface_init
                0x000000000000e410        0x4 modules/trusted-firmware-m/libtfm_api.a(interface.c.obj)
 .text.psa_crypto_init
                0x000000000000e414        0x4 modules/trusted-firmware-m/libtfm_api.a(tfm_crypto_api.c.obj)
                0x000000000000e414                psa_crypto_init
 .text.SystemInit
                0x000000000000e418        0x2 modules/hal_nordic/nrfx/libmodules__hal_nordic__nrfx.a(system_nrf91.c.obj)
                0x000000000000e418                SystemInit
 .text.nrfx_isr
                0x000000000000e41a        0x2 modules/hal_nordic/nrfx/libmodules__hal_nordic__nrfx.a(nrfx_glue.c.obj)
                0x000000000000e41a                nrfx_isr
 .text.nrfx_busy_wait
                0x000000000000e41c        0x4 modules/hal_nordic/nrfx/libmodules__hal_nordic__nrfx.a(nrfx_glue.c.obj)
                0x000000000000e41c                nrfx_busy_wait
 .text.nrfx_clock_stop
                0x000000000000e420        0x4 modules/hal_nordic/nrfx/libmodules__hal_nordic__nrfx.a(nrfx_clock.c.obj)
                0x000000000000e420                nrfx_clock_stop
 .text.rpc_handle_ctrl_message
                0x000000000000e424       0x30 C:/ncs/v2.4.0/nrfxlib/nrf_modem/lib/cortex-m33/soft-float/libmodem.a(rpc_framework.c.obj)
                0x000000000000e424                rpc_handle_ctrl_message
 .text.rpc_list_preambles_init
                0x000000000000e454       0x20 C:/ncs/v2.4.0/nrfxlib/nrf_modem/lib/cortex-m33/soft-float/libmodem.a(rpc_transport_ipc.c.obj)
 .text.rpc_transport_ipc_data_rx_resume
                0x000000000000e474        0x6 C:/ncs/v2.4.0/nrfxlib/nrf_modem/lib/cortex-m33/soft-float/libmodem.a(rpc_transport_ipc.c.obj)
 .text.rpc_transport_ipc_data_rx_suspend
                0x000000000000e47a        0x6 C:/ncs/v2.4.0/nrfxlib/nrf_modem/lib/cortex-m33/soft-float/libmodem.a(rpc_transport_ipc.c.obj)
 .text.rpc_transport_ipc_shutdown
                0x000000000000e480        0x4 C:/ncs/v2.4.0/nrfxlib/nrf_modem/lib/cortex-m33/soft-float/libmodem.a(rpc_transport_ipc.c.obj)
 .text.rpc_transport_ipc_msg_alloc
                0x000000000000e484       0x4a C:/ncs/v2.4.0/nrfxlib/nrf_modem/lib/cortex-m33/soft-float/libmodem.a(rpc_transport_ipc.c.obj)
 .text.rpc_client_msg_from_rpc_msg_get
                0x000000000000e4ce        0x4 C:/ncs/v2.4.0/nrfxlib/nrf_modem/lib/cortex-m33/soft-float/libmodem.a(rpc_client.c.obj)
                0x000000000000e4ce                rpc_client_msg_from_rpc_msg_get
 .text.rpc_client_msg_alloc
                0x000000000000e4d2       0x38 C:/ncs/v2.4.0/nrfxlib/nrf_modem/lib/cortex-m33/soft-float/libmodem.a(rpc_client.c.obj)
                0x000000000000e4d2                rpc_client_msg_alloc
 .text.rpc_client_msg_send
                0x000000000000e50a        0xe C:/ncs/v2.4.0/nrfxlib/nrf_modem/lib/cortex-m33/soft-float/libmodem.a(rpc_client.c.obj)
                0x000000000000e50a                rpc_client_msg_send
 .text.rpc_client_msg_rx_free
                0x000000000000e518        0x6 C:/ncs/v2.4.0/nrfxlib/nrf_modem/lib/cortex-m33/soft-float/libmodem.a(rpc_client.c.obj)
                0x000000000000e518                rpc_client_msg_rx_free
 .text.rpc_client_msg_data_rx_free
                0x000000000000e51e        0x4 C:/ncs/v2.4.0/nrfxlib/nrf_modem/lib/cortex-m33/soft-float/libmodem.a(rpc_client.c.obj)
                0x000000000000e51e                rpc_client_msg_data_rx_free
 .text.rpc_client_msg_data_tx_alloc
                0x000000000000e522        0x4 C:/ncs/v2.4.0/nrfxlib/nrf_modem/lib/cortex-m33/soft-float/libmodem.a(rpc_client.c.obj)
                0x000000000000e522                rpc_client_msg_data_tx_alloc
 .text.rpc_client_msg_data_tx_free
                0x000000000000e526       0x10 C:/ncs/v2.4.0/nrfxlib/nrf_modem/lib/cortex-m33/soft-float/libmodem.a(rpc_client.c.obj)
                0x000000000000e526                rpc_client_msg_data_tx_free
 .text.sockaddr_init
                0x000000000000e536       0x72 C:/ncs/v2.4.0/nrfxlib/nrf_modem/lib/cortex-m33/soft-float/libmodem.a(addr.c.obj)
                0x000000000000e536                sockaddr_init
 .text.sock_pollcb
                0x000000000000e5a8       0x30 C:/ncs/v2.4.0/nrfxlib/nrf_modem/lib/cortex-m33/soft-float/libmodem.a(sock.c.obj)
                0x000000000000e5a8                sock_pollcb
 .text.sock_pkt_append
                0x000000000000e5d8       0x14 C:/ncs/v2.4.0/nrfxlib/nrf_modem/lib/cortex-m33/soft-float/libmodem.a(sock.c.obj)
                0x000000000000e5d8                sock_pkt_append
 .text.sock_is_stream
                0x000000000000e5ec        0xa C:/ncs/v2.4.0/nrfxlib/nrf_modem/lib/cortex-m33/soft-float/libmodem.a(sock.c.obj)
                0x000000000000e5ec                sock_is_stream
 .text.sock_is_datagram
                0x000000000000e5f6        0xa C:/ncs/v2.4.0/nrfxlib/nrf_modem/lib/cortex-m33/soft-float/libmodem.a(sock.c.obj)
                0x000000000000e5f6                sock_is_datagram
 .text.sock_proto_is_secure
                0x000000000000e600       0x18 C:/ncs/v2.4.0/nrfxlib/nrf_modem/lib/cortex-m33/soft-float/libmodem.a(sock.c.obj)
                0x000000000000e600                sock_proto_is_secure
 .text.sock_is_attaching
                0x000000000000e618        0x8 C:/ncs/v2.4.0/nrfxlib/nrf_modem/lib/cortex-m33/soft-float/libmodem.a(sock.c.obj)
                0x000000000000e618                sock_is_attaching
 .text.sock_is_nonblock
                0x000000000000e620        0x8 C:/ncs/v2.4.0/nrfxlib/nrf_modem/lib/cortex-m33/soft-float/libmodem.a(sock.c.obj)
                0x000000000000e620                sock_is_nonblock
 .text.sock_is_local_closed
                0x000000000000e628        0x8 C:/ncs/v2.4.0/nrfxlib/nrf_modem/lib/cortex-m33/soft-float/libmodem.a(sock.c.obj)
                0x000000000000e628                sock_is_local_closed
 .text.sock_is_eof
                0x000000000000e630       0x16 C:/ncs/v2.4.0/nrfxlib/nrf_modem/lib/cortex-m33/soft-float/libmodem.a(sock.c.obj)
                0x000000000000e630                sock_is_eof
 .text.sock_has_stream_error
                0x000000000000e646        0x6 C:/ncs/v2.4.0/nrfxlib/nrf_modem/lib/cortex-m33/soft-float/libmodem.a(sock.c.obj)
                0x000000000000e646                sock_has_stream_error
 .text.sock_has_error
                0x000000000000e64c        0xe C:/ncs/v2.4.0/nrfxlib/nrf_modem/lib/cortex-m33/soft-float/libmodem.a(sock.c.obj)
                0x000000000000e64c                sock_has_error
 .text.sock_has_pollcb
                0x000000000000e65a        0xa C:/ncs/v2.4.0/nrfxlib/nrf_modem/lib/cortex-m33/soft-float/libmodem.a(sock.c.obj)
                0x000000000000e65a                sock_has_pollcb
 .text.sock_can_read
                0x000000000000e664        0xa C:/ncs/v2.4.0/nrfxlib/nrf_modem/lib/cortex-m33/soft-float/libmodem.a(sock.c.obj)
                0x000000000000e664                sock_can_read
 .text.sock_can_accept
                0x000000000000e66e        0xa C:/ncs/v2.4.0/nrfxlib/nrf_modem/lib/cortex-m33/soft-float/libmodem.a(sock.c.obj)
                0x000000000000e66e                sock_can_accept
 .text.sock_can_send
                0x000000000000e678       0x3c C:/ncs/v2.4.0/nrfxlib/nrf_modem/lib/cortex-m33/soft-float/libmodem.a(sock.c.obj)
                0x000000000000e678                sock_can_send
 .text.on_conf_dnssrv_res
                0x000000000000e6b4        0x4 C:/ncs/v2.4.0/nrfxlib/nrf_modem/lib/cortex-m33/soft-float/libmodem.a(dns.c.obj)
                0x000000000000e6b4                on_conf_dnssrv_res
 .text.on_getifaddrs_res
                0x000000000000e6b8        0x4 C:/ncs/v2.4.0/nrfxlib/nrf_modem/lib/cortex-m33/soft-float/libmodem.a(ifaddrs.c.obj)
                0x000000000000e6b8                on_getifaddrs_res
 .text.nrf_poll_one
                0x000000000000e6bc       0x92 C:/ncs/v2.4.0/nrfxlib/nrf_modem/lib/cortex-m33/soft-float/libmodem.a(poll.c.obj)
                0x000000000000e6bc                nrf_poll_one
 .text.res_cookie_get
                0x000000000000e74e        0x4 C:/ncs/v2.4.0/nrfxlib/nrf_modem/lib/cortex-m33/soft-float/libmodem.a(reqres.c.obj)
                0x000000000000e74e                res_cookie_get
 .text.res_forward
                0x000000000000e752        0x8 C:/ncs/v2.4.0/nrfxlib/nrf_modem/lib/cortex-m33/soft-float/libmodem.a(reqres.c.obj)
                0x000000000000e752                res_forward
 .text.rpc_dfu_event_handler
                0x000000000000e75a       0x16 C:/ncs/v2.4.0/nrfxlib/nrf_modem/lib/cortex-m33/soft-float/libmodem.a(nrf_modem_delta_dfu.c.obj)
                0x000000000000e75a                rpc_dfu_event_handler
 .text.nrf_modem_is_initialized
                0x000000000000e770        0x4 C:/ncs/v2.4.0/nrfxlib/nrf_modem/lib/cortex-m33/soft-float/libmodem.a(nrf_modem.c.obj)
                0x000000000000e770                nrf_modem_is_initialized
 .text.z_device_state_init
                0x000000000000e774        0x2 zephyr/kernel/libkernel.a(device.c.obj)
                0x000000000000e774                z_device_state_init
 .text.z_device_is_ready
                0x000000000000e776       0x16 zephyr/kernel/libkernel.a(device.c.obj)
                0x000000000000e776                z_device_is_ready
 .text.z_fatal_error
                0x000000000000e78c       0x36 zephyr/kernel/libkernel.a(fatal.c.obj)
                0x000000000000e78c                z_fatal_error
 .text.z_early_memset
                0x000000000000e7c2        0x4 zephyr/kernel/libkernel.a(init.c.obj)
                0x000000000000e7c2                z_early_memset
 .text.z_early_memcpy
                0x000000000000e7c6        0x4 zephyr/kernel/libkernel.a(init.c.obj)
                0x000000000000e7c6                z_early_memcpy
 .text.k_heap_init
                0x000000000000e7ca       0x10 zephyr/kernel/libkernel.a(kheap.c.obj)
                0x000000000000e7ca                k_heap_init
 .text.k_heap_aligned_alloc
                0x000000000000e7da       0x9a zephyr/kernel/libkernel.a(kheap.c.obj)
                0x000000000000e7da                k_heap_aligned_alloc
 .text.k_heap_alloc
                0x000000000000e874       0x14 zephyr/kernel/libkernel.a(kheap.c.obj)
                0x000000000000e874                k_heap_alloc
 .text.k_heap_free
                0x000000000000e888       0x3a zephyr/kernel/libkernel.a(kheap.c.obj)
                0x000000000000e888                k_heap_free
 .text.k_is_in_isr
                0x000000000000e8c2        0xc zephyr/kernel/libkernel.a(thread.c.obj)
                0x000000000000e8c2                k_is_in_isr
 .text.z_pm_save_idle_exit
                0x000000000000e8ce        0xe zephyr/kernel/libkernel.a(idle.c.obj)
                0x000000000000e8ce                z_pm_save_idle_exit
 .text.adjust_owner_prio.isra.0
                0x000000000000e8dc       0x10 zephyr/kernel/libkernel.a(mutex.c.obj)
 .text.z_impl_k_sem_init
                0x000000000000e8ec       0x18 zephyr/kernel/libkernel.a(sem.c.obj)
                0x000000000000e8ec                z_impl_k_sem_init
 .text.sys_dlist_remove
                0x000000000000e904       0x10 zephyr/kernel/libkernel.a(sched.c.obj)
 .text.unpend_thread_no_timeout
                0x000000000000e914       0x14 zephyr/kernel/libkernel.a(sched.c.obj)
 .text.add_to_waitq_locked
                0x000000000000e928       0x50 zephyr/kernel/libkernel.a(sched.c.obj)
 .text.z_ready_thread
                0x000000000000e978       0x20 zephyr/kernel/libkernel.a(sched.c.obj)
                0x000000000000e978                z_ready_thread
 .text.z_sched_wake_thread
                0x000000000000e998       0x44 zephyr/kernel/libkernel.a(sched.c.obj)
                0x000000000000e998                z_sched_wake_thread
 .text.z_thread_timeout
                0x000000000000e9dc        0x8 zephyr/kernel/libkernel.a(sched.c.obj)
                0x000000000000e9dc                z_thread_timeout
 .text.z_unpend_first_thread
                0x000000000000e9e4       0x38 zephyr/kernel/libkernel.a(sched.c.obj)
                0x000000000000e9e4                z_unpend_first_thread
 .text.z_unpend_thread
                0x000000000000ea1c       0x30 zephyr/kernel/libkernel.a(sched.c.obj)
                0x000000000000ea1c                z_unpend_thread
 .text.z_reschedule_irqlock
                0x000000000000ea4c       0x18 zephyr/kernel/libkernel.a(sched.c.obj)
                0x000000000000ea4c                z_reschedule_irqlock
 .text.z_reschedule_unlocked
                0x000000000000ea64       0x14 zephyr/kernel/libkernel.a(sched.c.obj)
 .text.z_unpend_all
                0x000000000000ea78       0x20 zephyr/kernel/libkernel.a(sched.c.obj)
                0x000000000000ea78                z_unpend_all
 .text.z_abort_timeout
                0x000000000000ea98       0x2c zephyr/kernel/libkernel.a(timeout.c.obj)
                0x000000000000ea98                z_abort_timeout
 .text.z_get_next_timeout_expiry
                0x000000000000eac4       0x20 zephyr/kernel/libkernel.a(timeout.c.obj)
                0x000000000000eac4                z_get_next_timeout_expiry
 .text.sys_clock_tick_get_32
                0x000000000000eae4        0x8 zephyr/kernel/libkernel.a(timeout.c.obj)
                0x000000000000eae4                sys_clock_tick_get_32
 .text.z_impl_k_uptime_ticks
                0x000000000000eaec        0x4 zephyr/kernel/libkernel.a(timeout.c.obj)
                0x000000000000eaec                z_impl_k_uptime_ticks
 .text.z_impl_k_busy_wait
                0x000000000000eaf0        0x8 zephyr/kernel/libkernel.a(timeout.c.obj)
                0x000000000000eaf0                z_impl_k_busy_wait
 .text.sys_clock_timeout_end_calc
                0x000000000000eaf8       0x44 zephyr/kernel/libkernel.a(timeout.c.obj)
                0x000000000000eaf8                sys_clock_timeout_end_calc
 .text._OffsetAbsSyms
                0x000000000000eb3c        0x2 zephyr/CMakeFiles/offsets.dir/./arch/arm/core/offsets/offsets.c.obj
                0x000000000000eb3c                _OffsetAbsSyms
 .text.memcpy   0x000000000000eb3e       0x1a C:/ncs/toolchains/31f4403e35/opt/zephyr-sdk/arm-zephyr-eabi/arm-zephyr-eabi/lib/thumb/v8-m.main/nofp\libc_nano.a(lib_a-memcpy-stub.o)
                0x000000000000eb3e                memcpy
 .text.memset   0x000000000000eb58       0x10 C:/ncs/toolchains/31f4403e35/opt/zephyr-sdk/arm-zephyr-eabi/arm-zephyr-eabi/lib/thumb/v8-m.main/nofp\libc_nano.a(lib_a-memset.o)
                0x000000000000eb58                memset
 .text.strncpy  0x000000000000eb68       0x26 C:/ncs/toolchains/31f4403e35/opt/zephyr-sdk/arm-zephyr-eabi/arm-zephyr-eabi/lib/thumb/v8-m.main/nofp\libc_nano.a(lib_a-strncpy.o)
                0x000000000000eb68                strncpy
 .text.strnlen  0x000000000000eb8e       0x18 C:/ncs/toolchains/31f4403e35/opt/zephyr-sdk/arm-zephyr-eabi/arm-zephyr-eabi/lib/thumb/v8-m.main/nofp\libc_nano.a(lib_a-strnlen.o)
                0x000000000000eb8e                strnlen
 .text.strstr   0x000000000000eba6       0x2c C:/ncs/toolchains/31f4403e35/opt/zephyr-sdk/arm-zephyr-eabi/arm-zephyr-eabi/lib/thumb/v8-m.main/nofp\libc_nano.a(lib_a-strstr.o)
                0x000000000000eba6                strstr
 .text._vsnprintf_r
                0x000000000000ebd2       0x56 C:/ncs/toolchains/31f4403e35/opt/zephyr-sdk/arm-zephyr-eabi/arm-zephyr-eabi/lib/thumb/v8-m.main/nofp\libc_nano.a(lib_a-vsnprintf.o)
                0x000000000000ebd2                _vsniprintf_r
                0x000000000000ebd2                _vsnprintf_r
 .text.__ssputs_r
                0x000000000000ec28       0xb6 C:/ncs/toolchains/31f4403e35/opt/zephyr-sdk/arm-zephyr-eabi/arm-zephyr-eabi/lib/thumb/v8-m.main/nofp\libc_nano.a(lib_a-nano-svfprintf.o)
                0x000000000000ec28                __ssputs_r
 .text._printf_common
                0x000000000000ecde       0xe4 C:/ncs/toolchains/31f4403e35/opt/zephyr-sdk/arm-zephyr-eabi/arm-zephyr-eabi/lib/thumb/v8-m.main/nofp\libc_nano.a(lib_a-nano-vfprintf_i.o)
                0x000000000000ecde                _printf_common
 .text.memchr   0x000000000000edc2       0x1c C:/ncs/toolchains/31f4403e35/opt/zephyr-sdk/arm-zephyr-eabi/arm-zephyr-eabi/lib/thumb/v8-m.main/nofp\libc_nano.a(lib_a-memchr-stub.o)
                0x000000000000edc2                memchr
 .text.memmove  0x000000000000edde       0x34 C:/ncs/toolchains/31f4403e35/opt/zephyr-sdk/arm-zephyr-eabi/arm-zephyr-eabi/lib/thumb/v8-m.main/nofp\libc_nano.a(lib_a-memmove.o)
                0x000000000000edde                memmove
 .text._realloc_r
                0x000000000000ee12       0x4a C:/ncs/toolchains/31f4403e35/opt/zephyr-sdk/arm-zephyr-eabi/arm-zephyr-eabi/lib/thumb/v8-m.main/nofp\libc_nano.a(lib_a-nano-reallocr.o)
                0x000000000000ee12                _realloc_r
 .text._malloc_usable_size_r
                0x000000000000ee5c       0x10 C:/ncs/toolchains/31f4403e35/opt/zephyr-sdk/arm-zephyr-eabi/arm-zephyr-eabi/lib/thumb/v8-m.main/nofp\libc_nano.a(lib_a-nano-msizer.o)
                0x000000000000ee5c                _malloc_usable_size_r
 *(SORT_BY_ALIGNMENT(.TEXT.*))
 *(SORT_BY_ALIGNMENT(.gnu.linkonce.t.*))
 *(SORT_BY_ALIGNMENT(.glue_7t))
 .glue_7t       0x000000000000ee6c        0x0 linker stubs
 *(SORT_BY_ALIGNMENT(.glue_7))
 .glue_7        0x000000000000ee6c        0x0 linker stubs
 *(SORT_BY_ALIGNMENT(.vfp11_veneer))
 .vfp11_veneer  0x000000000000ee6c        0x0 linker stubs
 *(SORT_BY_ALIGNMENT(.v4_bx))
 .v4_bx         0x000000000000ee6c        0x0 linker stubs
                0x000000000000ee6c                . = ALIGN (0x4)
                0x000000000000ee6c                __text_region_end = .

.ARM.exidx      0x000000000000ee6c        0x8
                0x000000000000ee6c                __exidx_start = .
 *(SORT_BY_ALIGNMENT(.ARM.exidx*) SORT_BY_ALIGNMENT(gnu.linkonce.armexidx.*))
 .ARM.exidx     0x000000000000ee6c        0x8 c:/ncs/toolchains/31f4403e35/opt/zephyr-sdk/arm-zephyr-eabi/bin/../lib/gcc/arm-zephyr-eabi/12.2.0/thumb/v8-m.main/nofp\libgcc.a(_udivmoddi4.o)
                0x000000000000ee74                __exidx_end = .
                0x000000000000ee74                __rodata_region_start = .

initlevel       0x000000000000ee74       0x58
                0x000000000000ee74                __init_start = .
                0x000000000000ee74                __init_EARLY_start = .
 *(SORT_BY_NAME(SORT_BY_ALIGNMENT(.z_init_EARLY[0-9]_*)))
 *(SORT_BY_NAME(SORT_BY_ALIGNMENT(.z_init_EARLY[1-9][0-9]_*)))
                0x000000000000ee74                __init_PRE_KERNEL_1_start = .
 *(SORT_BY_NAME(SORT_BY_ALIGNMENT(.z_init_PRE_KERNEL_1[0-9]_*)))
 .z_init_PRE_KERNEL_10_
                0x000000000000ee74        0x8 zephyr/libzephyr.a(soc.c.obj)
 *(SORT_BY_NAME(SORT_BY_ALIGNMENT(.z_init_PRE_KERNEL_1[1-9][0-9]_*)))
 .z_init_PRE_KERNEL_130_
                0x000000000000ee7c        0x8 zephyr/drivers/clock_control/libdrivers__clock_control.a(clock_control_nrf.c.obj)
 .z_init_PRE_KERNEL_130_
                0x000000000000ee84        0x8 zephyr/kernel/libkernel.a(kheap.c.obj)
 .z_init_PRE_KERNEL_140_
                0x000000000000ee8c        0x8 zephyr/drivers/gpio/libdrivers__gpio.a(gpio_nrfx.c.obj)
 .z_init_PRE_KERNEL_150_
                0x000000000000ee94        0x8 zephyr/drivers/entropy/libdrivers__entropy.a(entropy_psa_crypto.c.obj)
 .z_init_PRE_KERNEL_155_
                0x000000000000ee9c        0x8 zephyr/drivers/serial/libdrivers__serial.a(uart_nrfx_uarte.c.obj)
 .z_init_PRE_KERNEL_160_
                0x000000000000eea4        0x8 zephyr/drivers/console/libdrivers__console.a(uart_console.c.obj)
                0x000000000000eeac                __init_PRE_KERNEL_2_start = .
 *(SORT_BY_NAME(SORT_BY_ALIGNMENT(.z_init_PRE_KERNEL_2[0-9]_*)))
 .z_init_PRE_KERNEL_20_
                0x000000000000eeac        0x8 zephyr/drivers/timer/libdrivers__timer.a(nrf_rtc_timer.c.obj)
 *(SORT_BY_NAME(SORT_BY_ALIGNMENT(.z_init_PRE_KERNEL_2[1-9][0-9]_*)))
                0x000000000000eeb4                __init_POST_KERNEL_start = .
 *(SORT_BY_NAME(SORT_BY_ALIGNMENT(.z_init_POST_KERNEL[0-9]_*)))
 .z_init_POST_KERNEL0_
                0x000000000000eeb4        0x8 modules/nrf/lib/nrf_modem_lib/lib..__nrf__lib__nrf_modem_lib.a(nrf_modem_os.c.obj)
 *(SORT_BY_NAME(SORT_BY_ALIGNMENT(.z_init_POST_KERNEL[1-9][0-9]_*)))
 .z_init_POST_KERNEL40_
                0x000000000000eebc        0x8 zephyr/lib/libc/newlib/liblib__libc__newlib.a(libc-hooks.c.obj)
 .z_init_POST_KERNEL40_
                0x000000000000eec4        0x8 modules/trusted-firmware-m/libtfm_api.a(interface.c.obj)
                0x000000000000eecc                __init_APPLICATION_start = .
 *(SORT_BY_NAME(SORT_BY_ALIGNMENT(.z_init_APPLICATION[0-9]_*)))
 *(SORT_BY_NAME(SORT_BY_ALIGNMENT(.z_init_APPLICATION[1-9][0-9]_*)))
                0x000000000000eecc                __init_SMP_start = .
 *(SORT_BY_NAME(SORT_BY_ALIGNMENT(.z_init_SMP[0-9]_*)))
 *(SORT_BY_NAME(SORT_BY_ALIGNMENT(.z_init_SMP[1-9][0-9]_*)))
                0x000000000000eecc                __init_end = .

devices         0x000000000000eecc       0x60
                0x000000000000eecc                __device_start = .
                0x000000000000eecc                __device_EARLY_start = .
 *(SORT_BY_NAME(SORT_BY_ALIGNMENT(.z_device_EARLY[0-9]_*)))
 *(SORT_BY_NAME(SORT_BY_ALIGNMENT(.z_device_EARLY[1-9][0-9]_*)))
                0x000000000000eecc                __device_PRE_KERNEL_1_start = .
 *(SORT_BY_NAME(SORT_BY_ALIGNMENT(.z_device_PRE_KERNEL_1[0-9]_*)))
 *(SORT_BY_NAME(SORT_BY_ALIGNMENT(.z_device_PRE_KERNEL_1[1-9][0-9]_*)))
 .z_device_PRE_KERNEL_130_
                0x000000000000eecc       0x18 zephyr/drivers/clock_control/libdrivers__clock_control.a(clock_control_nrf.c.obj)
                0x000000000000eecc                __device_dts_ord_64
 .z_device_PRE_KERNEL_140_
                0x000000000000eee4       0x18 zephyr/drivers/gpio/libdrivers__gpio.a(gpio_nrfx.c.obj)
                0x000000000000eee4                __device_dts_ord_9
 .z_device_PRE_KERNEL_150_
                0x000000000000eefc       0x18 zephyr/drivers/entropy/libdrivers__entropy.a(entropy_psa_crypto.c.obj)
                0x000000000000eefc                __device_dts_ord_11
 .z_device_PRE_KERNEL_155_
                0x000000000000ef14       0x18 zephyr/drivers/serial/libdrivers__serial.a(uart_nrfx_uarte.c.obj)
                0x000000000000ef14                __device_dts_ord_93
                0x000000000000ef2c                __device_PRE_KERNEL_2_start = .
 *(SORT_BY_NAME(SORT_BY_ALIGNMENT(.z_device_PRE_KERNEL_2[0-9]_*)))
 *(SORT_BY_NAME(SORT_BY_ALIGNMENT(.z_device_PRE_KERNEL_2[1-9][0-9]_*)))
                0x000000000000ef2c                __device_POST_KERNEL_start = .
 *(SORT_BY_NAME(SORT_BY_ALIGNMENT(.z_device_POST_KERNEL[0-9]_*)))
 *(SORT_BY_NAME(SORT_BY_ALIGNMENT(.z_device_POST_KERNEL[1-9][0-9]_*)))
                0x000000000000ef2c                __device_APPLICATION_start = .
 *(SORT_BY_NAME(SORT_BY_ALIGNMENT(.z_device_APPLICATION[0-9]_*)))
 *(SORT_BY_NAME(SORT_BY_ALIGNMENT(.z_device_APPLICATION[1-9][0-9]_*)))
                0x000000000000ef2c                __device_SMP_start = .
 *(SORT_BY_NAME(SORT_BY_ALIGNMENT(.z_device_SMP[0-9]_*)))
 *(SORT_BY_NAME(SORT_BY_ALIGNMENT(.z_device_SMP[1-9][0-9]_*)))
                0x000000000000ef2c                __device_end = .

sw_isr_table    0x000000000000ef2c      0x208
                0x000000000000ef2c                . = ALIGN (0x4)
 *(SORT_BY_ALIGNMENT(.gnu.linkonce.sw_isr_table*))
 .gnu.linkonce.sw_isr_table
                0x000000000000ef2c      0x208 zephyr/arch/common/libisr_tables.a(isr_tables.c.obj)
                0x000000000000ef2c                _sw_isr_table

initlevel_error
                0x000000000000ee74        0x0
 *(SORT_BY_NAME(SORT_BY_ALIGNMENT(.z_init_[_A-Z0-9]*)))
                0x0000000000000001                ASSERT ((SIZEOF (initlevel_error) == 0x0), Undefined initialization levels used.)

app_shmem_regions
                0x000000000000f134        0x0
                0x000000000000f134                __app_shmem_regions_start = .
 *(SORT_BY_NAME(SORT_BY_ALIGNMENT(.app_regions.*)))
                0x000000000000f134                __app_shmem_regions_end = .

k_p4wq_initparam_area
                0x000000000000f134        0x0
                0x000000000000f134                _k_p4wq_initparam_list_start = .
 *(SORT_BY_NAME(SORT_BY_ALIGNMENT(._k_p4wq_initparam.static.*)))
                0x000000000000f134                _k_p4wq_initparam_list_end = .

_static_thread_data_area
                0x000000000000f134        0x0
                0x000000000000f134                __static_thread_data_list_start = .
 *(SORT_BY_NAME(SORT_BY_ALIGNMENT(.__static_thread_data.static.*)))
                0x000000000000f134                __static_thread_data_list_end = .

device_handles  0x000000000000f134       0x18
                0x000000000000f134                __device_handles_start = .
 *(SORT_BY_NAME(SORT_BY_ALIGNMENT(.__device_handles_pass2*)))
 .__device_handles_pass2
                0x000000000000f134       0x18 zephyr/CMakeFiles/zephyr_pre1.dir/dev_handles.c.obj
                0x000000000000f134                __devicehdl_dts_ord_93
                0x000000000000f13a                __devicehdl_dts_ord_11
                0x000000000000f140                __devicehdl_dts_ord_9
                0x000000000000f146                __devicehdl_dts_ord_64
                0x000000000000f14c                __device_handles_end = .

ztest           0x000000000000f14c        0x0
                0x000000000000f14c                _ztest_expected_result_entry_list_start = .
 *(SORT_BY_NAME(SORT_BY_ALIGNMENT(._ztest_expected_result_entry.static.*)))
                0x000000000000f14c                _ztest_expected_result_entry_list_end = .
                0x000000000000f14c                _ztest_suite_node_list_start = .
 *(SORT_BY_NAME(SORT_BY_ALIGNMENT(._ztest_suite_node.static.*)))
                0x000000000000f14c                _ztest_suite_node_list_end = .
                0x000000000000f14c                _ztest_unit_test_list_start = .
 *(SORT_BY_NAME(SORT_BY_ALIGNMENT(._ztest_unit_test.static.*)))
                0x000000000000f14c                _ztest_unit_test_list_end = .
                0x000000000000f14c                _ztest_test_rule_list_start = .
 *(SORT_BY_NAME(SORT_BY_ALIGNMENT(._ztest_test_rule.static.*)))
                0x000000000000f14c                _ztest_test_rule_list_end = .

bt_l2cap_fixed_chan_area
                0x000000000000f14c        0x0
                0x000000000000f14c                _bt_l2cap_fixed_chan_list_start = .
 *(SORT_BY_NAME(SORT_BY_ALIGNMENT(._bt_l2cap_fixed_chan.static.*)))
                0x000000000000f14c                _bt_l2cap_fixed_chan_list_end = .

bt_gatt_service_static_area
                0x000000000000f14c        0x0
                0x000000000000f14c                _bt_gatt_service_static_list_start = .
 *(SORT_BY_NAME(SORT_BY_ALIGNMENT(._bt_gatt_service_static.static.*)))
                0x000000000000f14c                _bt_gatt_service_static_list_end = .

log_strings_sections
                0x000000000000f14c        0x0
                0x000000000000f14c                __log_strings_start = .
 *(SORT_BY_NAME(SORT_BY_ALIGNMENT(.log_strings*)))
                0x000000000000f14c                __log_strings_end = .

log_const_sections
                0x000000000000f14c       0x68
                0x000000000000f14c                __log_const_start = .
 *(SORT_BY_NAME(SORT_BY_ALIGNMENT(.log_const_*)))
 .log_const_NRFX_CLOCK
                0x000000000000f14c        0x8 modules/hal_nordic/nrfx/libmodules__hal_nordic__nrfx.a(nrfx_clock.c.obj)
                0x000000000000f14c                log_const_NRFX_CLOCK
 .log_const_NRFX_DPPI
                0x000000000000f154        0x8 modules/hal_nordic/nrfx/libmodules__hal_nordic__nrfx.a(nrfx_dppi.c.obj)
                0x000000000000f154                log_const_NRFX_DPPI
 .log_const_NRFX_GPIOTE
                0x000000000000f15c        0x8 modules/hal_nordic/nrfx/libmodules__hal_nordic__nrfx.a(nrfx_gpiote.c.obj)
                0x000000000000f15c                log_const_NRFX_GPIOTE
 .log_const_cbprintf_package
                0x000000000000f164        0x8 zephyr/libzephyr.a(cbprintf_packaged.c.obj)
                0x000000000000f164                log_const_cbprintf_package
 .log_const_clock_control
                0x000000000000f16c        0x8 zephyr/drivers/clock_control/libdrivers__clock_control.a(clock_control_nrf.c.obj)
                0x000000000000f16c                log_const_clock_control
 .log_const_fatal_error
                0x000000000000f174        0x8 modules/nrf/lib/fatal_error/lib..__nrf__lib__fatal_error.a(fatal_error.c.obj)
                0x000000000000f174                log_const_fatal_error
 .log_const_modem_antenna
                0x000000000000f17c        0x8 modules/nrf/lib/modem_antenna/lib..__nrf__lib__modem_antenna.a(modem_antenna.c.obj)
                0x000000000000f17c                log_const_modem_antenna
 .log_const_mpu
                0x000000000000f184        0x8 zephyr/arch/arch/arm/core/aarch32/mpu/libarch__arm__core__aarch32__mpu.a(arm_core_mpu.c.obj)
                0x000000000000f184                log_const_mpu
 .log_const_nrf_modem
                0x000000000000f18c        0x8 modules/nrf/lib/nrf_modem_lib/lib..__nrf__lib__nrf_modem_lib.a(nrf_modem_os.c.obj)
                0x000000000000f18c                log_const_nrf_modem
 .log_const_os  0x000000000000f194        0x8 zephyr/kernel/libkernel.a(init.c.obj)
                0x000000000000f194                log_const_os
 .log_const_pm  0x000000000000f19c        0x8 zephyr/libzephyr.a(pm.c.obj)
                0x000000000000f19c                log_const_pm
 .log_const_soc
                0x000000000000f1a4        0x8 zephyr/libzephyr.a(soc.c.obj)
                0x000000000000f1a4                log_const_soc
 .log_const_uart_nrfx_uarte
                0x000000000000f1ac        0x8 zephyr/drivers/serial/libdrivers__serial.a(uart_nrfx_uarte.c.obj)
                0x000000000000f1ac                log_const_uart_nrfx_uarte
                0x000000000000f1b4                __log_const_end = .

log_backend_area
                0x000000000000f1b4        0x0
                0x000000000000f1b4                _log_backend_list_start = .
 *(SORT_BY_NAME(SORT_BY_ALIGNMENT(._log_backend.static.*)))
                0x000000000000f1b4                _log_backend_list_end = .

log_link_area   0x000000000000f1b4        0x0
                0x000000000000f1b4                _log_link_list_start = .
 *(SORT_BY_NAME(SORT_BY_ALIGNMENT(._log_link.static.*)))
                0x000000000000f1b4                _log_link_list_end = .

tracing_backend_area
                0x000000000000f1b4        0x0
                0x000000000000f1b4                _tracing_backend_list_start = .
 *(SORT_BY_NAME(SORT_BY_ALIGNMENT(._tracing_backend.static.*)))
                0x000000000000f1b4                _tracing_backend_list_end = .

zephyr_dbg_info
 *(SORT_BY_ALIGNMENT(.dbg_thread_info))

symbol_to_keep  0x000000000000f1b4        0x0
                0x000000000000f1b4                __symbol_to_keep_start = .
 *(SORT_BY_NAME(SORT_BY_ALIGNMENT(.symbol_to_keep*)))
                0x000000000000f1b4                __symbol_to_keep_end = .

shell_area      0x000000000000f1b4        0x0
                0x000000000000f1b4                _shell_list_start = .
 *(SORT_BY_NAME(SORT_BY_ALIGNMENT(._shell.static.*)))
                0x000000000000f1b4                _shell_list_end = .

shell_root_cmds_sections
                0x000000000000f1b4        0x0
                0x000000000000f1b4                __shell_root_cmds_start = .
 *(SORT_BY_NAME(SORT_BY_ALIGNMENT(.shell_root_cmd_*)))
                0x000000000000f1b4                __shell_root_cmds_end = .

shell_subcmds_sections
                0x000000000000f1b4        0x0
                0x000000000000f1b4                __shell_subcmds_start = .
 *(SORT_BY_NAME(SORT_BY_ALIGNMENT(.shell_subcmd_*)))
                0x000000000000f1b4                __shell_subcmds_end = .

shell_dynamic_subcmds_sections
                0x000000000000f1b4        0x0
                0x000000000000f1b4                __shell_dynamic_subcmds_start = .
 *(SORT_BY_NAME(SORT_BY_ALIGNMENT(.shell_dynamic_subcmd_*)))
                0x000000000000f1b4                __shell_dynamic_subcmds_end = .

font_entry_sections
                0x000000000000f1b4        0x0
                0x000000000000f1b4                __font_entry_start = .
 *(SORT_BY_NAME(SORT_BY_ALIGNMENT(._cfb_font.*)))
                0x000000000000f1b4                __font_entry_end = .

rodata          0x000000000000f1c0      0x60c
 *(SORT_BY_ALIGNMENT(.rodata))
 .rodata        0x000000000000f1c0        0x2 C:/ncs/v2.4.0/nrfxlib/nrf_modem/lib/cortex-m33/soft-float/libmodem.a(nrf_modem_at.c.obj)
 *(SORT_BY_ALIGNMENT(.rodata.*))
 *fill*         0x000000000000f1c2        0xe 
 .rodata.delay_machine_code.0
                0x000000000000f1d0        0x6 zephyr/libzephyr.a(soc.c.obj)
 *fill*         0x000000000000f1d6        0x2 
 .rodata.pmstates_DT_N_S_cpus_S_cpu_0
                0x000000000000f1d8        0x0 zephyr/libzephyr.a(state.c.obj)
 .rodata.static_regions
                0x000000000000f1d8        0xc zephyr/arch/arch/arm/core/aarch32/mpu/libarch__arm__core__aarch32__mpu.a(arm_core_mpu.c.obj)
 .rodata.mpu_config
                0x000000000000f1e4        0x8 zephyr/soc/arm/common/cortex_m/libsoc__arm__common__cortex_m.a(arm_mpu_regions.c.obj)
                0x000000000000f1e4                mpu_config
 .rodata.mpu_regions
                0x000000000000f1ec       0x20 zephyr/soc/arm/common/cortex_m/libsoc__arm__common__cortex_m.a(arm_mpu_regions.c.obj)
 .rodata.transitions.0
                0x000000000000f20c        0xc zephyr/drivers/clock_control/libdrivers__clock_control.a(clock_control_nrf.c.obj)
 .rodata.config
                0x000000000000f218       0x10 zephyr/drivers/clock_control/libdrivers__clock_control.a(clock_control_nrf.c.obj)
 .rodata.clock_control_api
                0x000000000000f228       0x1c zephyr/drivers/clock_control/libdrivers__clock_control.a(clock_control_nrf.c.obj)
 .rodata.entropy_psa_crypto_rng_api
                0x000000000000f244        0x8 zephyr/drivers/entropy/libdrivers__entropy.a(entropy_psa_crypto.c.obj)
 .rodata.gpio_nrfx_p0_cfg
                0x000000000000f24c       0x10 zephyr/drivers/gpio/libdrivers__gpio.a(gpio_nrfx.c.obj)
 .rodata.gpio_nrfx_drv_api_funcs
                0x000000000000f25c       0x24 zephyr/drivers/gpio/libdrivers__gpio.a(gpio_nrfx.c.obj)
 .rodata.uarte_0z_config
                0x000000000000f280       0x10 zephyr/drivers/serial/libdrivers__serial.a(uart_nrfx_uarte.c.obj)
 .rodata.__pinctrl_dev_config__device_dts_ord_93
                0x000000000000f290        0xc zephyr/drivers/serial/libdrivers__serial.a(uart_nrfx_uarte.c.obj)
 .rodata.__pinctrl_states__device_dts_ord_93
                0x000000000000f29c        0x8 zephyr/drivers/serial/libdrivers__serial.a(uart_nrfx_uarte.c.obj)
 .rodata.__pinctrl_state_pins_0__device_dts_ord_93
                0x000000000000f2a4       0x10 zephyr/drivers/serial/libdrivers__serial.a(uart_nrfx_uarte.c.obj)
 .rodata.uart_nrfx_uarte_driver_api
                0x000000000000f2b4       0x14 zephyr/drivers/serial/libdrivers__serial.a(uart_nrfx_uarte.c.obj)
 .rodata.CSWTCH.3
                0x000000000000f2c8       0x14 C:/ncs/v2.4.0/nrfxlib/nrf_modem/lib/cortex-m33/soft-float/libmodem.a(rpc_framework.c.obj)
 .rodata.at_response_str
                0x000000000000f2dc       0x10 C:/ncs/v2.4.0/nrfxlib/nrf_modem/lib/cortex-m33/soft-float/libmodem.a(nrf_modem_at.c.obj)
 .rodata.CSWTCH.9
                0x000000000000f2ec      0x1c4 C:/ncs/v2.4.0/nrfxlib/nrf_modem/lib/cortex-m33/soft-float/libmodem.a(tables.c.obj)
 .rodata._k_neg_eagain
                0x000000000000f4b0        0x4 zephyr/kernel/libkernel.a(errno.c.obj)
                0x000000000000f4b0                _k_neg_eagain
 .rodata.levels.0
                0x000000000000f4b4       0x18 zephyr/kernel/libkernel.a(init.c.obj)
 .rodata.__sf_fake_stderr
                0x000000000000f4cc       0x20 C:/ncs/toolchains/31f4403e35/opt/zephyr-sdk/arm-zephyr-eabi/arm-zephyr-eabi/lib/thumb/v8-m.main/nofp\libc_nano.a(lib_a-findfp.o)
                0x000000000000f4cc                __sf_fake_stderr
 .rodata.__sf_fake_stdout
                0x000000000000f4ec       0x20 C:/ncs/toolchains/31f4403e35/opt/zephyr-sdk/arm-zephyr-eabi/arm-zephyr-eabi/lib/thumb/v8-m.main/nofp\libc_nano.a(lib_a-findfp.o)
                0x000000000000f4ec                __sf_fake_stdout
 .rodata.__sf_fake_stdin
                0x000000000000f50c       0x20 C:/ncs/toolchains/31f4403e35/opt/zephyr-sdk/arm-zephyr-eabi/arm-zephyr-eabi/lib/thumb/v8-m.main/nofp\libc_nano.a(lib_a-findfp.o)
                0x000000000000f50c                __sf_fake_stdin
 .rodata.main.str1.1
                0x000000000000f52c        0xf app/libapp.a(main.c.obj)
 .rodata.str1.1
                0x000000000000f53b       0x11 zephyr/libzephyr.a(cbprintf_packaged.c.obj)
 .rodata.z_cbvprintf_impl.str1.1
                0x000000000000f54c        0x6 zephyr/libzephyr.a(cbprintf_complete.c.obj)
 .rodata.str1.1
                0x000000000000f552        0x4 zephyr/libzephyr.a(soc.c.obj)
 .rodata.str1.1
                0x000000000000f556        0x3 zephyr/libzephyr.a(pm.c.obj)
 .rodata.str1.1
                0x000000000000f559        0x4 zephyr/arch/arch/arm/core/aarch32/mpu/libarch__arm__core__aarch32__mpu.a(arm_core_mpu.c.obj)
 .rodata.str1.1